Component: ARM Compiler 5.06 update 1 (build 61) Tool: armlink [4d35a8]

==============================================================================

Section Cross References

    startup_stm32f103xe.o(RESET) refers to startup_stm32f103xe.o(STACK) for __initial_sp
    startup_stm32f103xe.o(RESET) refers to startup_stm32f103xe.o(.text) for Reset_Handler
    startup_stm32f103xe.o(RESET) refers to stm32f1xx_it.o(i.NMI_Handler) for NMI_Handler
    startup_stm32f103xe.o(RESET) refers to stm32f1xx_it.o(i.HardFault_Handler) for HardFault_Handler
    startup_stm32f103xe.o(RESET) refers to stm32f1xx_it.o(i.MemManage_Handler) for MemManage_Handler
    startup_stm32f103xe.o(RESET) refers to stm32f1xx_it.o(i.BusFault_Handler) for BusFault_Handler
    startup_stm32f103xe.o(RESET) refers to stm32f1xx_it.o(i.UsageFault_Handler) for UsageFault_Handler
    startup_stm32f103xe.o(RESET) refers to stm32f1xx_it.o(i.SVC_Handler) for SVC_Handler
    startup_stm32f103xe.o(RESET) refers to stm32f1xx_it.o(i.DebugMon_Handler) for DebugMon_Handler
    startup_stm32f103xe.o(RESET) refers to stm32f1xx_it.o(i.PendSV_Handler) for PendSV_Handler
    startup_stm32f103xe.o(RESET) refers to stm32f1xx_it.o(i.SysTick_Handler) for SysTick_Handler
    startup_stm32f103xe.o(RESET) refers to stm32f1xx_it.o(i.TIM3_IRQHandler) for TIM3_IRQHandler
    startup_stm32f103xe.o(RESET) refers to stm32f1xx_it.o(i.USART1_IRQHandler) for USART1_IRQHandler
    startup_stm32f103xe.o(RESET) refers to stm32f1xx_it.o(i.TIM6_IRQHandler) for TIM6_IRQHandler
    startup_stm32f103xe.o(.text) refers to system_stm32f1xx.o(i.SystemInit) for SystemInit
    startup_stm32f103xe.o(.text) refers to entry.o(.ARM.Collect$$$$00000000) for __main
    system_stm32f1xx.o(i.SystemCoreClockUpdate) refers to system_stm32f1xx.o(.data) for SystemCoreClock
    system_stm32f1xx.o(i.SystemCoreClockUpdate) refers to system_stm32f1xx.o(.constdata) for AHBPrescTable
    stm32f1xx_hal.o(i.HAL_DeInit) refers to stm32f1xx_hal.o(i.HAL_MspDeInit) for HAL_MspDeInit
    stm32f1xx_hal.o(i.HAL_Delay) refers to stm32f1xx_hal.o(i.HAL_GetTick) for HAL_GetTick
    stm32f1xx_hal.o(i.HAL_Delay) refers to stm32f1xx_hal.o(.data) for uwTickFreq
    stm32f1xx_hal.o(i.HAL_GetTick) refers to stm32f1xx_hal.o(.data) for uwTick
    stm32f1xx_hal.o(i.HAL_GetTickFreq) refers to stm32f1xx_hal.o(.data) for uwTickFreq
    stm32f1xx_hal.o(i.HAL_GetTickPrio) refers to stm32f1xx_hal.o(.data) for uwTickPrio
    stm32f1xx_hal.o(i.HAL_IncTick) refers to stm32f1xx_hal.o(.data) for uwTick
    stm32f1xx_hal.o(i.HAL_Init) refers to stm32f1xx_hal_cortex.o(i.HAL_NVIC_SetPriorityGrouping) for HAL_NVIC_SetPriorityGrouping
    stm32f1xx_hal.o(i.HAL_Init) refers to stm32f1xx_hal.o(i.HAL_InitTick) for HAL_InitTick
    stm32f1xx_hal.o(i.HAL_Init) refers to stm32f1xx_hal.o(i.HAL_MspInit) for HAL_MspInit
    stm32f1xx_hal.o(i.HAL_InitTick) refers to stm32f1xx_hal_cortex.o(i.HAL_SYSTICK_Config) for HAL_SYSTICK_Config
    stm32f1xx_hal.o(i.HAL_InitTick) refers to stm32f1xx_hal_cortex.o(i.HAL_NVIC_SetPriority) for HAL_NVIC_SetPriority
    stm32f1xx_hal.o(i.HAL_InitTick) refers to stm32f1xx_hal.o(.data) for uwTickFreq
    stm32f1xx_hal.o(i.HAL_InitTick) refers to system_stm32f1xx.o(.data) for SystemCoreClock
    stm32f1xx_hal.o(i.HAL_SetTickFreq) refers to stm32f1xx_hal.o(i.HAL_InitTick) for HAL_InitTick
    stm32f1xx_hal.o(i.HAL_SetTickFreq) refers to stm32f1xx_hal.o(.data) for uwTickFreq
    stm32f1xx_hal_adc.o(i.ADC_ConversionStop_Disable) refers to stm32f1xx_hal.o(i.HAL_GetTick) for HAL_GetTick
    stm32f1xx_hal_adc.o(i.ADC_DMAConvCplt) refers to bsp_adc.o(i.HAL_ADC_ConvCpltCallback) for HAL_ADC_ConvCpltCallback
    stm32f1xx_hal_adc.o(i.ADC_DMAError) refers to stm32f1xx_hal_adc.o(i.HAL_ADC_ErrorCallback) for HAL_ADC_ErrorCallback
    stm32f1xx_hal_adc.o(i.ADC_DMAHalfConvCplt) refers to stm32f1xx_hal_adc.o(i.HAL_ADC_ConvHalfCpltCallback) for HAL_ADC_ConvHalfCpltCallback
    stm32f1xx_hal_adc.o(i.ADC_Enable) refers to stm32f1xx_hal.o(i.HAL_GetTick) for HAL_GetTick
    stm32f1xx_hal_adc.o(i.ADC_Enable) refers to system_stm32f1xx.o(.data) for SystemCoreClock
    stm32f1xx_hal_adc.o(i.HAL_ADC_ConfigChannel) refers to system_stm32f1xx.o(.data) for SystemCoreClock
    stm32f1xx_hal_adc.o(i.HAL_ADC_DeInit) refers to stm32f1xx_hal_adc.o(i.ADC_ConversionStop_Disable) for ADC_ConversionStop_Disable
    stm32f1xx_hal_adc.o(i.HAL_ADC_DeInit) refers to stm32f1xx_hal_adc.o(i.HAL_ADC_MspDeInit) for HAL_ADC_MspDeInit
    stm32f1xx_hal_adc.o(i.HAL_ADC_IRQHandler) refers to bsp_adc.o(i.HAL_ADC_ConvCpltCallback) for HAL_ADC_ConvCpltCallback
    stm32f1xx_hal_adc.o(i.HAL_ADC_IRQHandler) refers to stm32f1xx_hal_adc_ex.o(i.HAL_ADCEx_InjectedConvCpltCallback) for HAL_ADCEx_InjectedConvCpltCallback
    stm32f1xx_hal_adc.o(i.HAL_ADC_IRQHandler) refers to stm32f1xx_hal_adc.o(i.HAL_ADC_LevelOutOfWindowCallback) for HAL_ADC_LevelOutOfWindowCallback
    stm32f1xx_hal_adc.o(i.HAL_ADC_Init) refers to stm32f1xx_hal_adc.o(i.HAL_ADC_MspInit) for HAL_ADC_MspInit
[...]
    Removing pid.o(.rrx_text), (6 bytes).
    Removing pid.o(i.get_pid_target), (12 bytes).
    Removing f2d.o(.text), (38 bytes).
    Removing d2f.o(.text), (56 bytes).
    Removing dadd.o(.text), (334 bytes).
    Removing dmul.o(.text), (228 bytes).
    Removing dscalb.o(.text), (46 bytes).
    Removing dflti.o(.text), (34 bytes).
    Removing dfixul.o(.text), (48 bytes).
    Removing cdcmple.o(.text), (48 bytes).
    Removing cdrcmple.o(.text), (48 bytes).

1190 unused section(s) (total 112268 bytes) removed from the image.

==============================================================================

Image Symbol Table

    Local Symbols

    Symbol Name                              Value     Ov Type        Size  Object(Section)

    ../clib/microlib/division.c              0x00000000   Number         0  uidiv.o ABSOLUTE
    ../clib/microlib/division.c              0x00000000   Number         0  uldiv.o ABSOLUTE
    ../clib/microlib/errno.c                 0x00000000   Number         0  errno.o ABSOLUTE
    ../clib/microlib/init/entry.s            0x00000000   Number         0  entry.o ABSOLUTE
    ../clib/microlib/init/entry.s            0x00000000   Number         0  entry11b.o ABSOLUTE
    ../clib/microlib/init/entry.s            0x00000000   Number         0  entry7b.o ABSOLUTE
    ../clib/microlib/init/entry.s            0x00000000   Number         0  entry11a.o ABSOLUTE
    ../clib/microlib/init/entry.s            0x00000000   Number         0  entry10b.o ABSOLUTE
    ../clib/microlib/init/entry.s            0x00000000   Number         0  entry8a.o ABSOLUTE
    ../clib/microlib/init/entry.s            0x00000000   Number         0  entry8b.o ABSOLUTE
    ../clib/microlib/init/entry.s            0x00000000   Number         0  entry9a.o ABSOLUTE
    ../clib/microlib/init/entry.s            0x00000000   Number         0  entry9b.o ABSOLUTE
    ../clib/microlib/init/entry.s            0x00000000   Number         0  entry10a.o ABSOLUTE
    ../clib/microlib/init/entry.s            0x00000000   Number         0  entry5.o ABSOLUTE
    ../clib/microlib/init/entry.s            0x00000000   Number         0  entry2.o ABSOLUTE
    ../clib/microlib/init/entry.s            0x00000000   Number         0  entry7a.o ABSOLUTE
    ../clib/microlib/longlong.c              0x00000000   Number         0  llsshr.o ABSOLUTE
    ../clib/microlib/longlong.c              0x00000000   Number         0  llshl.o ABSOLUTE
    ../clib/microlib/longlong.c              0x00000000   Number         0  llushr.o ABSOLUTE
    ../clib/microlib/printf/printf.c         0x00000000   Number         0  printf3.o ABSOLUTE
    ../clib/microlib/printf/printf.c         0x00000000   Number         0  printf0.o ABSOLUTE
    ../clib/microlib/printf/printf.c         0x00000000   Number         0  printf4.o ABSOLUTE
    ../clib/microlib/printf/printf.c         0x00000000   Number         0  printfa.o ABSOLUTE
    ../clib/microlib/printf/printf.c         0x00000000   Number         0  printf8.o ABSOLUTE
    ../clib/microlib/printf/printf.c         0x00000000   Number         0  printf7.o ABSOLUTE
    ../clib/microlib/printf/printf.c         0x00000000   Number         0  printfb.o ABSOLUTE
    ../clib/microlib/printf/printf.c         0x00000000   Number         0  printf6.o ABSOLUTE
    ../clib/microlib/printf/printf.c         0x00000000   Number         0  printf5.o ABSOLUTE
    ../clib/microlib/printf/printf.c         0x00000000   Number         0  printf1.o ABSOLUTE
    ../clib/microlib/printf/printf.c         0x00000000   Number         0  printf2.o ABSOLUTE
    ../clib/microlib/stdio/streams.c         0x00000000   Number         0  stdout.o ABSOLUTE
    ../clib/microlib/string/memcpy.c         0x00000000   Number         0  memcpyb.o ABSOLUTE
    ../clib/microlib/string/memcpy.c         0x00000000   Number         0  memcpya.o ABSOLUTE
    ../clib/microlib/string/memset.c         0x00000000   Number         0  memseta.o ABSOLUTE
    ../clib/microlib/stubs.s                 0x00000000   Number         0  iusefp.o ABSOLUTE
    ../fplib/microlib/d2f.c                  0x00000000   Number         0  d2f.o ABSOLUTE
    ../fplib/microlib/f2d.c                  0x00000000   Number         0  f2d.o ABSOLUTE
    ../fplib/microlib/fpadd.c                0x00000000   Number         0  dadd.o ABSOLUTE
    ../fplib/microlib/fpadd.c                0x00000000   Number         0  fadd.o ABSOLUTE
    ../fplib/microlib/fpdiv.c                0x00000000   Number         0  fdiv.o ABSOLUTE
    ../fplib/microlib/fpdiv.c                0x00000000   Number         0  ddiv.o ABSOLUTE
    ../fplib/microlib/fpepilogue.c           0x00000000   Number         0  depilogue.o ABSOLUTE
    ../fplib/microlib/fpepilogue.c           0x00000000   Number         0  fepilogue.o ABSOLUTE
    ../fplib/microlib/fpfix.c                0x00000000   Number         0  dfixul.o ABSOLUTE
    ../fplib/microlib/fpfix.c                0x00000000   Number         0  ffixi.o ABSOLUTE
    ../fplib/microlib/fpfix.c                0x00000000   Number         0  ffixui.o ABSOLUTE
    ../fplib/microlib/fpfix.c                0x00000000   Number         0  dfixui.o ABSOLUTE
    ../fplib/microlib/fpflt.c                0x00000000   Number         0  dfltui.o ABSOLUTE
    ../fplib/microlib/fpflt.c                0x00000000   Number         0  fflti.o ABSOLUTE
    ../fplib/microlib/fpflt.c                0x00000000   Number         0  ffltui.o ABSOLUTE
    ../fplib/microlib/fpflt.c                0x00000000   Number         0  dflti.o ABSOLUTE
    ../fplib/microlib/fpmul.c                0x00000000   Number         0  dmul.o ABSOLUTE
    ../fplib/microlib/fpmul.c                0x00000000   Number         0  fmul.o ABSOLUTE
    ../fplib/microlib/fpscalb.c              0x00000000   Number         0  dscalb.o ABSOLUTE
    ../mathlib/dunder.c                      0x00000000   Number         0  dunder.o ABSOLUTE
    ../mathlib/log.c                         0x00000000   Number         0  log_x.o ABSOLUTE
    ../mathlib/log.c                         0x00000000   Number         0  log.o ABSOLUTE
    ../mathlib/poly.c                        0x00000000   Number         0  poly.o ABSOLUTE
    ../mathlib/qnan.c                        0x00000000   Number         0  qnan.o ABSOLUTE
    ..\Libraries\CMSIS\Device\ST\STM32F1xx\Source\Templates\arm\startup_stm32f103xe.s 0x00000000   Number         0  startup_stm32f103xe.o ABSOLUTE
    ..\Libraries\CMSIS\Device\ST\STM32F1xx\Source\Templates\system_stm32f1xx.c 0x00000000   Number         0  system_stm32f1xx.o ABSOLUTE
    ..\Libraries\STM32F1xx_HAL_Driver\Src\stm32f1xx_hal.c 0x00000000   Number         0  stm32f1xx_hal.o ABSOLUTE
    ..\Libraries\STM32F1xx_HAL_Driver\Src\stm32f1xx_hal_adc.c 0x00000000   Number         0  stm32f1xx_hal_adc.o ABSOLUTE
    ..\Libraries\STM32F1xx_HAL_Driver\Src\stm32f1xx_hal_adc_ex.c 0x00000000   Number         0  stm32f1xx_hal_adc_ex.o ABSOLUTE
    ..\Libraries\STM32F1xx_HAL_Driver\Src\stm32f1xx_hal_can.c 0x00000000   Number         0  stm32f1xx_hal_can.o ABSOLUTE
    ..\Libraries\STM32F1xx_HAL_Driver\Src\stm32f1xx_hal_cec.c 0x00000000   Number         0  stm32f1xx_hal_cec.o ABSOLUTE
    ..\Libraries\STM32F1xx_HAL_Driver\Src\stm32f1xx_hal_cortex.c 0x00000000   Number         0  stm32f1xx_hal_cortex.o ABSOLUTE
    ..\Libraries\STM32F1xx_HAL_Driver\Src\stm32f1xx_hal_crc.c 0x00000000   Number         0  stm32f1xx_hal_crc.o ABSOLUTE
    ..\Libraries\STM32F1xx_HAL_Driver\Src\stm32f1xx_hal_dac.c 0x00000000   Number         0  stm32f1xx_hal_dac.o ABSOLUTE
    ..\Libraries\STM32F1xx_HAL_Driver\Src\stm32f1xx_hal_dac_ex.c 0x00000000   Number         0  stm32f1xx_hal_dac_ex.o ABSOLUTE
    ..\Libraries\STM32F1xx_HAL_Driver\Src\stm32f1xx_hal_dma.c 0x00000000   Number         0  stm32f1xx_hal_dma.o ABSOLUTE
    ..\Libraries\STM32F1xx_HAL_Driver\Src\stm32f1xx_hal_eth.c 0x00000000   Number         0  stm32f1xx_hal_eth.o ABSOLUTE
    ..\Libraries\STM32F1xx_HAL_Driver\Src\stm32f1xx_hal_flash.c 0x00000000   Number         0  stm32f1xx_hal_flash.o ABSOLUTE
    ..\Libraries\STM32F1xx_HAL_Driver\Src\stm32f1xx_hal_flash_ex.c 0x00000000   Number         0  stm32f1xx_hal_flash_ex.o ABSOLUTE
    ..\Libraries\STM32F1xx_HAL_Driver\Src\stm32f1xx_hal_gpio.c 0x00000000   Number         0  stm32f1xx_hal_gpio.o ABSOLUTE
    ..\Libraries\STM32F1xx_HAL_Driver\Src\stm32f1xx_hal_gpio_ex.c 0x00000000   Number         0  stm32f1xx_hal_gpio_ex.o ABSOLUTE
    ..\Libraries\STM32F1xx_HAL_Driver\Src\stm32f1xx_hal_hcd.c 0x00000000   Number         0  stm32f1xx_hal_hcd.o ABSOLUTE
    ..\Libraries\STM32F1xx_HAL_Driver\Src\stm32f1xx_hal_i2c.c 0x00000000   Number         0  stm32f1xx_hal_i2c.o ABSOLUTE
    ..\Libraries\STM32F1xx_HAL_Driver\Src\stm32f1xx_hal_i2s.c 0x00000000   Number         0  stm32f1xx_hal_i2s.o ABSOLUTE
    ..\Libraries\STM32F1xx_HAL_Driver\Src\stm32f1xx_hal_irda.c 0x00000000   Number         0  stm32f1xx_hal_irda.o ABSOLUTE
    ..\Libraries\STM32F1xx_HAL_Driver\Src\stm32f1xx_hal_iwdg.c 0x00000000   Number         0  stm32f1xx_hal_iwdg.o ABSOLUTE
    ..\Libraries\STM32F1xx_HAL_Driver\Src\stm32f1xx_hal_mmc.c 0x00000000   Number         0  stm32f1xx_hal_mmc.o ABSOLUTE
    ..\Libraries\STM32F1xx_HAL_Driver\Src\stm32f1xx_hal_nand.c 0x00000000   Number         0  stm32f1xx_hal_nand.o ABSOLUTE
    ..\Libraries\STM32F1xx_HAL_Driver\Src\stm32f1xx_hal_nor.c 0x00000000   Number         0  stm32f1xx_hal_nor.o ABSOLUTE
    ..\Libraries\STM32F1xx_HAL_Driver\Src\stm32f1xx_hal_pccard.c 0x00000000   Number         0  stm32f1xx_hal_pccard.o ABSOLUTE
    ..\Libraries\STM32F1xx_HAL_Driver\Src\stm32f1xx_hal_pcd.c 0x00000000   Number         0  stm32f1xx_hal_pcd.o ABSOLUTE
    ..\Libraries\STM32F1xx_HAL_Driver\Src\stm32f1xx_hal_pcd_ex.c 0x00000000   Number         0  stm32f1xx_hal_pcd_ex.o ABSOLUTE
    ..\Libraries\STM32F1xx_HAL_Driver\Src\stm32f1xx_hal_pwr.c 0x00000000   Number         0  stm32f1xx_hal_pwr.o ABSOLUTE
    ..\Libraries\STM32F1xx_HAL_Driver\Src\stm32f1xx_hal_rcc.c 0x00000000   Number         0  stm32f1xx_hal_rcc.o ABSOLUTE
    ..\Libraries\STM32F1xx_HAL_Driver\Src\stm32f1xx_hal_rcc_ex.c 0x00000000   Number         0  stm32f1xx_hal_rcc_ex.o ABSOLUTE
    ..\Libraries\STM32F1xx_HAL_Driver\Src\stm32f1xx_hal_rtc.c 0x00000000   Number         0  stm32f1xx_hal_rtc.o ABSOLUTE
    ..\Libraries\STM32F1xx_HAL_Driver\Src\stm32f1xx_hal_rtc_ex.c 0x00000000   Number         0  stm32f1xx_hal_rtc_ex.o ABSOLUTE
    ..\Libraries\STM32F1xx_HAL_Driver\Src\stm32f1xx_hal_sd.c 0x00000000   Number         0  stm32f1xx_hal_sd.o ABSOLUTE
    ..\Libraries\STM32F1xx_HAL_Driver\Src\stm32f1xx_hal_smartcard.c 0x00000000   Number         0  stm32f1xx_hal_smartcard.o ABSOLUTE
    ..\Libraries\STM32F1xx_HAL_Driver\Src\stm32f1xx_hal_spi.c 0x00000000   Number         0  stm32f1xx_hal_spi.o ABSOLUTE
    ..\Libraries\STM32F1xx_HAL_Driver\Src\stm32f1xx_hal_sram.c 0x00000000   Number         0  stm32f1xx_hal_sram.o ABSOLUTE
    ..\Libraries\STM32F1xx_HAL_Driver\Src\stm32f1xx_hal_tim.c 0x00000000   Number         0  stm32f1xx_hal_tim.o ABSOLUTE
    ..\Libraries\STM32F1xx_HAL_Driver\Src\stm32f1xx_hal_tim_ex.c 0x00000000   Number         0  stm32f1xx_hal_tim_ex.o ABSOLUTE
    ..\Libraries\STM32F1xx_HAL_Driver\Src\stm32f1xx_hal_uart.c 0x00000000   Number         0  stm32f1xx_hal_uart.o ABSOLUTE
    ..\Libraries\STM32F1xx_HAL_Driver\Src\stm32f1xx_hal_usart.c 0x00000000   Number         0  stm32f1xx_hal_usart.o ABSOLUTE
    ..\Libraries\STM32F1xx_HAL_Driver\Src\stm32f1xx_hal_wwdg.c 0x00000000   Number         0  stm32f1xx_hal_wwdg.o ABSOLUTE
    ..\Libraries\STM32F1xx_HAL_Driver\Src\stm32f1xx_ll_fsmc.c 0x00000000   Number         0  stm32f1xx_ll_fsmc.o ABSOLUTE
    ..\Libraries\STM32F1xx_HAL_Driver\Src\stm32f1xx_ll_sdmmc.c 0x00000000   Number         0  stm32f1xx_ll_sdmmc.o ABSOLUTE
    ..\Libraries\STM32F1xx_HAL_Driver\Src\stm32f1xx_ll_usb.c 0x00000000   Number         0  stm32f1xx_ll_usb.o ABSOLUTE
    ..\User\adc\bsp_adc.c                    0x00000000   Number         0  bsp_adc.o ABSOLUTE
    ..\User\key\bsp_key.c                    0x00000000   Number         0  bsp_key.o ABSOLUTE
    ..\User\led\bsp_led.c                    0x00000000   Number         0  bsp_led.o ABSOLUTE
    ..\User\main.c                           0x00000000   Number         0  main.o ABSOLUTE
    ..\User\motor_control\bsp_motor_control.c 0x00000000   Number         0  bsp_motor_control.o ABSOLUTE
    ..\User\pid\pid.c                        0x00000000   Number         0  pid.o ABSOLUTE
    ..\User\protocol\protocol.c              0x00000000   Number         0  protocol.o ABSOLUTE
    ..\User\stm32f1xx_it.c                   0x00000000   Number         0  stm32f1xx_it.o ABSOLUTE
    ..\User\tim\bsp_basic._tim.c             0x00000000   Number         0  bsp_basic._tim.o ABSOLUTE
    ..\User\tim\bsp_motor_tim.c              0x00000000   Number         0  bsp_motor_tim.o ABSOLUTE
    ..\User\usart\bsp_debug_usart.c          0x00000000   Number         0  bsp_debug_usart.o ABSOLUTE
    ..\\Libraries\\CMSIS\\Device\\ST\\STM32F1xx\\Source\\Templates\\system_stm32f1xx.c 0x00000000   Number         0  system_stm32f1xx.o ABSOLUTE
    ..\\Libraries\\STM32F1xx_HAL_Driver\\Src\\stm32f1xx_hal.c 0x00000000   Number         0  stm32f1xx_hal.o ABSOLUTE
    ..\\Libraries\\STM32F1xx_HAL_Driver\\Src\\stm32f1xx_hal_adc.c 0x00000000   Number         0  stm32f1xx_hal_adc.o ABSOLUTE
    ..\\Libraries\\STM32F1xx_HAL_Driver\\Src\\stm32f1xx_hal_adc_ex.c 0x00000000   Number         0  stm32f1xx_hal_adc_ex.o ABSOLUTE
    ..\\Libraries\\STM32F1xx_HAL_Driver\\Src\\stm32f1xx_hal_can.c 0x00000000   Number         0  stm32f1xx_hal_can.o ABSOLUTE
    ..\\Libraries\\STM32F1xx_HAL_Driver\\Src\\stm32f1xx_hal_cec.c 0x00000000   Number         0  stm32f1xx_hal_cec.o ABSOLUTE
    ..\\Libraries\\STM32F1xx_HAL_Driver\\Src\\stm32f1xx_hal_cortex.c 0x00000000   Number         0  stm32f1xx_hal_cortex.o ABSOLUTE
    ..\\Libraries\\STM32F1xx_HAL_Driver\\Src\\stm32f1xx_hal_crc.c 0x00000000   Number         0  stm32f1xx_hal_crc.o ABSOLUTE
    ..\\Libraries\\STM32F1xx_HAL_Driver\\Src\\stm32f1xx_hal_dac.c 0x00000000   Number         0  stm32f1xx_hal_dac.o ABSOLUTE
    ..\\Libraries\\STM32F1xx_HAL_Driver\\Src\\stm32f1xx_hal_dac_ex.c 0x00000000   Number         0  stm32f1xx_hal_dac_ex.o ABSOLUTE
    ..\\Libraries\\STM32F1xx_HAL_Driver\\Src\\stm32f1xx_hal_dma.c 0x00000000   Number         0  stm32f1xx_hal_dma.o ABSOLUTE
    ..\\Libraries\\STM32F1xx_HAL_Driver\\Src\\stm32f1xx_hal_eth.c 0x00000000   Number         0  stm32f1xx_hal_eth.o ABSOLUTE
    ..\\Libraries\\STM32F1xx_HAL_Driver\\Src\\stm32f1xx_hal_flash.c 0x00000000   Number         0  stm32f1xx_hal_flash.o ABSOLUTE
    ..\\Libraries\\STM32F1xx_HAL_Driver\\Src\\stm32f1xx_hal_flash_ex.c 0x00000000   Number         0  stm32f1xx_hal_flash_ex.o ABSOLUTE
    ..\\Libraries\\STM32F1xx_HAL_Driver\\Src\\stm32f1xx_hal_gpio.c 0x00000000   Number         0  stm32f1xx_hal_gpio.o ABSOLUTE
    ..\\Libraries\\STM32F1xx_HAL_Driver\\Src\\stm32f1xx_hal_gpio_ex.c 0x00000000   Number         0  stm32f1xx_hal_gpio_ex.o ABSOLUTE
    ..\\Libraries\\STM32F1xx_HAL_Driver\\Src\\stm32f1xx_hal_hcd.c 0x00000000   Number         0  stm32f1xx_hal_hcd.o ABSOLUTE
    ..\\Libraries\\STM32F1xx_HAL_Driver\\Src\\stm32f1xx_hal_i2c.c 0x00000000   Number         0  stm32f1xx_hal_i2c.o ABSOLUTE
    ..\\Libraries\\STM32F1xx_HAL_Driver\\Src\\stm32f1xx_hal_i2s.c 0x00000000   Number         0  stm32f1xx_hal_i2s.o ABSOLUTE
    ..\\Libraries\\STM32F1xx_HAL_Driver\\Src\\stm32f1xx_hal_irda.c 0x00000000   Number         0  stm32f1xx_hal_irda.o ABSOLUTE
    ..\\Libraries\\STM32F1xx_HAL_Driver\\Src\\stm32f1xx_hal_iwdg.c 0x00000000   Number         0  stm32f1xx_hal_iwdg.o ABSOLUTE
    ..\\Libraries\\STM32F1xx_HAL_Driver\\Src\\stm32f1xx_hal_mmc.c 0x00000000   Number         0  stm32f1xx_hal_mmc.o ABSOLUTE
    ..\\Libraries\\STM32F1xx_HAL_Driver\\Src\\stm32f1xx_hal_nand.c 0x00000000   Number         0  stm32f1xx_hal_nand.o ABSOLUTE
    ..\\Libraries\\STM32F1xx_HAL_Driver\\Src\\stm32f1xx_hal_nor.c 0x00000000   Number         0  stm32f1xx_hal_nor.o ABSOLUTE
    ..\\Libraries\\STM32F1xx_HAL_Driver\\Src\\stm32f1xx_hal_pccard.c 0x00000000   Number         0  stm32f1xx_hal_pccard.o ABSOLUTE
    ..\\Libraries\\STM32F1xx_HAL_Driver\\Src\\stm32f1xx_hal_pcd.c 0x00000000   Number         0  stm32f1xx_hal_pcd.o ABSOLUTE
    ..\\Libraries\\STM32F1xx_HAL_Driver\\Src\\stm32f1xx_hal_pcd_ex.c 0x00000000   Number         0  stm32f1xx_hal_pcd_ex.o ABSOLUTE
    ..\\Libraries\\STM32F1xx_HAL_Driver\\Src\\stm32f1xx_hal_pwr.c 0x00000000   Number         0  stm32f1xx_hal_pwr.o ABSOLUTE
    ..\\Libraries\\STM32F1xx_HAL_Driver\\Src\\stm32f1xx_hal_rcc.c 0x00000000   Number         0  stm32f1xx_hal_rcc.o ABSOLUTE
    ..\\Libraries\\STM32F1xx_HAL_Driver\\Src\\stm32f1xx_hal_rcc_ex.c 0x00000000   Number         0  stm32f1xx_hal_rcc_ex.o ABSOLUTE
    ..\\Libraries\\STM32F1xx_HAL_Driver\\Src\\stm32f1xx_hal_rtc.c 0x00000000   Number         0  stm32f1xx_hal_rtc.o ABSOLUTE
    ..\\Libraries\\STM32F1xx_HAL_Driver\\Src\\stm32f1xx_hal_rtc_ex.c 0x00000000   Number         0  stm32f1xx_hal_rtc_ex.o ABSOLUTE
    ..\\Libraries\\STM32F1xx_HAL_Driver\\Src\\stm32f1xx_hal_sd.c 0x00000000   Number         0  stm32f1xx_hal_sd.o ABSOLUTE
    ..\\Libraries\\STM32F1xx_HAL_Driver\\Src\\stm32f1xx_hal_smartcard.c 0x00000000   Number         0  stm32f1xx_hal_smartcard.o ABSOLUTE
    ..\\Libraries\\STM32F1xx_HAL_Driver\\Src\\stm32f1xx_hal_spi.c 0x00000000   Number         0  stm32f1xx_hal_spi.o ABSOLUTE
    ..\\Libraries\\STM32F1xx_HAL_Driver\\Src\\stm32f1xx_hal_sram.c 0x00000000   Number         0  stm32f1xx_hal_sram.o ABSOLUTE
    ..\\Libraries\\STM32F1xx_HAL_Driver\\Src\\stm32f1xx_hal_tim.c 0x00000000   Number         0  stm32f1xx_hal_tim.o ABSOLUTE
    ..\\Libraries\\STM32F1xx_HAL_Driver\\Src\\stm32f1xx_hal_tim_ex.c 0x00000000   Number         0  stm32f1xx_hal_tim_ex.o ABSOLUTE
    ..\\Libraries\\STM32F1xx_HAL_Driver\\Src\\stm32f1xx_hal_uart.c 0x00000000   Number         0  stm32f1xx_hal_uart.o ABSOLUTE
    ..\\Libraries\\STM32F1xx_HAL_Driver\\Src\\stm32f1xx_hal_usart.c 0x00000000   Number         0  stm32f1xx_hal_usart.o ABSOLUTE
    ..\\Libraries\\STM32F1xx_HAL_Driver\\Src\\stm32f1xx_hal_wwdg.c 0x00000000   Number         0  stm32f1xx_hal_wwdg.o ABSOLUTE
    ..\\Libraries\\STM32F1xx_HAL_Driver\\Src\\stm32f1xx_ll_fsmc.c 0x00000000   Number         0  stm32f1xx_ll_fsmc.o ABSOLUTE
    ..\\Libraries\\STM32F1xx_HAL_Driver\\Src\\stm32f1xx_ll_sdmmc.c 0x00000000   Number         0  stm32f1xx_ll_sdmmc.o ABSOLUTE
    ..\\Libraries\\STM32F1xx_HAL_Driver\\Src\\stm32f1xx_ll_usb.c 0x00000000   Number         0  stm32f1xx_ll_usb.o ABSOLUTE
    ..\\User\\adc\\bsp_adc.c                 0x00000000   Number         0  bsp_adc.o ABSOLUTE
    ..\\User\\key\\bsp_key.c                 0x00000000   Number         0  bsp_key.o ABSOLUTE
    ..\\User\\led\\bsp_led.c                 0x00000000   Number         0  bsp_led.o ABSOLUTE
    ..\\User\\main.c                         0x00000000   Number         0  main.o ABSOLUTE
    ..\\User\\motor_control\\bsp_motor_control.c 0x00000000   Number         0  bsp_motor_control.o ABSOLUTE
    ..\\User\\pid\\pid.c                     0x00000000   Number         0  pid.o ABSOLUTE
    ..\\User\\protocol\\protocol.c           0x00000000   Number         0  protocol.o ABSOLUTE
    ..\\User\\stm32f1xx_it.c                 0x00000000   Number         0  stm32f1xx_it.o ABSOLUTE
    ..\\User\\tim\\bsp_basic._tim.c          0x00000000   Number         0  bsp_basic._tim.o ABSOLUTE
    ..\\User\\tim\\bsp_motor_tim.c           0x00000000   Number         0  bsp_motor_tim.o ABSOLUTE
    ..\\User\\usart\\bsp_debug_usart.c       0x00000000   Number         0  bsp_debug_usart.o ABSOLUTE
    cdcmple.s                                0x00000000   Number         0  cdcmple.o ABSOLUTE
    cdrcmple.s                               0x00000000   Number         0  cdrcmple.o ABSOLUTE
    cfcmple.s                                0x00000000   Number         0  cfcmple.o ABSOLUTE
    cfrcmple.s                               0x00000000   Number         0  cfrcmple.o ABSOLUTE
    dc.s                                     0x00000000   Number         0  dc.o ABSOLUTE
    handlers.s                               0x00000000   Number         0  handlers.o ABSOLUTE
    init.s                                   0x00000000   Number         0  init.o ABSOLUTE
    RESET                                    0x08000000   Section      304  startup_stm32f103xe.o(RESET)
    .ARM.Collect$$$$00000000                 0x08000130   Section        0  entry.o(.ARM.Collect$$$$00000000)
    .ARM.Collect$$$$00000001                 0x08000130   Section        4  entry2.o(.ARM.Collect$$$$00000001)
    .ARM.Collect$$$$00000004                 0x08000134   Section        4  entry5.o(.ARM.Collect$$$$00000004)
    .ARM.Collect$$$$00000008                 0x08000138   Section        0  entry7b.o(.ARM.Collect$$$$00000008)
    .ARM.Collect$$$$0000000A                 0x08000138   Section        0  entry8b.o(.ARM.Collect$$$$0000000A)
    .ARM.Collect$$$$0000000B                 0x08000138   Section        8  entry9a.o(.ARM.Collect$$$$0000000B)
    .ARM.Collect$$$$0000000D                 0x08000140   Section        0  entry10a.o(.ARM.Collect$$$$0000000D)
    .ARM.Collect$$$$0000000F                 0x08000140   Section        0  entry11a.o(.ARM.Collect$$$$0000000F)
    .ARM.Collect$$$$00002712                 0x08000140   Section        4  entry2.o(.ARM.Collect$$$$00002712)
    __lit__00000000                          0x08000140   Data           4  entry2.o(.ARM.Collect$$$$00002712)
    .text                                    0x08000144   Section       36  startup_stm32f103xe.o(.text)
    .text                                    0x08000168   Section        0  llushr.o(.text)
    .text                                    0x08000188   Section        0  memcpya.o(.text)
    .text                                    0x080001ac   Section        0  memseta.o(.text)
    .text                                    0x080001d0   Section        0  fadd.o(.text)
    .text                                    0x08000280   Section        0  fmul.o(.text)
    .text                                    0x080002e4   Section        0  fdiv.o(.text)
    .text                                    0x08000360   Section        0  ddiv.o(.text)
    .text                                    0x0800043e   Section        0  fflti.o(.text)
    .text                                    0x08000450   Section        0  ffltui.o(.text)
    .text                                    0x0800045a   Section        0  dfltui.o(.text)
    .text                                    0x08000474   Section        0  ffixi.o(.text)
    .text                                    0x080004a6   Section        0  ffixui.o(.text)
    .text                                    0x080004ce   Section        0  dfixui.o(.text)
    .text                                    0x08000500   Section       20  cfcmple.o(.text)
    .text                                    0x08000514   Section       20  cfrcmple.o(.text)
    .text                                    0x08000528   Section        0  iusefp.o(.text)
    .text                                    0x08000528   Section        0  fepilogue.o(.text)
    .text                                    0x08000596   Section        0  depilogue.o(.text)
    .text                                    0x08000650   Section       36  init.o(.text)
    .text                                    0x08000674   Section        0  llshl.o(.text)
    i.BusFault_Handler                       0x08000692   Section        0  stm32f1xx_it.o(i.BusFault_Handler)
    i.DEBUG_USART_Config                     0x08000698   Section        0  bsp_debug_usart.o(i.DEBUG_USART_Config)
    i.DebugMon_Handler                       0x080006d4   Section        0  stm32f1xx_it.o(i.DebugMon_Handler)
    i.HAL_DMA_Abort_IT                       0x080006d8   Section        0  stm32f1xx_hal_dma.o(i.HAL_DMA_Abort_IT)
    i.HAL_Delay                              0x08000880   Section        0  stm32f1xx_hal.o(i.HAL_Delay)
    i.HAL_GPIO_Init                          0x080008a8   Section        0  stm32f1xx_hal_gpio.o(i.HAL_GPIO_Init)
    i.HAL_GPIO_ReadPin                       0x08000be8   Section        0  stm32f1xx_hal_gpio.o(i.HAL_GPIO_ReadPin)
    i.HAL_GPIO_WritePin                      0x08000bf8   Section        0  stm32f1xx_hal_gpio.o(i.HAL_GPIO_WritePin)
    i.HAL_GetTick                            0x08000c04   Section        0  stm32f1xx_hal.o(i.HAL_GetTick)
    i.HAL_IncTick                            0x08000c10   Section        0  stm32f1xx_hal.o(i.HAL_IncTick)
    i.HAL_InitTick                           0x08000c28   Section        0  stm32f1xx_hal.o(i.HAL_InitTick)
    i.HAL_NVIC_EnableIRQ                     0x08000c74   Section        0  stm32f1xx_hal_cortex.o(i.HAL_NVIC_EnableIRQ)
    i.HAL_NVIC_SetPriority                   0x08000c94   Section        0  stm32f1xx_hal_cortex.o(i.HAL_NVIC_SetPriority)
    i.HAL_NVIC_SystemReset                   0x08000d10   Section        0  stm32f1xx_hal_cortex.o(i.HAL_NVIC_SystemReset)
    i.HAL_RCC_ClockConfig                    0x08000d54   Section        0  stm32f1xx_hal_rcc.o(i.HAL_RCC_ClockConfig)
    i.HAL_RCC_GetHCLKFreq                    0x08000ee0   Section        0  stm32f1xx_hal_rcc.o(i.HAL_RCC_GetHCLKFreq)
    i.HAL_RCC_GetPCLK1Freq                   0x08000eec   Section        0  stm32f1xx_hal_rcc.o(i.HAL_RCC_GetPCLK1Freq)
    i.HAL_RCC_GetPCLK2Freq                   0x08000f0c   Section        0  stm32f1xx_hal_rcc.o(i.HAL_RCC_GetPCLK2Freq)
    i.HAL_RCC_GetSysClockFreq                0x08000f2c   Section        0  stm32f1xx_hal_rcc.o(i.HAL_RCC_GetSysClockFreq)
    i.HAL_RCC_OscConfig                      0x08000fc0   Section        0  stm32f1xx_hal_rcc.o(i.HAL_RCC_OscConfig)
    i.HAL_SYSTICK_Config                     0x08001424   Section        0  stm32f1xx_hal_cortex.o(i.HAL_SYSTICK_Config)
    i.HAL_TIMEx_BreakCallback                0x08001458   Section        0  stm32f1xx_hal_tim_ex.o(i.HAL_TIMEx_BreakCallback)
    i.HAL_TIMEx_CommutCallback               0x0800145a   Section        0  stm32f1xx_hal_tim_ex.o(i.HAL_TIMEx_CommutCallback)
    i.HAL_TIMEx_ConfigCommutEvent            0x0800145c   Section        0  stm32f1xx_hal_tim_ex.o(i.HAL_TIMEx_ConfigCommutEvent)
    i.HAL_TIMEx_HallSensor_Init              0x080014e2   Section        0  stm32f1xx_hal_tim_ex.o(i.HAL_TIMEx_HallSensor_Init)
    i.HAL_TIMEx_HallSensor_MspInit           0x080015b2   Section        0  stm32f1xx_hal_tim_ex.o(i.HAL_TIMEx_HallSensor_MspInit)
    i.HAL_TIMEx_HallSensor_Start             0x080015b4   Section        0  stm32f1xx_hal_tim_ex.o(i.HAL_TIMEx_HallSensor_Start)
    i.HAL_TIMEx_HallSensor_Stop              0x080015de   Section        0  stm32f1xx_hal_tim_ex.o(i.HAL_TIMEx_HallSensor_Stop)
    i.HAL_TIM_Base_Init                      0x08001616   Section        0  stm32f1xx_hal_tim.o(i.HAL_TIM_Base_Init)
    i.HAL_TIM_Base_MspInit                   0x0800164a   Section        0  stm32f1xx_hal_tim.o(i.HAL_TIM_Base_MspInit)
    i.HAL_TIM_Base_Start_IT                  0x0800164c   Section        0  stm32f1xx_hal_tim.o(i.HAL_TIM_Base_Start_IT)
    i.HAL_TIM_GenerateEvent                  0x08001676   Section        0  stm32f1xx_hal_tim.o(i.HAL_TIM_GenerateEvent)
    i.HAL_TIM_IC_CaptureCallback             0x080016ac   Section        0  stm32f1xx_hal_tim.o(i.HAL_TIM_IC_CaptureCallback)
    i.HAL_TIM_IRQHandler                     0x080016ae   Section        0  stm32f1xx_hal_tim.o(i.HAL_TIM_IRQHandler)
    i.HAL_TIM_OC_DelayElapsedCallback        0x08001844   Section        0  stm32f1xx_hal_tim.o(i.HAL_TIM_OC_DelayElapsedCallback)
    i.HAL_TIM_PWM_ConfigChannel              0x08001846   Section        0  stm32f1xx_hal_tim.o(i.HAL_TIM_PWM_ConfigChannel)
    i.HAL_TIM_PWM_Init                       0x0800194e   Section        0  stm32f1xx_hal_tim.o(i.HAL_TIM_PWM_Init)
    i.HAL_TIM_PWM_MspInit                    0x08001982   Section        0  stm32f1xx_hal_tim.o(i.HAL_TIM_PWM_MspInit)
    i.HAL_TIM_PWM_PulseFinishedCallback      0x08001984   Section        0  stm32f1xx_hal_tim.o(i.HAL_TIM_PWM_PulseFinishedCallback)
    i.HAL_TIM_PWM_Start                      0x08001988   Section        0  stm32f1xx_hal_tim.o(i.HAL_TIM_PWM_Start)
    i.HAL_TIM_PeriodElapsedCallback          0x080019e0   Section        0  bsp_motor_tim.o(i.HAL_TIM_PeriodElapsedCallback)
    i.HAL_TIM_TriggerCallback                0x08001a4c   Section        0  bsp_motor_tim.o(i.HAL_TIM_TriggerCallback)
    i.HAL_UART_ErrorCallback                 0x08001da4   Section        0  stm32f1xx_hal_uart.o(i.HAL_UART_ErrorCallback)
    i.HAL_UART_IRQHandler                    0x08001da8   Section        0  stm32f1xx_hal_uart.o(i.HAL_UART_IRQHandler)
    i.HAL_UART_Init                          0x08001ef4   Section        0  stm32f1xx_hal_uart.o(i.HAL_UART_Init)
    i.HAL_UART_MspInit                       0x08001f68   Section        0  bsp_debug_usart.o(i.HAL_UART_MspInit)
    i.HAL_UART_RxCpltCallback                0x08002004   Section        0  stm32f1xx_hal_uart.o(i.HAL_UART_RxCpltCallback)
    i.HAL_UART_Transmit                      0x08002006   Section        0  stm32f1xx_hal_uart.o(i.HAL_UART_Transmit)
    i.HAL_UART_TxCpltCallback                0x080020dc   Section        0  stm32f1xx_hal_uart.o(i.HAL_UART_TxCpltCallback)
    i.HardFault_Handler                      0x080020de   Section        0  stm32f1xx_it.o(i.HardFault_Handler)
    i.Key_GPIO_Config                        0x080020e4   Section        0  bsp_key.o(i.Key_GPIO_Config)
    i.Key_Scan                               0x08002150   Section        0  bsp_key.o(i.Key_Scan)
    i.LED_GPIO_Config                        0x08002178   Section        0  bsp_led.o(i.LED_GPIO_Config)
    i.MemManage_Handler                      0x08002218   Section        0  stm32f1xx_it.o(i.MemManage_Handler)
    i.Motor_TIM_Mode_Config                  0x0800221c   Section        0  bsp_motor_tim.o(i.Motor_TIM_Mode_Config)
    Motor_TIM_Mode_Config                    0x0800221d   Thumb Code   152  bsp_motor_tim.o(i.Motor_TIM_Mode_Config)
    i.Motor_TIMx_Configuration               0x080022c4   Section        0  bsp_motor_tim.o(i.Motor_TIMx_Configuration)
    i.Motor_TIMx_GPIO_Config                 0x080022d0   Section        0  bsp_motor_tim.o(i.Motor_TIMx_GPIO_Config)
    Motor_TIMx_GPIO_Config                   0x080022d1   Thumb Code   284  bsp_motor_tim.o(i.Motor_TIMx_GPIO_Config)
    i.NMI_Handler                            0x080023f8   Section        0  stm32f1xx_it.o(i.NMI_Handler)
    i.PID_param_init                         0x080023fc   Section        0  pid.o(i.PID_param_init)
    i.PID_realize                            0x08002444   Section        0  pid.o(i.PID_realize)
    i.PendSV_Handler                         0x080024bc   Section        0  stm32f1xx_it.o(i.PendSV_Handler)
    i.RCC_Delay                              0x080024c0   Section        0  stm32f1xx_hal_rcc.o(i.RCC_Delay)
    RCC_Delay                                0x080024c1   Thumb Code    36  stm32f1xx_hal_rcc.o(i.RCC_Delay)
    i.SVC_Handler                            0x080024e8   Section        0  stm32f1xx_it.o(i.SVC_Handler)
    i.SysTick_Handler                        0x080024ea   Section        0  stm32f1xx_it.o(i.SysTick_Handler)
    i.SystemClock_Config                     0x080024f2   Section        0  main.o(i.SystemClock_Config)
    SystemClock_Config                       0x080024f3   Thumb Code    96  main.o(i.SystemClock_Config)
    i.SystemInit                             0x08002554   Section        0  system_stm32f1xx.o(i.SystemInit)
    i.TIM3_IRQHandler                        0x080025ac   Section        0  stm32f1xx_it.o(i.TIM3_IRQHandler)
    i.TIM6_IRQHandler                        0x080025bc   Section        0  stm32f1xx_it.o(i.TIM6_IRQHandler)
    i.TIM_Base_SetConfig                     0x080025cc   Section        0  stm32f1xx_hal_tim.o(i.TIM_Base_SetConfig)
    i.TIM_CCxChannelCmd                      0x08002668   Section        0  stm32f1xx_hal_tim.o(i.TIM_CCxChannelCmd)
    i.TIM_Mode_Config                        0x0800268c   Section        0  bsp_basic._tim.o(i.TIM_Mode_Config)
    TIM_Mode_Config                          0x0800268d   Thumb Code    72  bsp_basic._tim.o(i.TIM_Mode_Config)
    i.TIM_OC1_SetConfig                      0x080026e0   Section        0  stm32f1xx_hal_tim.o(i.TIM_OC1_SetConfig)
    TIM_OC1_SetConfig                        0x080026e1   Thumb Code   104  stm32f1xx_hal_tim.o(i.TIM_OC1_SetConfig)
    i.TIM_OC2_SetConfig                      0x08002750   Section        0  stm32f1xx_hal_tim.o(i.TIM_OC2_SetConfig)
    i.TIM_OC3_SetConfig                      0x080027cc   Section        0  stm32f1xx_hal_tim.o(i.TIM_OC3_SetConfig)
    TIM_OC3_SetConfig                        0x080027cd   Thumb Code   112  stm32f1xx_hal_tim.o(i.TIM_OC3_SetConfig)
    i.TIM_OC4_SetConfig                      0x08002844   Section        0  stm32f1xx_hal_tim.o(i.TIM_OC4_SetConfig)
    TIM_OC4_SetConfig                        0x08002845   Thumb Code    74  stm32f1xx_hal_tim.o(i.TIM_OC4_SetConfig)
    i.TIM_TI1_SetConfig                      0x08002898   Section        0  stm32f1xx_hal_tim.o(i.TIM_TI1_SetConfig)
    i.TIMx_Configuration                     0x08002914   Section        0  bsp_basic._tim.o(i.TIMx_Configuration)
    i.TIMx_NVIC_Configuration                0x08002954   Section        0  bsp_basic._tim.o(i.TIMx_NVIC_Configuration)
    TIMx_NVIC_Configuration                  0x08002955   Thumb Code    20  bsp_basic._tim.o(i.TIMx_NVIC_Configuration)
    i.UART_DMAAbortOnError                   0x08002968   Section        0  stm32f1xx_hal_uart.o(i.UART_DMAAbortOnError)
    UART_DMAAbortOnError                     0x08002969   Thumb Code    20  stm32f1xx_hal_uart.o(i.UART_DMAAbortOnError)
    i.UART_EndRxTransfer                     0x0800297c   Section        0  stm32f1xx_hal_uart.o(i.UART_EndRxTransfer)
    UART_EndRxTransfer                       0x0800297d   Thumb Code    32  stm32f1xx_hal_uart.o(i.UART_EndRxTransfer)
    i.UART_EndTransmit_IT                    0x0800299c   Section        0  stm32f1xx_hal_uart.o(i.UART_EndTransmit_IT)
    UART_EndTransmit_IT                      0x0800299d   Thumb Code    32  stm32f1xx_hal_uart.o(i.UART_EndTransmit_IT)
    i.UART_Receive_IT                        0x080029bc   Section        0  stm32f1xx_hal_uart.o(i.UART_Receive_IT)
    UART_Receive_IT                          0x080029bd   Thumb Code   166  stm32f1xx_hal_uart.o(i.UART_Receive_IT)
    i.UART_SetConfig                         0x08002a64   Section        0  stm32f1xx_hal_uart.o(i.UART_SetConfig)
    UART_SetConfig                           0x08002a65   Thumb Code   412  stm32f1xx_hal_uart.o(i.UART_SetConfig)
    i.UART_Transmit_IT                       0x08002c04   Section        0  stm32f1xx_hal_uart.o(i.UART_Transmit_IT)
    UART_Transmit_IT                         0x08002c05   Thumb Code   104  stm32f1xx_hal_uart.o(i.UART_Transmit_IT)
    i.UART_WaitOnFlagUntilTimeout            0x08002c6c   Section        0  stm32f1xx_hal_uart.o(i.UART_WaitOnFlagUntilTimeout)
    UART_WaitOnFlagUntilTimeout              0x08002c6d   Thumb Code   108  stm32f1xx_hal_uart.o(i.UART_WaitOnFlagUntilTimeout)
    i.USART1_IRQHandler                      0x08002cd8   Section        0  stm32f1xx_it.o(i.USART1_IRQHandler)
    i.UsageFault_Handler                     0x08002cf8   Section        0  stm32f1xx_it.o(i.UsageFault_Handler)
    i.__0printf$bare                         0x08002cfc   Section        0  printfb.o(i.__0printf$bare)
    i.__NVIC_GetPriorityGrouping             0x08002d0c   Section        0  stm32f1xx_hal_cortex.o(i.__NVIC_GetPriorityGrouping)
    __NVIC_GetPriorityGrouping               0x08002d0d   Thumb Code    10  stm32f1xx_hal_cortex.o(i.__NVIC_GetPriorityGrouping)
    i.__NVIC_SetPriority                     0x08002d1c   Section        0  stm32f1xx_hal_cortex.o(i.__NVIC_SetPriority)
    __NVIC_SetPriority                       0x08002d1d   Thumb Code    32  stm32f1xx_hal_cortex.o(i.__NVIC_SetPriority)
    i.__scatterload_copy                     0x08002d44   Section       14  handlers.o(i.__scatterload_copy)
    i.__scatterload_null                     0x08002d52   Section        2  handlers.o(i.__scatterload_null)
    i.__scatterload_zeroinit                 0x08002d54   Section       14  handlers.o(i.__scatterload_zeroinit)
    i._printf_core                           0x08002d62   Section        0  printfb.o(i._printf_core)
    _printf_core                             0x08002d63   Thumb Code    34  printfb.o(i._printf_core)
    i.bldcm_init                             0x08002d84   Section        0  bsp_motor_control.o(i.bldcm_init)
    i.bldcm_pid_control                      0x08002d94   Section        0  bsp_motor_control.o(i.bldcm_pid_control)
    i.check_sum                              0x08002e0c   Section        0  protocol.o(i.check_sum)
    i.fputc                                  0x08002e28   Section        0  bsp_debug_usart.o(i.fputc)
    i.get_bldcm_direction                    0x08002e44   Section        0  bsp_motor_control.o(i.get_bldcm_direction)
    i.get_frame_checksum                     0x08002e50   Section        0  protocol.o(i.get_frame_checksum)
    get_frame_checksum                       0x08002e51   Thumb Code    26  protocol.o(i.get_frame_checksum)
    i.get_frame_len                          0x08002e6a   Section        0  protocol.o(i.get_frame_len)
    get_frame_len                            0x08002e6b   Thumb Code    52  protocol.o(i.get_frame_len)
    i.get_frame_type                         0x08002e9e   Section        0  protocol.o(i.get_frame_type)
    get_frame_type                           0x08002e9f   Thumb Code    14  protocol.o(i.get_frame_type)
    i.get_hall_state                         0x08002eac   Section        0  bsp_motor_tim.o(i.get_hall_state)
    i.get_motor_speed                        0x08002ee4   Section        0  bsp_motor_tim.o(i.get_motor_speed)
    i.hall_disable                           0x08002ef0   Section        0  bsp_motor_tim.o(i.hall_disable)
    i.hall_enable                            0x08002f2c   Section        0  bsp_motor_tim.o(i.hall_enable)
    i.hall_gpio_init                         0x08002f74   Section        0  bsp_motor_tim.o(i.hall_gpio_init)
    hall_gpio_init                           0x08002f75   Thumb Code   156  bsp_motor_tim.o(i.hall_gpio_init)
    i.hall_tim_config                        0x0800301c   Section        0  bsp_motor_tim.o(i.hall_tim_config)
    i.hall_tim_init                          0x08003028   Section        0  bsp_motor_tim.o(i.hall_tim_init)
    hall_tim_init                            0x08003029   Thumb Code   100  bsp_motor_tim.o(i.hall_tim_init)
    i.main                                   0x08003098   Section        0  main.o(i.main)
    i.protocol_data_recv                     0x08003228   Section        0  protocol.o(i.protocol_data_recv)
    i.protocol_frame_parse                   0x0800325c   Section        0  protocol.o(i.protocol_frame_parse)
    protocol_frame_parse                     0x0800325d   Thumb Code   442  protocol.o(i.protocol_frame_parse)
    i.protocol_init                          0x0800341c   Section        0  protocol.o(i.protocol_init)
    i.receiving_process                      0x08003438   Section        0  protocol.o(i.receiving_process)
    i.recvbuf_find_header                    0x080035cc   Section        0  protocol.o(i.recvbuf_find_header)
    recvbuf_find_header                      0x080035cd   Thumb Code   112  protocol.o(i.recvbuf_find_header)
    i.recvbuf_get_len_to_parse               0x08003640   Section        0  protocol.o(i.recvbuf_get_len_to_parse)
    recvbuf_get_len_to_parse                 0x08003641   Thumb Code    34  protocol.o(i.recvbuf_get_len_to_parse)
    i.recvbuf_put_data                       0x08003662   Section        0  protocol.o(i.recvbuf_put_data)
    recvbuf_put_data                         0x08003663   Thumb Code    70  protocol.o(i.recvbuf_put_data)
    i.sd_gpio_config                         0x080036a8   Section        0  bsp_motor_control.o(i.sd_gpio_config)
    sd_gpio_config                           0x080036a9   Thumb Code    72  bsp_motor_control.o(i.sd_gpio_config)
    i.set_bldcm_disable                      0x080036f8   Section        0  bsp_motor_control.o(i.set_bldcm_disable)
    i.set_bldcm_enable                       0x08003710   Section        0  bsp_motor_control.o(i.set_bldcm_enable)
    i.set_bldcm_speed                        0x08003724   Section        0  bsp_motor_control.o(i.set_bldcm_speed)
    i.set_computer_value                     0x08003738   Section        0  protocol.o(i.set_computer_value)
    i.set_p_i_d                              0x080037ac   Section        0  pid.o(i.set_p_i_d)
    i.set_pid_target                         0x080037bc   Section        0  pid.o(i.set_pid_target)
    i.set_pwm_pulse                          0x080037c8   Section        0  bsp_motor_tim.o(i.set_pwm_pulse)
    i.stop_pwm_output                        0x080037e8   Section        0  bsp_motor_tim.o(i.stop_pwm_output)
    i.updata_speed_dir                       0x0800382c   Section        0  bsp_motor_tim.o(i.updata_speed_dir)
    updata_speed_dir                         0x0800382d   Thumb Code   148  bsp_motor_tim.o(i.updata_speed_dir)
    i.update_motor_speed                     0x080038d4   Section        0  bsp_motor_tim.o(i.update_motor_speed)
    update_motor_speed                       0x080038d5   Thumb Code   228  bsp_motor_tim.o(i.update_motor_speed)
    .constdata                               0x080039d0   Section       24  system_stm32f1xx.o(.constdata)
    .data                                    0x20000000   Section        4  system_stm32f1xx.o(.data)
    .data                                    0x20000004   Section        9  stm32f1xx_hal.o(.data)
    .data                                    0x20000010   Section        8  main.o(.data)
    .data                                    0x20000018   Section        8  bsp_motor_tim.o(.data)
    bldcm_pulse                              0x20000018   Data           2  bsp_motor_tim.o(.data)
    count                                    0x2000001a   Data           1  bsp_motor_tim.o(.data)
    num_old                                  0x2000001b   Data           1  bsp_motor_tim.o(.data)
    flag                                     0x2000001c   Data           4  bsp_motor_tim.o(.data)
    .data                                    0x20000020   Section        4  stdout.o(.data)
    .bss                                     0x20000024   Section       12  bsp_motor_control.o(.bss)
    bldcm_data                               0x20000024   Data          12  bsp_motor_control.o(.bss)
    .bss                                     0x20000030   Section      320  bsp_debug_usart.o(.bss)
    .bss                                     0x20000170   Section      288  bsp_motor_tim.o(.bss)
    motor_drive                              0x2000020c   Data         132  bsp_motor_tim.o(.bss)
    .bss                                     0x20000290   Section      150  protocol.o(.bss)
    parser                                   0x20000290   Data          12  protocol.o(.bss)
    recv_buf                                 0x2000029c   Data         128  protocol.o(.bss)
    set_packet                               0x2000031c   Data          10  protocol.o(.bss)
    .bss                                     0x20000328   Section       64  bsp_basic._tim.o(.bss)
    .bss                                     0x20000368   Section       32  pid.o(.bss)
    STACK                                    0x20000388   Section     1024  startup_stm32f103xe.o(STACK)

    Global Symbols

    Symbol Name                              Value     Ov Type        Size  Object(Section)

    BuildAttributes$$THM_ISAv4$P$D$K$B$S$PE$A:L22UL41UL21$X:L11$S22US41US21$IEEE1$IW$USESV6$~STKCKD$USESV7$~SHL$OTIME$ROPI$IEEEX$EBA8$MICROLIB$REQ8$PRES8$EABIv2 0x00000000   Number         0  anon$$obj.o ABSOLUTE
    __ARM_use_no_argv                        0x00000000   Number         0  main.o ABSOLUTE
    __cpp_initialize__aeabi_                  - Undefined Weak Reference
    __cxa_finalize                            - Undefined Weak Reference
    __decompress                              - Undefined Weak Reference
    _clock_init                               - Undefined Weak Reference
    _microlib_exit                            - Undefined Weak Reference
    __Vectors_Size                           0x00000130   Number         0  startup_stm32f103xe.o ABSOLUTE
    __Vectors                                0x08000000   Data           4  startup_stm32f103xe.o(RESET)
    __Vectors_End                            0x08000130   Data           0  startup_stm32f103xe.o(RESET)
    __main                                   0x08000131   Thumb Code     0  entry.o(.ARM.Collect$$$$00000000)
    _main_stk                                0x08000131   Thumb Code     0  entry2.o(.ARM.Collect$$$$00000001)
    _main_scatterload                        0x08000135   Thumb Code     0  entry5.o(.ARM.Collect$$$$00000004)
    __main_after_scatterload                 0x08000139   Thumb Code     0  entry5.o(.ARM.Collect$$$$00000004)
    _main_clock                              0x08000139   Thumb Code     0  entry7b.o(.ARM.Collect$$$$00000008)
    _main_cpp_init                           0x08000139   Thumb Code     0  entry8b.o(.ARM.Collect$$$$0000000A)
    _main_init                               0x08000139   Thumb Code     0  entry9a.o(.ARM.Collect$$$$0000000B)
    __rt_final_cpp                           0x08000141   Thumb Code     0  entry10a.o(.ARM.Collect$$$$0000000D)
    __rt_final_exit                          0x08000141   Thumb Code     0  entry11a.o(.ARM.Collect$$$$0000000F)
    Reset_Handler                            0x08000145   Thumb Code     8  startup_stm32f103xe.o(.text)
    ADC1_2_IRQHandler                        0x0800015f   Thumb Code     0  startup_stm32f103xe.o(.text)
    ADC3_IRQHandler                          0x0800015f   Thumb Code     0  startup_stm32f103xe.o(.text)
    CAN1_RX1_IRQHandler                      0x0800015f   Thumb Code     0  startup_stm32f103xe.o(.text)
    CAN1_SCE_IRQHandler                      0x0800015f   Thumb Code     0  startup_stm32f103xe.o(.text)
    DMA1_Channel1_IRQHandler                 0x0800015f   Thumb Code     0  startup_stm32f103xe.o(.text)
    DMA1_Channel2_IRQHandler                 0x0800015f   Thumb Code     0  startup_stm32f103xe.o(.text)
    DMA1_Channel3_IRQHandler                 0x0800015f   Thumb Code     0  startup_stm32f103xe.o(.text)
    DMA1_Channel4_IRQHandler                 0x0800015f   Thumb Code     0  startup_stm32f103xe.o(.text)
    DMA1_Channel5_IRQHandler                 0x0800015f   Thumb Code     0  startup_stm32f103xe.o(.text)
    DMA1_Channel6_IRQHandler                 0x0800015f   Thumb Code     0  startup_stm32f103xe.o(.text)
    DMA1_Channel7_IRQHandler                 0x0800015f   Thumb Code     0  startup_stm32f103xe.o(.text)
    DMA2_Channel1_IRQHandler                 0x0800015f   Thumb Code     0  startup_stm32f103xe.o(.text)
    DMA2_Channel2_IRQHandler                 0x0800015f   Thumb Code     0  startup_stm32f103xe.o(.text)
    DMA2_Channel3_IRQHandler                 0x0800015f   Thumb Code     0  startup_stm32f103xe.o(.text)
    DMA2_Channel4_5_IRQHandler               0x0800015f   Thumb Code     0  startup_stm32f103xe.o(.text)
    EXTI0_IRQHandler                         0x0800015f   Thumb Code     0  startup_stm32f103xe.o(.text)
    EXTI15_10_IRQHandler                     0x0800015f   Thumb Code     0  startup_stm32f103xe.o(.text)
    EXTI1_IRQHandler                         0x0800015f   Thumb Code     0  startup_stm32f103xe.o(.text)
    EXTI2_IRQHandler                         0x0800015f   Thumb Code     0  startup_stm32f103xe.o(.text)
    EXTI3_IRQHandler                         0x0800015f   Thumb Code     0  startup_stm32f103xe.o(.text)
    EXTI4_IRQHandler                         0x0800015f   Thumb Code     0  startup_stm32f103xe.o(.text)
    EXTI9_5_IRQHandler                       0x0800015f   Thumb Code     0  startup_stm32f103xe.o(.text)
    FLASH_IRQHandler                         0x0800015f   Thumb Code     0  startup_stm32f103xe.o(.text)
    FSMC_IRQHandler                          0x0800015f   Thumb Code     0  startup_stm32f103xe.o(.text)
    I2C1_ER_IRQHandler                       0x0800015f   Thumb Code     0  startup_stm32f103xe.o(.text)
    I2C1_EV_IRQHandler                       0x0800015f   Thumb Code     0  startup_stm32f103xe.o(.text)
    I2C2_ER_IRQHandler                       0x0800015f   Thumb Code     0  startup_stm32f103xe.o(.text)
    I2C2_EV_IRQHandler                       0x0800015f   Thumb Code     0  startup_stm32f103xe.o(.text)
    PVD_IRQHandler                           0x0800015f   Thumb Code     0  startup_stm32f103xe.o(.text)
    RCC_IRQHandler                           0x0800015f   Thumb Code     0  startup_stm32f103xe.o(.text)
    RTC_Alarm_IRQHandler                     0x0800015f   Thumb Code     0  startup_stm32f103xe.o(.text)
    RTC_IRQHandler                           0x0800015f   Thumb Code     0  startup_stm32f103xe.o(.text)
    SDIO_IRQHandler                          0x0800015f   Thumb Code     0  startup_stm32f103xe.o(.text)
    SPI1_IRQHandler                          0x0800015f   Thumb Code     0  startup_stm32f103xe.o(.text)
    SPI2_IRQHandler                          0x0800015f   Thumb Code     0  startup_stm32f103xe.o(.text)
    SPI3_IRQHandler                          0x0800015f   Thumb Code     0  startup_stm32f103xe.o(.text)
    TAMPER_IRQHandler                        0x0800015f   Thumb Code     0  startup_stm32f103xe.o(.text)
    TIM1_BRK_IRQHandler                      0x0800015f   Thumb Code     0  startup_stm32f103xe.o(.text)
    TIM1_CC_IRQHandler                       0x0800015f   Thumb Code     0  startup_stm32f103xe.o(.text)
    TIM1_TRG_COM_IRQHandler                  0x0800015f   Thumb Code     0  startup_stm32f103xe.o(.text)
    TIM1_UP_IRQHandler                       0x0800015f   Thumb Code     0  startup_stm32f103xe.o(.text)
    TIM2_IRQHandler                          0x0800015f   Thumb Code     0  startup_stm32f103xe.o(.text)
    TIM4_IRQHandler                          0x0800015f   Thumb Code     0  startup_stm32f103xe.o(.text)
    TIM5_IRQHandler                          0x0800015f   Thumb Code     0  startup_stm32f103xe.o(.text)
    TIM7_IRQHandler                          0x0800015f   Thumb Code     0  startup_stm32f103xe.o(.text)
    TIM8_BRK_IRQHandler                      0x0800015f   Thumb Code     0  startup_stm32f103xe.o(.text)
    TIM8_CC_IRQHandler                       0x0800015f   Thumb Code     0  startup_stm32f103xe.o(.text)
    TIM8_TRG_COM_IRQHandler                  0x0800015f   Thumb Code     0  startup_stm32f103xe.o(.text)
    TIM8_UP_IRQHandler                       0x0800015f   Thumb Code     0  startup_stm32f103xe.o(.text)
    UART4_IRQHandler                         0x0800015f   Thumb Code     0  startup_stm32f103xe.o(.text)
    UART5_IRQHandler                         0x0800015f   Thumb Code     0  startup_stm32f103xe.o(.text)
    USART2_IRQHandler                        0x0800015f   Thumb Code     0  startup_stm32f103xe.o(.text)
    USART3_IRQHandler                        0x0800015f   Thumb Code     0  startup_stm32f103xe.o(.text)
    USBWakeUp_IRQHandler                     0x0800015f   Thumb Code     0  startup_stm32f103xe.o(.text)
    USB_HP_CAN1_TX_IRQHandler                0x0800015f   Thumb Code     0  startup_stm32f103xe.o(.text)
    USB_LP_CAN1_RX0_IRQHandler               0x0800015f   Thumb Code     0  startup_stm32f103xe.o(.text)
    WWDG_IRQHandler                          0x0800015f   Thumb Code     0  startup_stm32f103xe.o(.text)
    __aeabi_llsr                             0x08000169   Thumb Code    32  llushr.o(.text)
    _ll_ushift_r                             0x08000169   Thumb Code     0  llushr.o(.text)
    __aeabi_memcpy                           0x08000189   Thumb Code    36  memcpya.o(.text)
    __aeabi_memcpy4                          0x08000189   Thumb Code     0  memcpya.o(.text)
    __aeabi_memcpy8                          0x08000189   Thumb Code     0  memcpya.o(.text)
    __aeabi_memset                           0x080001ad   Thumb Code    14  memseta.o(.text)
    __aeabi_memset4                          0x080001ad   Thumb Code     0  memseta.o(.text)
    __aeabi_memset8                          0x080001ad   Thumb Code     0  memseta.o(.text)
    __aeabi_memclr                           0x080001bb   Thumb Code     4  memseta.o(.text)
    __aeabi_memclr4                          0x080001bb   Thumb Code     0  memseta.o(.text)
    __aeabi_memclr8                          0x080001bb   Thumb Code     0  memseta.o(.text)
    _memset$wrapper                          0x080001bf   Thumb Code    18  memseta.o(.text)
    __aeabi_fadd                             0x080001d1   Thumb Code   164  fadd.o(.text)
    __aeabi_fsub                             0x08000275   Thumb Code     6  fadd.o(.text)
    __aeabi_frsub                            0x0800027b   Thumb Code     6  fadd.o(.text)
    __aeabi_fmul                             0x08000281   Thumb Code   100  fmul.o(.text)
    __aeabi_fdiv                             0x080002e5   Thumb Code   124  fdiv.o(.text)
    __aeabi_ddiv                             0x08000361   Thumb Code   222  ddiv.o(.text)
    __aeabi_i2f                              0x0800043f   Thumb Code    18  fflti.o(.text)
    __aeabi_ui2f                             0x08000451   Thumb Code    10  ffltui.o(.text)
    __aeabi_ui2d                             0x0800045b   Thumb Code    26  dfltui.o(.text)
    __aeabi_f2iz                             0x08000475   Thumb Code    50  ffixi.o(.text)
    __aeabi_f2uiz                            0x080004a7   Thumb Code    40  ffixui.o(.text)
    __aeabi_d2uiz                            0x080004cf   Thumb Code    50  dfixui.o(.text)
    __aeabi_cfcmpeq                          0x08000501   Thumb Code     0  cfcmple.o(.text)
    __aeabi_cfcmple                          0x08000501   Thumb Code    20  cfcmple.o(.text)
    __aeabi_cfrcmple                         0x08000515   Thumb Code    20  cfrcmple.o(.text)
    __I$use$fp                               0x08000529   Thumb Code     0  iusefp.o(.text)
    _float_round                             0x08000529   Thumb Code    18  fepilogue.o(.text)
    _float_epilogue                          0x0800053b   Thumb Code    92  fepilogue.o(.text)
    _double_round                            0x08000597   Thumb Code    30  depilogue.o(.text)
    _double_epilogue                         0x080005b5   Thumb Code   156  depilogue.o(.text)
    __scatterload                            0x08000651   Thumb Code    28  init.o(.text)
    __scatterload_rt2                        0x08000651   Thumb Code     0  init.o(.text)
    __aeabi_llsl                             0x08000675   Thumb Code    30  llshl.o(.text)
    _ll_shift_l                              0x08000675   Thumb Code     0  llshl.o(.text)
    BusFault_Handler                         0x08000693   Thumb Code     4  stm32f1xx_it.o(i.BusFault_Handler)
    DEBUG_USART_Config                       0x08000699   Thumb Code    52  bsp_debug_usart.o(i.DEBUG_USART_Config)
    DebugMon_Handler                         0x080006d5   Thumb Code     2  stm32f1xx_it.o(i.DebugMon_Handler)
    HAL_DMA_Abort_IT                         0x080006d9   Thumb Code   414  stm32f1xx_hal_dma.o(i.HAL_DMA_Abort_IT)
    HAL_Delay                                0x08000881   Thumb Code    36  stm32f1xx_hal.o(i.HAL_Delay)
    HAL_GPIO_Init                            0x080008a9   Thumb Code   792  stm32f1xx_hal_gpio.o(i.HAL_GPIO_Init)
    HAL_GPIO_ReadPin                         0x08000be9   Thumb Code    16  stm32f1xx_hal_gpio.o(i.HAL_GPIO_ReadPin)
    HAL_GPIO_WritePin                        0x08000bf9   Thumb Code    12  stm32f1xx_hal_gpio.o(i.HAL_GPIO_WritePin)
    HAL_GetTick                              0x08000c05   Thumb Code     6  stm32f1xx_hal.o(i.HAL_GetTick)
    HAL_IncTick                              0x08000c11   Thumb Code    16  stm32f1xx_hal.o(i.HAL_IncTick)
    HAL_InitTick                             0x08000c29   Thumb Code    64  stm32f1xx_hal.o(i.HAL_InitTick)
    HAL_NVIC_EnableIRQ                       0x08000c75   Thumb Code    32  stm32f1xx_hal_cortex.o(i.HAL_NVIC_EnableIRQ)
    HAL_NVIC_SetPriority                     0x08000c95   Thumb Code   124  stm32f1xx_hal_cortex.o(i.HAL_NVIC_SetPriority)
    HAL_NVIC_SystemReset                     0x08000d11   Thumb Code    60  stm32f1xx_hal_cortex.o(i.HAL_NVIC_SystemReset)
    HAL_RCC_ClockConfig                      0x08000d55   Thumb Code   376  stm32f1xx_hal_rcc.o(i.HAL_RCC_ClockConfig)
    HAL_RCC_GetHCLKFreq                      0x08000ee1   Thumb Code     6  stm32f1xx_hal_rcc.o(i.HAL_RCC_GetHCLKFreq)
    HAL_RCC_GetPCLK1Freq                     0x08000eed   Thumb Code    22  stm32f1xx_hal_rcc.o(i.HAL_RCC_GetPCLK1Freq)
    HAL_RCC_GetPCLK2Freq                     0x08000f0d   Thumb Code    22  stm32f1xx_hal_rcc.o(i.HAL_RCC_GetPCLK2Freq)
    HAL_RCC_GetSysClockFreq                  0x08000f2d   Thumb Code   116  stm32f1xx_hal_rcc.o(i.HAL_RCC_GetSysClockFreq)
    HAL_RCC_OscConfig                        0x08000fc1   Thumb Code  1114  stm32f1xx_hal_rcc.o(i.HAL_RCC_OscConfig)
    HAL_SYSTICK_Config                       0x08001425   Thumb Code    52  stm32f1xx_hal_cortex.o(i.HAL_SYSTICK_Config)
    HAL_TIMEx_BreakCallback                  0x08001459   Thumb Code     2  stm32f1xx_hal_tim_ex.o(i.HAL_TIMEx_BreakCallback)
    HAL_TIMEx_CommutCallback                 0x0800145b   Thumb Code     2  stm32f1xx_hal_tim_ex.o(i.HAL_TIMEx_CommutCallback)
    HAL_TIMEx_ConfigCommutEvent              0x0800145d   Thumb Code   134  stm32f1xx_hal_tim_ex.o(i.HAL_TIMEx_ConfigCommutEvent)
    HAL_TIMEx_HallSensor_Init                0x080014e3   Thumb Code   208  stm32f1xx_hal_tim_ex.o(i.HAL_TIMEx_HallSensor_Init)
    HAL_TIMEx_HallSensor_MspInit             0x080015b3   Thumb Code     2  stm32f1xx_hal_tim_ex.o(i.HAL_TIMEx_HallSensor_MspInit)
    HAL_TIMEx_HallSensor_Start               0x080015b5   Thumb Code    42  stm32f1xx_hal_tim_ex.o(i.HAL_TIMEx_HallSensor_Start)
    HAL_TIMEx_HallSensor_Stop                0x080015df   Thumb Code    56  stm32f1xx_hal_tim_ex.o(i.HAL_TIMEx_HallSensor_Stop)
    HAL_TIM_Base_Init                        0x08001617   Thumb Code    52  stm32f1xx_hal_tim.o(i.HAL_TIM_Base_Init)
    HAL_TIM_Base_MspInit                     0x0800164b   Thumb Code     2  stm32f1xx_hal_tim.o(i.HAL_TIM_Base_MspInit)
    HAL_TIM_Base_Start_IT                    0x0800164d   Thumb Code    42  stm32f1xx_hal_tim.o(i.HAL_TIM_Base_Start_IT)
    HAL_TIM_GenerateEvent                    0x08001677   Thumb Code    54  stm32f1xx_hal_tim.o(i.HAL_TIM_GenerateEvent)
    HAL_TIM_IC_CaptureCallback               0x080016ad   Thumb Code     2  stm32f1xx_hal_tim.o(i.HAL_TIM_IC_CaptureCallback)
    HAL_TIM_IRQHandler                       0x080016af   Thumb Code   406  stm32f1xx_hal_tim.o(i.HAL_TIM_IRQHandler)
    HAL_TIM_OC_DelayElapsedCallback          0x08001845   Thumb Code     2  stm32f1xx_hal_tim.o(i.HAL_TIM_OC_DelayElapsedCallback)
    HAL_TIM_PWM_ConfigChannel                0x08001847   Thumb Code   264  stm32f1xx_hal_tim.o(i.HAL_TIM_PWM_ConfigChannel)
    HAL_TIM_PWM_Init                         0x0800194f   Thumb Code    52  stm32f1xx_hal_tim.o(i.HAL_TIM_PWM_Init)
    HAL_TIM_PWM_MspInit                      0x08001983   Thumb Code     2  stm32f1xx_hal_tim.o(i.HAL_TIM_PWM_MspInit)
    HAL_TIM_PWM_PulseFinishedCallback        0x08001985   Thumb Code     2  stm32f1xx_hal_tim.o(i.HAL_TIM_PWM_PulseFinishedCallback)
    HAL_TIM_PWM_Start                        0x08001989   Thumb Code    80  stm32f1xx_hal_tim.o(i.HAL_TIM_PWM_Start)
    HAL_TIM_PeriodElapsedCallback            0x080019e1   Thumb Code    78  bsp_motor_tim.o(i.HAL_TIM_PeriodElapsedCallback)
    HAL_TIM_TriggerCallback                  0x08001a4d   Thumb Code   836  bsp_motor_tim.o(i.HAL_TIM_TriggerCallback)
    HAL_UART_ErrorCallback                   0x08001da5   Thumb Code     2  stm32f1xx_hal_uart.o(i.HAL_UART_ErrorCallback)
    HAL_UART_IRQHandler                      0x08001da9   Thumb Code   326  stm32f1xx_hal_uart.o(i.HAL_UART_IRQHandler)
    HAL_UART_Init                            0x08001ef5   Thumb Code   114  stm32f1xx_hal_uart.o(i.HAL_UART_Init)
    HAL_UART_MspInit                         0x08001f69   Thumb Code   148  bsp_debug_usart.o(i.HAL_UART_MspInit)
    HAL_UART_RxCpltCallback                  0x08002005   Thumb Code     2  stm32f1xx_hal_uart.o(i.HAL_UART_RxCpltCallback)
    HAL_UART_Transmit                        0x08002007   Thumb Code   214  stm32f1xx_hal_uart.o(i.HAL_UART_Transmit)
    HAL_UART_TxCpltCallback                  0x080020dd   Thumb Code     2  stm32f1xx_hal_uart.o(i.HAL_UART_TxCpltCallback)
    HardFault_Handler                        0x080020df   Thumb Code     4  stm32f1xx_it.o(i.HardFault_Handler)
    Key_GPIO_Config                          0x080020e5   Thumb Code    94  bsp_key.o(i.Key_GPIO_Config)
    Key_Scan                                 0x08002151   Thumb Code    40  bsp_key.o(i.Key_Scan)
    LED_GPIO_Config                          0x08002179   Thumb Code   150  bsp_led.o(i.LED_GPIO_Config)
    MemManage_Handler                        0x08002219   Thumb Code     4  stm32f1xx_it.o(i.MemManage_Handler)
    Motor_TIMx_Configuration                 0x080022c5   Thumb Code    12  bsp_motor_tim.o(i.Motor_TIMx_Configuration)
    NMI_Handler                              0x080023f9   Thumb Code     2  stm32f1xx_it.o(i.NMI_Handler)
    PID_param_init                           0x080023fd   Thumb Code    58  pid.o(i.PID_param_init)
    PID_realize                              0x08002445   Thumb Code   114  pid.o(i.PID_realize)
    PendSV_Handler                           0x080024bd   Thumb Code     2  stm32f1xx_it.o(i.PendSV_Handler)
    SVC_Handler                              0x080024e9   Thumb Code     2  stm32f1xx_it.o(i.SVC_Handler)
    SysTick_Handler                          0x080024eb   Thumb Code     8  stm32f1xx_it.o(i.SysTick_Handler)
    SystemInit                               0x08002555   Thumb Code    70  system_stm32f1xx.o(i.SystemInit)
    TIM3_IRQHandler                          0x080025ad   Thumb Code    10  stm32f1xx_it.o(i.TIM3_IRQHandler)
    TIM6_IRQHandler                          0x080025bd   Thumb Code    10  stm32f1xx_it.o(i.TIM6_IRQHandler)
    TIM_Base_SetConfig                       0x080025cd   Thumb Code   134  stm32f1xx_hal_tim.o(i.TIM_Base_SetConfig)
    TIM_CCxChannelCmd                        0x08002669   Thumb Code    34  stm32f1xx_hal_tim.o(i.TIM_CCxChannelCmd)
    TIM_OC2_SetConfig                        0x08002751   Thumb Code   114  stm32f1xx_hal_tim.o(i.TIM_OC2_SetConfig)
    TIM_TI1_SetConfig                        0x08002899   Thumb Code   102  stm32f1xx_hal_tim.o(i.TIM_TI1_SetConfig)
    TIMx_Configuration                       0x08002915   Thumb Code    54  bsp_basic._tim.o(i.TIMx_Configuration)
    USART1_IRQHandler                        0x08002cd9   Thumb Code    28  stm32f1xx_it.o(i.USART1_IRQHandler)
    UsageFault_Handler                       0x08002cf9   Thumb Code     4  stm32f1xx_it.o(i.UsageFault_Handler)
    __0printf$bare                           0x08002cfd   Thumb Code     8  printfb.o(i.__0printf$bare)
    __1printf$bare                           0x08002cfd   Thumb Code     0  printfb.o(i.__0printf$bare)
    __2printf                                0x08002cfd   Thumb Code     0  printfb.o(i.__0printf$bare)
    __scatterload_copy                       0x08002d45   Thumb Code    14  handlers.o(i.__scatterload_copy)
    __scatterload_null                       0x08002d53   Thumb Code     2  handlers.o(i.__scatterload_null)
    __scatterload_zeroinit                   0x08002d55   Thumb Code    14  handlers.o(i.__scatterload_zeroinit)
    bldcm_init                               0x08002d85   Thumb Code    16  bsp_motor_control.o(i.bldcm_init)
    bldcm_pid_control                        0x08002d95   Thumb Code   112  bsp_motor_control.o(i.bldcm_pid_control)
    check_sum                                0x08002e0d   Thumb Code    28  protocol.o(i.check_sum)
    fputc                                    0x08002e29   Thumb Code    22  bsp_debug_usart.o(i.fputc)
    get_bldcm_direction                      0x08002e45   Thumb Code     6  bsp_motor_control.o(i.get_bldcm_direction)
    get_hall_state                           0x08002ead   Thumb Code    52  bsp_motor_tim.o(i.get_hall_state)
    get_motor_speed                          0x08002ee5   Thumb Code     6  bsp_motor_tim.o(i.get_motor_speed)
    hall_disable                             0x08002ef1   Thumb Code    50  bsp_motor_tim.o(i.hall_disable)
    hall_enable                              0x08002f2d   Thumb Code    60  bsp_motor_tim.o(i.hall_enable)
    hall_tim_config                          0x0800301d   Thumb Code    12  bsp_motor_tim.o(i.hall_tim_config)
    main                                     0x08003099   Thumb Code   378  main.o(i.main)
    protocol_data_recv                       0x08003229   Thumb Code    46  protocol.o(i.protocol_data_recv)
    protocol_init                            0x0800341d   Thumb Code    20  protocol.o(i.protocol_init)
    receiving_process                        0x08003439   Thumb Code   400  protocol.o(i.receiving_process)
    set_bldcm_disable                        0x080036f9   Thumb Code    18  bsp_motor_control.o(i.set_bldcm_disable)
    set_bldcm_enable                         0x08003711   Thumb Code    14  bsp_motor_control.o(i.set_bldcm_enable)
    set_bldcm_speed                          0x08003725   Thumb Code    16  bsp_motor_control.o(i.set_bldcm_speed)
    set_computer_value                       0x08003739   Thumb Code   100  protocol.o(i.set_computer_value)
    set_p_i_d                                0x080037ad   Thumb Code    10  pid.o(i.set_p_i_d)
    set_pid_target                           0x080037bd   Thumb Code     6  pid.o(i.set_pid_target)
    set_pwm_pulse                            0x080037c9   Thumb Code    22  bsp_motor_tim.o(i.set_pwm_pulse)
    stop_pwm_output                          0x080037e9   Thumb Code    60  bsp_motor_tim.o(i.stop_pwm_output)
    AHBPrescTable                            0x080039d0   Data          16  system_stm32f1xx.o(.constdata)
    APBPrescTable                            0x080039e0   Data           8  system_stm32f1xx.o(.constdata)
    Region$$Table$$Base                      0x080039e8   Number         0  anon$$obj.o(Region$$Table)
    Region$$Table$$Limit                     0x08003a08   Number         0  anon$$obj.o(Region$$Table)
    SystemCoreClock                          0x20000000   Data           4  system_stm32f1xx.o(.data)
    uwTick                                   0x20000004   Data           4  stm32f1xx_hal.o(.data)
    uwTickPrio                               0x20000008   Data           4  stm32f1xx_hal.o(.data)
    uwTickFreq                               0x2000000c   Data           1  stm32f1xx_hal.o(.data)
    first_start                              0x20000010   Data           4  main.o(.data)
    scend_start                              0x20000014   Data           4  main.o(.data)
    __stdout                                 0x20000020   Data           4  stdout.o(.data)
    UartHandle                               0x20000030   Data          64  bsp_debug_usart.o(.bss)
    UART_RxBuffer                            0x20000070   Data         256  bsp_debug_usart.o(.bss)
    htimx_bldcm                              0x20000170   Data          64  bsp_motor_tim.o(.bss)
    TIM_OCInitStructure                      0x200001b0   Data          28  bsp_motor_tim.o(.bss)
    htimx_hall                               0x200001cc   Data          64  bsp_motor_tim.o(.bss)
    TIM_TimeBaseStructure                    0x20000328   Data          64  bsp_basic._tim.o(.bss)
    pid                                      0x20000368   Data          32  pid.o(.bss)
    __initial_sp                             0x20000788   Data           0  startup_stm32f103xe.o(STACK)



==============================================================================

Memory Map of the image

  Image Entry point : 0x08000131

  Load Region LR_IROM1 (Base: 0x08000000, Size: 0x00003a2c, Max: 0x00080000, ABSOLUTE)

    Execution Region ER_IROM1 (Exec base: 0x08000000, Load base: 0x08000000, Size: 0x00003a08, Max: 0x00080000, ABSOLUTE)

    Exec Addr    Load Addr    Size         Type   Attr      Idx    E Section Name        Object

    0x08000000   0x08000000   0x00000130   Data   RO            3    RESET               startup_stm32f103xe.o
    0x08000130   0x08000130   0x00000000   Code   RO         7859  * .ARM.Collect$$$$00000000  mc_w.l(entry.o)
    0x08000130   0x08000130   0x00000004   Code   RO         8175    .ARM.Collect$$$$00000001  mc_w.l(entry2.o)
    0x08000134   0x08000134   0x00000004   Code   RO         8178    .ARM.Collect$$$$00000004  mc_w.l(entry5.o)
    0x08000138   0x08000138   0x00000000   Code   RO         8180    .ARM.Collect$$$$00000008  mc_w.l(entry7b.o)
    0x08000138   0x08000138   0x00000000   Code   RO         8182    .ARM.Collect$$$$0000000A  mc_w.l(entry8b.o)
    0x08000138   0x08000138   0x00000008   Code   RO         8183    .ARM.Collect$$$$0000000B  mc_w.l(entry9a.o)
    0x08000140   0x08000140   0x00000000   Code   RO         8185    .ARM.Collect$$$$0000000D  mc_w.l(entry10a.o)
    0x08000140   0x08000140   0x00000000   Code   RO         8187    .ARM.Collect$$$$0000000F  mc_w.l(entry11a.o)
    0x08000140   0x08000140   0x00000004   Code   RO         8176    .ARM.Collect$$$$00002712  mc_w.l(entry2.o)
    0x08000144   0x08000144   0x00000024   Code   RO            4    .text               startup_stm32f103xe.o
    0x08000168   0x08000168   0x00000020   Code   RO         7862    .text               mc_w.l(llushr.o)
    0x08000188   0x08000188   0x00000024   Code   RO         7864    .text               mc_w.l(memcpya.o)
    0x080001ac   0x080001ac   0x00000024   Code   RO         7866    .text               mc_w.l(memseta.o)
    0x080001d0   0x080001d0   0x000000b0   Code   RO         8130    .text               mf_w.l(fadd.o)
    0x08000280   0x08000280   0x00000064   Code   RO         8132    .text               mf_w.l(fmul.o)
    0x080002e4   0x080002e4   0x0000007c   Code   RO         8134    .text               mf_w.l(fdiv.o)
    0x08000360   0x08000360   0x000000de   Code   RO         8136    .text               mf_w.l(ddiv.o)
    0x0800043e   0x0800043e   0x00000012   Code   RO         8138    .text               mf_w.l(fflti.o)
    0x08000450   0x08000450   0x0000000a   Code   RO         8140    .text               mf_w.l(ffltui.o)
    0x0800045a   0x0800045a   0x0000001a   Code   RO         8142    .text               mf_w.l(dfltui.o)
    0x08000474   0x08000474   0x00000032   Code   RO         8144    .text               mf_w.l(ffixi.o)
    0x080004a6   0x080004a6   0x00000028   Code   RO         8146    .text               mf_w.l(ffixui.o)
    0x080004ce   0x080004ce   0x00000032   Code   RO         8148    .text               mf_w.l(dfixui.o)
    0x08000500   0x08000500   0x00000014   Code   RO         8154    .text               mf_w.l(cfcmple.o)
    0x08000514   0x08000514   0x00000014   Code   RO         8156    .text               mf_w.l(cfrcmple.o)
    0x08000528   0x08000528   0x00000000   Code   RO         8201    .text               mc_w.l(iusefp.o)
    0x08000528   0x08000528   0x0000006e   Code   RO         8202    .text               mf_w.l(fepilogue.o)
    0x08000596   0x08000596   0x000000ba   Code   RO         8204    .text               mf_w.l(depilogue.o)
    0x08000650   0x08000650   0x00000024   Code   RO         8220    .text               mc_w.l(init.o)
    0x08000674   0x08000674   0x0000001e   Code   RO         8222    .text               mc_w.l(llshl.o)
    0x08000692   0x08000692   0x00000004   Code   RO         7172    i.BusFault_Handler  stm32f1xx_it.o
    0x08000696   0x08000696   0x00000002   PAD
    0x08000698   0x08000698   0x0000003c   Code   RO         7394    i.DEBUG_USART_Config  bsp_debug_usart.o
    0x080006d4   0x080006d4   0x00000002   Code   RO         7173    i.DebugMon_Handler  stm32f1xx_it.o
    0x080006d6   0x080006d6   0x00000002   PAD
    0x080006d8   0x080006d8   0x000001a8   Code   RO         1327    i.HAL_DMA_Abort_IT  stm32f1xx_hal_dma.o
    0x08000880   0x08000880   0x00000028   Code   RO          216    i.HAL_Delay         stm32f1xx_hal.o
    0x080008a8   0x080008a8   0x00000340   Code   RO         1650    i.HAL_GPIO_Init     stm32f1xx_hal_gpio.o
    0x08000be8   0x08000be8   0x00000010   Code   RO         1652    i.HAL_GPIO_ReadPin  stm32f1xx_hal_gpio.o
    0x08000bf8   0x08000bf8   0x0000000c   Code   RO         1654    i.HAL_GPIO_WritePin  stm32f1xx_hal_gpio.o
    0x08000c04   0x08000c04   0x0000000c   Code   RO          220    i.HAL_GetTick       stm32f1xx_hal.o
    0x08000c10   0x08000c10   0x00000018   Code   RO          226    i.HAL_IncTick       stm32f1xx_hal.o
    0x08000c28   0x08000c28   0x0000004c   Code   RO          228    i.HAL_InitTick      stm32f1xx_hal.o
    0x08000c74   0x08000c74   0x00000020   Code   RO          917    i.HAL_NVIC_EnableIRQ  stm32f1xx_hal_cortex.o
    0x08000c94   0x08000c94   0x0000007c   Code   RO          923    i.HAL_NVIC_SetPriority  stm32f1xx_hal_cortex.o
    0x08000d10   0x08000d10   0x00000044   Code   RO          925    i.HAL_NVIC_SystemReset  stm32f1xx_hal_cortex.o
    0x08000d54   0x08000d54   0x0000018c   Code   RO         3519    i.HAL_RCC_ClockConfig  stm32f1xx_hal_rcc.o
    0x08000ee0   0x08000ee0   0x0000000c   Code   RO         3524    i.HAL_RCC_GetHCLKFreq  stm32f1xx_hal_rcc.o
    0x08000eec   0x08000eec   0x00000020   Code   RO         3526    i.HAL_RCC_GetPCLK1Freq  stm32f1xx_hal_rcc.o
    0x08000f0c   0x08000f0c   0x00000020   Code   RO         3527    i.HAL_RCC_GetPCLK2Freq  stm32f1xx_hal_rcc.o
    0x08000f2c   0x08000f2c   0x00000094   Code   RO         3528    i.HAL_RCC_GetSysClockFreq  stm32f1xx_hal_rcc.o
    0x08000fc0   0x08000fc0   0x00000464   Code   RO         3531    i.HAL_RCC_OscConfig  stm32f1xx_hal_rcc.o
    0x08001424   0x08001424   0x00000034   Code   RO          928    i.HAL_SYSTICK_Config  stm32f1xx_hal_cortex.o
    0x08001458   0x08001458   0x00000002   Code   RO         5607    i.HAL_TIMEx_BreakCallback  stm32f1xx_hal_tim_ex.o
    0x0800145a   0x0800145a   0x00000002   Code   RO         5608    i.HAL_TIMEx_CommutCallback  stm32f1xx_hal_tim_ex.o
    0x0800145c   0x0800145c   0x00000086   Code   RO         5611    i.HAL_TIMEx_ConfigCommutEvent  stm32f1xx_hal_tim_ex.o
    0x080014e2   0x080014e2   0x000000d0   Code   RO         5616    i.HAL_TIMEx_HallSensor_Init  stm32f1xx_hal_tim_ex.o
    0x080015b2   0x080015b2   0x00000002   Code   RO         5618    i.HAL_TIMEx_HallSensor_MspInit  stm32f1xx_hal_tim_ex.o
    0x080015b4   0x080015b4   0x0000002a   Code   RO         5619    i.HAL_TIMEx_HallSensor_Start  stm32f1xx_hal_tim_ex.o
    0x080015de   0x080015de   0x00000038   Code   RO         5622    i.HAL_TIMEx_HallSensor_Stop  stm32f1xx_hal_tim_ex.o
    0x08001616   0x08001616   0x00000034   Code   RO         4921    i.HAL_TIM_Base_Init  stm32f1xx_hal_tim.o
    0x0800164a   0x0800164a   0x00000002   Code   RO         4923    i.HAL_TIM_Base_MspInit  stm32f1xx_hal_tim.o
    0x0800164c   0x0800164c   0x0000002a   Code   RO         4926    i.HAL_TIM_Base_Start_IT  stm32f1xx_hal_tim.o
    0x08001676   0x08001676   0x00000036   Code   RO         4949    i.HAL_TIM_GenerateEvent  stm32f1xx_hal_tim.o
    0x080016ac   0x080016ac   0x00000002   Code   RO         4950    i.HAL_TIM_IC_CaptureCallback  stm32f1xx_hal_tim.o
    0x080016ae   0x080016ae   0x00000196   Code   RO         4964    i.HAL_TIM_IRQHandler  stm32f1xx_hal_tim.o
    0x08001844   0x08001844   0x00000002   Code   RO         4967    i.HAL_TIM_OC_DelayElapsedCallback  stm32f1xx_hal_tim.o
    0x08001846   0x08001846   0x00000108   Code   RO         4988    i.HAL_TIM_PWM_ConfigChannel  stm32f1xx_hal_tim.o
    0x0800194e   0x0800194e   0x00000034   Code   RO         4991    i.HAL_TIM_PWM_Init  stm32f1xx_hal_tim.o
    0x08001982   0x08001982   0x00000002   Code   RO         4993    i.HAL_TIM_PWM_MspInit  stm32f1xx_hal_tim.o
    0x08001984   0x08001984   0x00000002   Code   RO         4994    i.HAL_TIM_PWM_PulseFinishedCallback  stm32f1xx_hal_tim.o
    0x08001986   0x08001986   0x00000002   PAD
    0x08001988   0x08001988   0x00000058   Code   RO         4996    i.HAL_TIM_PWM_Start  stm32f1xx_hal_tim.o
    0x080019e0   0x080019e0   0x0000006c   Code   RO         7461    i.HAL_TIM_PeriodElapsedCallback  bsp_motor_tim.o
    0x08001a4c   0x08001a4c   0x00000358   Code   RO         7462    i.HAL_TIM_TriggerCallback  bsp_motor_tim.o
    0x08001da4   0x08001da4   0x00000002   Code   RO         5879    i.HAL_UART_ErrorCallback  stm32f1xx_hal_uart.o
    0x08001da6   0x08001da6   0x00000002   PAD
    0x08001da8   0x08001da8   0x0000014c   Code   RO         5882    i.HAL_UART_IRQHandler  stm32f1xx_hal_uart.o
    0x08001ef4   0x08001ef4   0x00000072   Code   RO         5883    i.HAL_UART_Init     stm32f1xx_hal_uart.o
    0x08001f66   0x08001f66   0x00000002   PAD
    0x08001f68   0x08001f68   0x0000009c   Code   RO         7395    i.HAL_UART_MspInit  bsp_debug_usart.o
    0x08002004   0x08002004   0x00000002   Code   RO         5889    i.HAL_UART_RxCpltCallback  stm32f1xx_hal_uart.o
    0x08002006   0x08002006   0x000000d6   Code   RO         5891    i.HAL_UART_Transmit  stm32f1xx_hal_uart.o
    0x080020dc   0x080020dc   0x00000002   Code   RO         5894    i.HAL_UART_TxCpltCallback  stm32f1xx_hal_uart.o
    0x080020de   0x080020de   0x00000004   Code   RO         7174    i.HardFault_Handler  stm32f1xx_it.o
    0x080020e2   0x080020e2   0x00000002   PAD
    0x080020e4   0x080020e4   0x0000006c   Code   RO         7290    i.Key_GPIO_Config   bsp_key.o
    0x08002150   0x08002150   0x00000028   Code   RO         7291    i.Key_Scan          bsp_key.o
    0x08002178   0x08002178   0x000000a0   Code   RO         7266    i.LED_GPIO_Config   bsp_led.o
    0x08002218   0x08002218   0x00000004   Code   RO         7175    i.MemManage_Handler  stm32f1xx_it.o
    0x0800221c   0x0800221c   0x000000a8   Code   RO         7463    i.Motor_TIM_Mode_Config  bsp_motor_tim.o
    0x080022c4   0x080022c4   0x0000000c   Code   RO         7464    i.Motor_TIMx_Configuration  bsp_motor_tim.o
    0x080022d0   0x080022d0   0x00000128   Code   RO         7465    i.Motor_TIMx_GPIO_Config  bsp_motor_tim.o
    0x080023f8   0x080023f8   0x00000002   Code   RO         7176    i.NMI_Handler       stm32f1xx_it.o
    0x080023fa   0x080023fa   0x00000002   PAD
    0x080023fc   0x080023fc   0x00000048   Code   RO         7798    i.PID_param_init    pid.o
    0x08002444   0x08002444   0x00000078   Code   RO         7799    i.PID_realize       pid.o
    0x080024bc   0x080024bc   0x00000002   Code   RO         7177    i.PendSV_Handler    stm32f1xx_it.o
    0x080024be   0x080024be   0x00000002   PAD
    0x080024c0   0x080024c0   0x00000028   Code   RO         3532    i.RCC_Delay         stm32f1xx_hal_rcc.o
    0x080024e8   0x080024e8   0x00000002   Code   RO         7178    i.SVC_Handler       stm32f1xx_it.o
    0x080024ea   0x080024ea   0x00000008   Code   RO         7179    i.SysTick_Handler   stm32f1xx_it.o
    0x080024f2   0x080024f2   0x00000060   Code   RO         7103    i.SystemClock_Config  main.o
    0x08002552   0x08002552   0x00000002   PAD
    0x08002554   0x08002554   0x00000058   Code   RO           14    i.SystemInit        system_stm32f1xx.o
    0x080025ac   0x080025ac   0x00000010   Code   RO         7180    i.TIM3_IRQHandler   stm32f1xx_it.o
    0x080025bc   0x080025bc   0x00000010   Code   RO         7181    i.TIM6_IRQHandler   stm32f1xx_it.o
    0x080025cc   0x080025cc   0x0000009c   Code   RO         5009    i.TIM_Base_SetConfig  stm32f1xx_hal_tim.o
    0x08002668   0x08002668   0x00000022   Code   RO         5010    i.TIM_CCxChannelCmd  stm32f1xx_hal_tim.o
    0x0800268a   0x0800268a   0x00000002   PAD
    0x0800268c   0x0800268c   0x00000054   Code   RO         7758    i.TIM_Mode_Config   bsp_basic._tim.o
    0x080026e0   0x080026e0   0x00000070   Code   RO         5022    i.TIM_OC1_SetConfig  stm32f1xx_hal_tim.o
    0x08002750   0x08002750   0x0000007c   Code   RO         5023    i.TIM_OC2_SetConfig  stm32f1xx_hal_tim.o
    0x080027cc   0x080027cc   0x00000078   Code   RO         5024    i.TIM_OC3_SetConfig  stm32f1xx_hal_tim.o
    0x08002844   0x08002844   0x00000054   Code   RO         5025    i.TIM_OC4_SetConfig  stm32f1xx_hal_tim.o
    0x08002898   0x08002898   0x0000007c   Code   RO         5028    i.TIM_TI1_SetConfig  stm32f1xx_hal_tim.o
    0x08002914   0x08002914   0x00000040   Code   RO         7759    i.TIMx_Configuration  bsp_basic._tim.o
    0x08002954   0x08002954   0x00000014   Code   RO         7760    i.TIMx_NVIC_Configuration  bsp_basic._tim.o
    0x08002968   0x08002968   0x00000014   Code   RO         5896    i.UART_DMAAbortOnError  stm32f1xx_hal_uart.o
    0x0800297c   0x0800297c   0x00000020   Code   RO         5906    i.UART_EndRxTransfer  stm32f1xx_hal_uart.o
    0x0800299c   0x0800299c   0x00000020   Code   RO         5907    i.UART_EndTransmit_IT  stm32f1xx_hal_uart.o
    0x080029bc   0x080029bc   0x000000a6   Code   RO         5909    i.UART_Receive_IT   stm32f1xx_hal_uart.o
    0x08002a62   0x08002a62   0x00000002   PAD
    0x08002a64   0x08002a64   0x000001a0   Code   RO         5910    i.UART_SetConfig    stm32f1xx_hal_uart.o
    0x08002c04   0x08002c04   0x00000068   Code   RO         5911    i.UART_Transmit_IT  stm32f1xx_hal_uart.o
    0x08002c6c   0x08002c6c   0x0000006c   Code   RO         5912    i.UART_WaitOnFlagUntilTimeout  stm32f1xx_hal_uart.o
    0x08002cd8   0x08002cd8   0x00000020   Code   RO         7182    i.USART1_IRQHandler  stm32f1xx_it.o
    0x08002cf8   0x08002cf8   0x00000004   Code   RO         7183    i.UsageFault_Handler  stm32f1xx_it.o
    0x08002cfc   0x08002cfc   0x00000010   Code   RO         7871    i.__0printf$bare    mc_w.l(printfb.o)
    0x08002d0c   0x08002d0c   0x00000010   Code   RO          930    i.__NVIC_GetPriorityGrouping  stm32f1xx_hal_cortex.o
    0x08002d1c   0x08002d1c   0x00000028   Code   RO          931    i.__NVIC_SetPriority  stm32f1xx_hal_cortex.o
    0x08002d44   0x08002d44   0x0000000e   Code   RO         8228    i.__scatterload_copy  mc_w.l(handlers.o)
    0x08002d52   0x08002d52   0x00000002   Code   RO         8229    i.__scatterload_null  mc_w.l(handlers.o)
    0x08002d54   0x08002d54   0x0000000e   Code   RO         8230    i.__scatterload_zeroinit  mc_w.l(handlers.o)
    0x08002d62   0x08002d62   0x00000022   Code   RO         7878    i._printf_core      mc_w.l(printfb.o)
    0x08002d84   0x08002d84   0x00000010   Code   RO         7323    i.bldcm_init        bsp_motor_control.o
    0x08002d94   0x08002d94   0x00000078   Code   RO         7324    i.bldcm_pid_control  bsp_motor_control.o
    0x08002e0c   0x08002e0c   0x0000001c   Code   RO         7670    i.check_sum         protocol.o
    0x08002e28   0x08002e28   0x0000001c   Code   RO         7399    i.fputc             bsp_debug_usart.o
    0x08002e44   0x08002e44   0x0000000c   Code   RO         7325    i.get_bldcm_direction  bsp_motor_control.o
    0x08002e50   0x08002e50   0x0000001a   Code   RO         7671    i.get_frame_checksum  protocol.o
    0x08002e6a   0x08002e6a   0x00000034   Code   RO         7672    i.get_frame_len     protocol.o
    0x08002e9e   0x08002e9e   0x0000000e   Code   RO         7673    i.get_frame_type    protocol.o
    0x08002eac   0x08002eac   0x00000038   Code   RO         7466    i.get_hall_state    bsp_motor_tim.o
    0x08002ee4   0x08002ee4   0x0000000c   Code   RO         7467    i.get_motor_speed   bsp_motor_tim.o
    0x08002ef0   0x08002ef0   0x0000003c   Code   RO         7468    i.hall_disable      bsp_motor_tim.o
    0x08002f2c   0x08002f2c   0x00000048   Code   RO         7469    i.hall_enable       bsp_motor_tim.o
    0x08002f74   0x08002f74   0x000000a8   Code   RO         7470    i.hall_gpio_init    bsp_motor_tim.o
    0x0800301c   0x0800301c   0x0000000c   Code   RO         7471    i.hall_tim_config   bsp_motor_tim.o
    0x08003028   0x08003028   0x00000070   Code   RO         7472    i.hall_tim_init     bsp_motor_tim.o
    0x08003098   0x08003098   0x00000190   Code   RO         7104    i.main              main.o
    0x08003228   0x08003228   0x00000034   Code   RO         7674    i.protocol_data_recv  protocol.o
    0x0800325c   0x0800325c   0x000001c0   Code   RO         7675    i.protocol_frame_parse  protocol.o
    0x0800341c   0x0800341c   0x0000001c   Code   RO         7676    i.protocol_init     protocol.o
    0x08003438   0x08003438   0x00000194   Code   RO         7677    i.receiving_process  protocol.o
    0x080035cc   0x080035cc   0x00000074   Code   RO         7678    i.recvbuf_find_header  protocol.o
    0x08003640   0x08003640   0x00000022   Code   RO         7679    i.recvbuf_get_len_to_parse  protocol.o
    0x08003662   0x08003662   0x00000046   Code   RO         7680    i.recvbuf_put_data  protocol.o
    0x080036a8   0x080036a8   0x00000050   Code   RO         7326    i.sd_gpio_config    bsp_motor_control.o
    0x080036f8   0x080036f8   0x00000018   Code   RO         7328    i.set_bldcm_disable  bsp_motor_control.o
    0x08003710   0x08003710   0x00000014   Code   RO         7329    i.set_bldcm_enable  bsp_motor_control.o
    0x08003724   0x08003724   0x00000014   Code   RO         7330    i.set_bldcm_speed   bsp_motor_control.o
    0x08003738   0x08003738   0x00000074   Code   RO         7681    i.set_computer_value  protocol.o
    0x080037ac   0x080037ac   0x00000010   Code   RO         7801    i.set_p_i_d         pid.o
    0x080037bc   0x080037bc   0x0000000c   Code   RO         7802    i.set_pid_target    pid.o
    0x080037c8   0x080037c8   0x00000020   Code   RO         7473    i.set_pwm_pulse     bsp_motor_tim.o
    0x080037e8   0x080037e8   0x00000044   Code   RO         7474    i.stop_pwm_output   bsp_motor_tim.o
    0x0800382c   0x0800382c   0x000000a8   Code   RO         7475    i.updata_speed_dir  bsp_motor_tim.o
    0x080038d4   0x080038d4   0x000000fc   Code   RO         7476    i.update_motor_speed  bsp_motor_tim.o
    0x080039d0   0x080039d0   0x00000018   Data   RO           15    .constdata          system_stm32f1xx.o
    0x080039e8   0x080039e8   0x00000020   Data   RO         8226    Region$$Table       anon$$obj.o


    Execution Region RW_IRAM1 (Exec base: 0x20000000, Load base: 0x08003a08, Size: 0x00000788, Max: 0x00010000, ABSOLUTE)

    Exec Addr    Load Addr    Size         Type   Attr      Idx    E Section Name        Object

    0x20000000   0x08003a08   0x00000004   Data   RW           16    .data               system_stm32f1xx.o
    0x20000004   0x08003a0c   0x00000009   Data   RW          234    .data               stm32f1xx_hal.o
    0x2000000d   0x08003a15   0x00000003   PAD
    0x20000010   0x08003a18   0x00000008   Data   RW         7105    .data               main.o
    0x20000018   0x08003a20   0x00000008   Data   RW         7478    .data               bsp_motor_tim.o
    0x20000020   0x08003a28   0x00000004   Data   RW         8189    .data               mc_w.l(stdout.o)
    0x20000024        -       0x0000000c   Zero   RW         7331    .bss                bsp_motor_control.o
    0x20000030        -       0x00000140   Zero   RW         7401    .bss                bsp_debug_usart.o
    0x20000170        -       0x00000120   Zero   RW         7477    .bss                bsp_motor_tim.o
    0x20000290        -       0x00000096   Zero   RW         7682    .bss                protocol.o
    0x20000326   0x08003a2c   0x00000002   PAD
    0x20000328        -       0x00000040   Zero   RW         7761    .bss                bsp_basic._tim.o
    0x20000368        -       0x00000020   Zero   RW         7803    .bss                pid.o
    0x20000388        -       0x00000400   Zero   RW            1    STACK               startup_stm32f103xe.o


==============================================================================

Image component sizes


      Code (inc. data)   RO Data    RW Data    ZI Data      Debug   Object Name

       168         22          0          0         64       2057   bsp_basic._tim.o
       244         22          0          0        320       2538   bsp_debug_usart.o
       148         14          0          0          0       1513   bsp_key.o
       160         10          0          0          0        954   bsp_led.o
       292         38          0          0         12       4484   bsp_motor_control.o
      2452        212          0          8        288      12666   bsp_motor_tim.o
       496         22          0          8          0       5589   main.o
       220         32          0          0         32       2834   pid.o
      1388         44          0          0        150       9210   protocol.o
        36          8        304          0       1024        912   startup_stm32f103xe.o
       152         30          0          9          0       6022   stm32f1xx_hal.o
       332         22          0          0          0      29367   stm32f1xx_hal_cortex.o
       424         10          0          0          0       1247   stm32f1xx_hal_dma.o
       860         40          0          0          0       3367   stm32f1xx_hal_gpio.o
      1784        110          0          0          0       6088   stm32f1xx_hal_rcc.o
      1722         88          0          0          0      13381   stm32f1xx_hal_tim.o
       446          0          0          0          0       5087   stm32f1xx_hal_tim_ex.o
      1544         10          0          0          0       9391   stm32f1xx_hal_uart.o
        96         16          0          0          0       5294   stm32f1xx_it.o
        88         18         24          4          0     482459   system_stm32f1xx.o

    ----------------------------------------------------------------------
     13074        768        360         32       1892     604460   Object Totals
         0          0         32          0          0          0   (incl. Generated)
        22          0          0          3          2          0   (incl. Padding)

    ----------------------------------------------------------------------

      Code (inc. data)   RO Data    RW Data    ZI Data      Debug   Library Member Name

         0          0          0          0          0          0   entry.o
         0          0          0          0          0          0   entry10a.o
         0          0          0          0          0          0   entry11a.o
         8          4          0          0          0          0   entry2.o
         4          0          0          0          0          0   entry5.o
         0          0          0          0          0          0   entry7b.o
         0          0          0          0          0          0   entry8b.o
         8          4          0          0          0          0   entry9a.o
        30          0          0          0          0          0   handlers.o
        36          8          0          0          0         68   init.o
         0          0          0          0          0          0   iusefp.o
        30          0          0          0          0         68   llshl.o
        32          0          0          0          0         68   llushr.o
        36          0          0          0          0         68   memcpya.o
        36          0          0          0          0        108   memseta.o
        50          8          0          0          0        152   printfb.o
         0          0          0          4          0          0   stdout.o
        20          0          0          0          0         68   cfcmple.o
        20          0          0          0          0         68   cfrcmple.o
       222          0          0          0          0        100   ddiv.o
       186          0          0          0          0        176   depilogue.o
        50          0          0          0          0         76   dfixui.o
        26          0          0          0          0         76   dfltui.o
       176          0          0          0          0        140   fadd.o
       124          0          0          0          0         88   fdiv.o
       110          0          0          0          0        168   fepilogue.o
        50          0          0          0          0         68   ffixi.o
        40          0          0          0          0         68   ffixui.o
        18          0          0          0          0         68   fflti.o
        10          0          0          0          0         68   ffltui.o
       100          0          0          0          0         76   fmul.o

    ----------------------------------------------------------------------
      1422         24          0          4          0       1840   Library Totals
         0          0          0          0          0          0   (incl. Padding)

    ----------------------------------------------------------------------

      Code (inc. data)   RO Data    RW Data    ZI Data      Debug   Library Name

       270         24          0          4          0        532   mc_w.l
      1152          0          0          0          0       1308   mf_w.l

    ----------------------------------------------------------------------
      1422         24          0          4          0       1840   Library Totals

    ----------------------------------------------------------------------

==============================================================================


      Code (inc. data)   RO Data    RW Data    ZI Data      Debug   

     14496        792        360         36       1892     599328   Grand Totals
     14496        792        360         36       1892     599328   ELF Image Totals
     14496        792        360         36          0          0   ROM Totals

==============================================================================

    Total RO  Size (Code + RO Data)                14856 (  14.51kB)
    Total RW  Size (RW Data + ZI Data)              1928 (   1.88kB)
    Total ROM Size (Code + RO Data + RW Data)      14892 (  14.54kB)

==============================================================================

