Component: ARM Compiler 5.06 update 1 (build 61) Tool: armlink [4d35a8]

==============================================================================

Section Cross References

    startup_stm32f103xe.o(RESET) refers to startup_stm32f103xe.o(STACK) for __initial_sp
    startup_stm32f103xe.o(RESET) refers to startup_stm32f103xe.o(.text) for Reset_Handler
    startup_stm32f103xe.o(RESET) refers to stm32f1xx_it.o(i.NMI_Handler) for NMI_Handler
    startup_stm32f103xe.o(RESET) refers to stm32f1xx_it.o(i.HardFault_Handler) for HardFault_Handler
    startup_stm32f103xe.o(RESET) refers to stm32f1xx_it.o(i.MemManage_Handler) for MemManage_Handler
    startup_stm32f103xe.o(RESET) refers to stm32f1xx_it.o(i.BusFault_Handler) for BusFault_Handler
    startup_stm32f103xe.o(RESET) refers to stm32f1xx_it.o(i.UsageFault_Handler) for UsageFault_Handler
    startup_stm32f103xe.o(RESET) refers to stm32f1xx_it.o(i.SVC_Handler) for SVC_Handler
    startup_stm32f103xe.o(RESET) refers to stm32f1xx_it.o(i.DebugMon_Handler) for DebugMon_Handler
    startup_stm32f103xe.o(RESET) refers to stm32f1xx_it.o(i.PendSV_Handler) for PendSV_Handler
    startup_stm32f103xe.o(RESET) refers to stm32f1xx_it.o(i.SysTick_Handler) for SysTick_Handler
    startup_stm32f103xe.o(RESET) refers to stm32f1xx_it.o(i.DMA1_Channel1_IRQHandler) for DMA1_Channel1_IRQHandler
    startup_stm32f103xe.o(RESET) refers to stm32f1xx_it.o(i.TIM4_IRQHandler) for TIM4_IRQHandler
    startup_stm32f103xe.o(RESET) refers to stm32f1xx_it.o(i.USART1_IRQHandler) for USART1_IRQHandler
    startup_stm32f103xe.o(RESET) refers to stm32f1xx_it.o(i.TIM6_IRQHandler) for TIM6_IRQHandler
    startup_stm32f103xe.o(.text) refers to system_stm32f1xx.o(i.SystemInit) for SystemInit
    startup_stm32f103xe.o(.text) refers to entry.o(.ARM.Collect$$$$00000000) for __main
    system_stm32f1xx.o(i.SystemCoreClockUpdate) refers to system_stm32f1xx.o(.data) for SystemCoreClock
    system_stm32f1xx.o(i.SystemCoreClockUpdate) refers to system_stm32f1xx.o(.constdata) for AHBPrescTable
    stm32f1xx_hal.o(i.HAL_DeInit) refers to stm32f1xx_hal.o(i.HAL_MspDeInit) for HAL_MspDeInit
    stm32f1xx_hal.o(i.HAL_Delay) refers to stm32f1xx_hal.o(i.HAL_GetTick) for HAL_GetTick
    stm32f1xx_hal.o(i.HAL_Delay) refers to stm32f1xx_hal.o(.data) for uwTickFreq
    stm32f1xx_hal.o(i.HAL_GetTick) refers to stm32f1xx_hal.o(.data) for uwTick
    stm32f1xx_hal.o(i.HAL_GetTickFreq) refers to stm32f1xx_hal.o(.data) for uwTickFreq
    stm32f1xx_hal.o(i.HAL_GetTickPrio) refers to stm32f1xx_hal.o(.data) for uwTickPrio
    stm32f1xx_hal.o(i.HAL_IncTick) refers to stm32f1xx_hal.o(.data) for uwTick
    stm32f1xx_hal.o(i.HAL_Init) refers to stm32f1xx_hal_cortex.o(i.HAL_NVIC_SetPriorityGrouping) for HAL_NVIC_SetPriorityGrouping
    stm32f1xx_hal.o(i.HAL_Init) refers to stm32f1xx_hal.o(i.HAL_InitTick) for HAL_InitTick
    stm32f1xx_hal.o(i.HAL_Init) refers to stm32f1xx_hal.o(i.HAL_MspInit) for HAL_MspInit
    stm32f1xx_hal.o(i.HAL_InitTick) refers to stm32f1xx_hal_cortex.o(i.HAL_SYSTICK_Config) for HAL_SYSTICK_Config
    stm32f1xx_hal.o(i.HAL_InitTick) refers to stm32f1xx_hal_cortex.o(i.HAL_NVIC_SetPriority) for HAL_NVIC_SetPriority
    stm32f1xx_hal.o(i.HAL_InitTick) refers to stm32f1xx_hal.o(.data) for uwTickFreq
    stm32f1xx_hal.o(i.HAL_InitTick) refers to system_stm32f1xx.o(.data) for SystemCoreClock
    stm32f1xx_hal.o(i.HAL_SetTickFreq) refers to stm32f1xx_hal.o(i.HAL_InitTick) for HAL_InitTick
    stm32f1xx_hal.o(i.HAL_SetTickFreq) refers to stm32f1xx_hal.o(.data) for uwTickFreq
    stm32f1xx_hal_adc.o(i.ADC_ConversionStop_Disable) refers to stm32f1xx_hal.o(i.HAL_GetTick) for HAL_GetTick
    stm32f1xx_hal_adc.o(i.ADC_DMAConvCplt) refers to bsp_adc.o(i.HAL_ADC_ConvCpltCallback) for HAL_ADC_ConvCpltCallback
    stm32f1xx_hal_adc.o(i.ADC_DMAError) refers to stm32f1xx_hal_adc.o(i.HAL_ADC_ErrorCallback) for HAL_ADC_ErrorCallback
    stm32f1xx_hal_adc.o(i.ADC_DMAHalfConvCplt) refers to stm32f1xx_hal_adc.o(i.HAL_ADC_ConvHalfCpltCallback) for HAL_ADC_ConvHalfCpltCallback
    stm32f1xx_hal_adc.o(i.ADC_Enable) refers to stm32f1xx_hal.o(i.HAL_GetTick) for HAL_GetTick
    stm32f1xx_hal_adc.o(i.ADC_Enable) refers to system_stm32f1xx.o(.data) for SystemCoreClock
    stm32f1xx_hal_adc.o(i.HAL_ADC_ConfigChannel) refers to system_stm32f1xx.o(.data) for SystemCoreClock
    stm32f1xx_hal_adc.o(i.HAL_ADC_DeInit) refers to stm32f1xx_hal_adc.o(i.ADC_ConversionStop_Disable) for ADC_ConversionStop_Disable
    stm32f1xx_hal_adc.o(i.HAL_ADC_DeInit) refers to stm32f1xx_hal_adc.o(i.HAL_ADC_MspDeInit) for HAL_ADC_MspDeInit
    stm32f1xx_hal_adc.o(i.HAL_ADC_IRQHandler) refers to bsp_adc.o(i.HAL_ADC_ConvCpltCallback) for HAL_ADC_ConvCpltCallback
    stm32f1xx_hal_adc.o(i.HAL_ADC_IRQHandler) refers to stm32f1xx_hal_adc_ex.o(i.HAL_ADCEx_InjectedConvCpltCallback) for HAL_ADCEx_InjectedConvCpltCallback
    stm32f1xx_hal_adc.o(i.HAL_ADC_IRQHandler) refers to stm32f1xx_hal_adc.o(i.HAL_ADC_LevelOutOfWindowCallback) for HAL_ADC_LevelOutOfWindowCallback
[...]
    Removing stm32f1xx_ll_sdmmc.o(i.SDMMC_CmdSDEraseEndAdd), (56 bytes).
    Removing stm32f1xx_ll_sdmmc.o(i.SDMMC_CmdSDEraseStartAdd), (56 bytes).
    Removing stm32f1xx_ll_sdmmc.o(i.SDMMC_CmdSelDesel), (58 bytes).
    Removing stm32f1xx_ll_sdmmc.o(i.SDMMC_CmdSendCID), (50 bytes).
    Removing stm32f1xx_ll_sdmmc.o(i.SDMMC_CmdSendCSD), (50 bytes).
    Removing stm32f1xx_ll_sdmmc.o(i.SDMMC_CmdSendSCR), (56 bytes).
    Removing stm32f1xx_ll_sdmmc.o(i.SDMMC_CmdSendStatus), (56 bytes).
    Removing stm32f1xx_ll_sdmmc.o(i.SDMMC_CmdSetRelAdd), (56 bytes).
    Removing stm32f1xx_ll_sdmmc.o(i.SDMMC_CmdStatusRegister), (56 bytes).
    Removing stm32f1xx_ll_sdmmc.o(i.SDMMC_CmdStopTransfer), (60 bytes).
    Removing stm32f1xx_ll_sdmmc.o(i.SDMMC_CmdSwitch), (56 bytes).
    Removing stm32f1xx_ll_sdmmc.o(i.SDMMC_CmdWriteMultiBlock), (56 bytes).
    Removing stm32f1xx_ll_sdmmc.o(i.SDMMC_CmdWriteSingleBlock), (56 bytes).
    Removing stm32f1xx_ll_sdmmc.o(i.SDMMC_GetCmdError), (64 bytes).
    Removing stm32f1xx_ll_sdmmc.o(i.SDMMC_GetCmdResp1), (428 bytes).
    Removing stm32f1xx_ll_sdmmc.o(i.SDMMC_GetCmdResp2), (100 bytes).
    Removing stm32f1xx_ll_sdmmc.o(i.SDMMC_GetCmdResp3), (88 bytes).
    Removing stm32f1xx_ll_sdmmc.o(i.SDMMC_GetCmdResp6), (184 bytes).
    Removing stm32f1xx_ll_sdmmc.o(i.SDMMC_GetCmdResp7), (108 bytes).
    Removing stm32f1xx_ll_usb.o(.rev16_text), (4 bytes).
    Removing stm32f1xx_ll_usb.o(.revsh_text), (4 bytes).
    Removing stm32f1xx_ll_usb.o(.rrx_text), (6 bytes).
    Removing stm32f1xx_ll_usb.o(i.USB_ActivateEndpoint), (1174 bytes).
    Removing stm32f1xx_ll_usb.o(i.USB_ActivateRemoteWakeup), (18 bytes).
    Removing stm32f1xx_ll_usb.o(i.USB_ClearInterrupts), (2 bytes).
    Removing stm32f1xx_ll_usb.o(i.USB_CoreInit), (8 bytes).
    Removing stm32f1xx_ll_usb.o(i.USB_DeActivateRemoteWakeup), (18 bytes).
    Removing stm32f1xx_ll_usb.o(i.USB_DeactivateEndpoint), (636 bytes).
    Removing stm32f1xx_ll_usb.o(i.USB_DevConnect), (6 bytes).
    Removing stm32f1xx_ll_usb.o(i.USB_DevDisconnect), (6 bytes).
    Removing stm32f1xx_ll_usb.o(i.USB_DevInit), (30 bytes).
    Removing stm32f1xx_ll_usb.o(i.USB_DisableGlobalInt), (20 bytes).
    Removing stm32f1xx_ll_usb.o(i.USB_EP0_OutStart), (6 bytes).
    Removing stm32f1xx_ll_usb.o(i.USB_EPClearStall), (218 bytes).
    Removing stm32f1xx_ll_usb.o(i.USB_EPSetStall), (92 bytes).
    Removing stm32f1xx_ll_usb.o(i.USB_EPStartXfer), (1108 bytes).
    Removing stm32f1xx_ll_usb.o(i.USB_EnableGlobalInt), (20 bytes).
    Removing stm32f1xx_ll_usb.o(i.USB_FlushRxFifo), (6 bytes).
    Removing stm32f1xx_ll_usb.o(i.USB_FlushTxFifo), (6 bytes).
    Removing stm32f1xx_ll_usb.o(i.USB_ReadDevAllInEpInterrupt), (6 bytes).
    Removing stm32f1xx_ll_usb.o(i.USB_ReadDevAllOutEpInterrupt), (6 bytes).
    Removing stm32f1xx_ll_usb.o(i.USB_ReadDevInEPInterrupt), (6 bytes).
    Removing stm32f1xx_ll_usb.o(i.USB_ReadDevOutEPInterrupt), (6 bytes).
    Removing stm32f1xx_ll_usb.o(i.USB_ReadInterrupts), (8 bytes).
    Removing stm32f1xx_ll_usb.o(i.USB_ReadPMA), (74 bytes).
    Removing stm32f1xx_ll_usb.o(i.USB_ReadPacket), (6 bytes).
    Removing stm32f1xx_ll_usb.o(i.USB_SetCurrentMode), (6 bytes).
    Removing stm32f1xx_ll_usb.o(i.USB_SetDevAddress), (14 bytes).
    Removing stm32f1xx_ll_usb.o(i.USB_SetDevSpeed), (6 bytes).
    Removing stm32f1xx_ll_usb.o(i.USB_StopDevice), (22 bytes).
    Removing stm32f1xx_ll_usb.o(i.USB_WritePMA), (66 bytes).
    Removing stm32f1xx_ll_usb.o(i.USB_WritePacket), (8 bytes).
    Removing main.o(.rev16_text), (4 bytes).
    Removing main.o(.revsh_text), (4 bytes).
    Removing main.o(.rrx_text), (6 bytes).
    Removing stm32f1xx_it.o(.rev16_text), (4 bytes).
    Removing stm32f1xx_it.o(.revsh_text), (4 bytes).
    Removing stm32f1xx_it.o(.rrx_text), (6 bytes).
    Removing stm32f1xx_it.o(i.ADC_IRQHandler), (16 bytes).
    Removing bsp_led.o(.rev16_text), (4 bytes).
    Removing bsp_led.o(.revsh_text), (4 bytes).
    Removing bsp_led.o(.rrx_text), (6 bytes).
    Removing bsp_key.o(.rev16_text), (4 bytes).
    Removing bsp_key.o(.revsh_text), (4 bytes).
    Removing bsp_key.o(.rrx_text), (6 bytes).
    Removing bsp_adc.o(.rev16_text), (4 bytes).
    Removing bsp_adc.o(.revsh_text), (4 bytes).
    Removing bsp_adc.o(.rrx_text), (6 bytes).
    Removing bsp_adc.o(i.ADC_GPIO_Config), (104 bytes).
    Removing bsp_adc.o(i.ADC_Init), (16 bytes).
    Removing bsp_adc.o(i.ADC_Mode_Config), (164 bytes).
    Removing bsp_adc.o(i.HAL_ADC_ConvCpltCallback), (132 bytes).
    Removing bsp_adc.o(i.adc_dma_init), (104 bytes).
    Removing bsp_adc.o(i.get_curr_val), (160 bytes).
    Removing bsp_adc.o(i.get_vbus_val), (68 bytes).
    Removing bsp_adc.o(.data), (20 bytes).
    Removing bsp_debug_usart.o(.rev16_text), (4 bytes).
    Removing bsp_debug_usart.o(.revsh_text), (4 bytes).
    Removing bsp_debug_usart.o(.rrx_text), (6 bytes).
    Removing bsp_debug_usart.o(i.Usart_SendByte), (24 bytes).
    Removing bsp_debug_usart.o(i.Usart_SendString), (36 bytes).
    Removing bsp_debug_usart.o(i.fgetc), (28 bytes).
    Removing bsp_debug_usart.o(i.fputc), (28 bytes).
    Removing bsp_motor_control.o(.rev16_text), (4 bytes).
    Removing bsp_motor_control.o(.revsh_text), (4 bytes).
    Removing bsp_motor_control.o(.rrx_text), (6 bytes).
    Removing bsp_basic_tim.o(.rev16_text), (4 bytes).
    Removing bsp_basic_tim.o(.revsh_text), (4 bytes).
    Removing bsp_basic_tim.o(.rrx_text), (6 bytes).
    Removing bsp_motor_tim.o(.rev16_text), (4 bytes).
    Removing bsp_motor_tim.o(.revsh_text), (4 bytes).
    Removing bsp_motor_tim.o(.rrx_text), (6 bytes).
    Removing bsp_encoder.o(.rev16_text), (4 bytes).
    Removing bsp_encoder.o(.revsh_text), (4 bytes).
    Removing bsp_encoder.o(.rrx_text), (6 bytes).
    Removing bsp_pid.o(.rev16_text), (4 bytes).
    Removing bsp_pid.o(.revsh_text), (4 bytes).
    Removing bsp_pid.o(.rrx_text), (6 bytes).
    Removing bsp_pid.o(i.get_pid_target), (12 bytes).
    Removing protocol.o(.rev16_text), (4 bytes).
    Removing protocol.o(.revsh_text), (4 bytes).
    Removing protocol.o(.rrx_text), (6 bytes).
    Removing ffixi.o(.text), (50 bytes).

1174 unused section(s) (total 108810 bytes) removed from the image.

==============================================================================

Image Symbol Table

    Local Symbols

    Symbol Name                              Value     Ov Type        Size  Object(Section)

    ../clib/microlib/init/entry.s            0x00000000   Number         0  entry.o ABSOLUTE
    ../clib/microlib/init/entry.s            0x00000000   Number         0  entry8b.o ABSOLUTE
    ../clib/microlib/init/entry.s            0x00000000   Number         0  entry2.o ABSOLUTE
    ../clib/microlib/init/entry.s            0x00000000   Number         0  entry9b.o ABSOLUTE
    ../clib/microlib/init/entry.s            0x00000000   Number         0  entry5.o ABSOLUTE
    ../clib/microlib/init/entry.s            0x00000000   Number         0  entry8a.o ABSOLUTE
    ../clib/microlib/init/entry.s            0x00000000   Number         0  entry7a.o ABSOLUTE
    ../clib/microlib/init/entry.s            0x00000000   Number         0  entry9a.o ABSOLUTE
    ../clib/microlib/init/entry.s            0x00000000   Number         0  entry7b.o ABSOLUTE
    ../clib/microlib/init/entry.s            0x00000000   Number         0  entry10a.o ABSOLUTE
    ../clib/microlib/init/entry.s            0x00000000   Number         0  entry10b.o ABSOLUTE
    ../clib/microlib/init/entry.s            0x00000000   Number         0  entry11a.o ABSOLUTE
    ../clib/microlib/init/entry.s            0x00000000   Number         0  entry11b.o ABSOLUTE
    ../clib/microlib/longlong.c              0x00000000   Number         0  llushr.o ABSOLUTE
    ../clib/microlib/longlong.c              0x00000000   Number         0  llshl.o ABSOLUTE
    ../clib/microlib/string/memcpy.c         0x00000000   Number         0  memcpya.o ABSOLUTE
    ../clib/microlib/string/memcpy.c         0x00000000   Number         0  memcpyb.o ABSOLUTE
    ../clib/microlib/string/memset.c         0x00000000   Number         0  memseta.o ABSOLUTE
    ../clib/microlib/stubs.s                 0x00000000   Number         0  iusefp.o ABSOLUTE
    ../fplib/microlib/f2d.c                  0x00000000   Number         0  f2d.o ABSOLUTE
    ../fplib/microlib/fpadd.c                0x00000000   Number         0  fadd.o ABSOLUTE
    ../fplib/microlib/fpdiv.c                0x00000000   Number         0  fdiv.o ABSOLUTE
    ../fplib/microlib/fpdiv.c                0x00000000   Number         0  ddiv.o ABSOLUTE
    ../fplib/microlib/fpepilogue.c           0x00000000   Number         0  fepilogue.o ABSOLUTE
    ../fplib/microlib/fpepilogue.c           0x00000000   Number         0  depilogue.o ABSOLUTE
    ../fplib/microlib/fpfix.c                0x00000000   Number         0  ffixi.o ABSOLUTE
    ../fplib/microlib/fpfix.c                0x00000000   Number         0  ffixui.o ABSOLUTE
    ../fplib/microlib/fpfix.c                0x00000000   Number         0  dfixi.o ABSOLUTE
    ../fplib/microlib/fpflt.c                0x00000000   Number         0  fflti.o ABSOLUTE
    ../fplib/microlib/fpflt.c                0x00000000   Number         0  ffltui.o ABSOLUTE
    ../fplib/microlib/fpmul.c                0x00000000   Number         0  fmul.o ABSOLUTE
    ..\Libraries\CMSIS\Device\ST\STM32F1xx\Source\Templates\arm\startup_stm32f103xe.s 0x00000000   Number         0  startup_stm32f103xe.o ABSOLUTE
    ..\Libraries\CMSIS\Device\ST\STM32F1xx\Source\Templates\system_stm32f1xx.c 0x00000000   Number         0  system_stm32f1xx.o ABSOLUTE
    ..\Libraries\STM32F1xx_HAL_Driver\Src\stm32f1xx_hal.c 0x00000000   Number         0  stm32f1xx_hal.o ABSOLUTE
    ..\Libraries\STM32F1xx_HAL_Driver\Src\stm32f1xx_hal_adc.c 0x00000000   Number         0  stm32f1xx_hal_adc.o ABSOLUTE
    ..\Libraries\STM32F1xx_HAL_Driver\Src\stm32f1xx_hal_adc_ex.c 0x00000000   Number         0  stm32f1xx_hal_adc_ex.o ABSOLUTE
    ..\Libraries\STM32F1xx_HAL_Driver\Src\stm32f1xx_hal_can.c 0x00000000   Number         0  stm32f1xx_hal_can.o ABSOLUTE
    ..\Libraries\STM32F1xx_HAL_Driver\Src\stm32f1xx_hal_cec.c 0x00000000   Number         0  stm32f1xx_hal_cec.o ABSOLUTE
    ..\Libraries\STM32F1xx_HAL_Driver\Src\stm32f1xx_hal_cortex.c 0x00000000   Number         0  stm32f1xx_hal_cortex.o ABSOLUTE
    ..\Libraries\STM32F1xx_HAL_Driver\Src\stm32f1xx_hal_crc.c 0x00000000   Number         0  stm32f1xx_hal_crc.o ABSOLUTE
    ..\Libraries\STM32F1xx_HAL_Driver\Src\stm32f1xx_hal_dac.c 0x00000000   Number         0  stm32f1xx_hal_dac.o ABSOLUTE
    ..\Libraries\STM32F1xx_HAL_Driver\Src\stm32f1xx_hal_dac_ex.c 0x00000000   Number         0  stm32f1xx_hal_dac_ex.o ABSOLUTE
    ..\Libraries\STM32F1xx_HAL_Driver\Src\stm32f1xx_hal_dma.c 0x00000000   Number         0  stm32f1xx_hal_dma.o ABSOLUTE
    ..\Libraries\STM32F1xx_HAL_Driver\Src\stm32f1xx_hal_eth.c 0x00000000   Number         0  stm32f1xx_hal_eth.o ABSOLUTE
    ..\Libraries\STM32F1xx_HAL_Driver\Src\stm32f1xx_hal_flash.c 0x00000000   Number         0  stm32f1xx_hal_flash.o ABSOLUTE
    ..\Libraries\STM32F1xx_HAL_Driver\Src\stm32f1xx_hal_flash_ex.c 0x00000000   Number         0  stm32f1xx_hal_flash_ex.o ABSOLUTE
    ..\Libraries\STM32F1xx_HAL_Driver\Src\stm32f1xx_hal_gpio.c 0x00000000   Number         0  stm32f1xx_hal_gpio.o ABSOLUTE
    ..\Libraries\STM32F1xx_HAL_Driver\Src\stm32f1xx_hal_gpio_ex.c 0x00000000   Number         0  stm32f1xx_hal_gpio_ex.o ABSOLUTE
    ..\Libraries\STM32F1xx_HAL_Driver\Src\stm32f1xx_hal_hcd.c 0x00000000   Number         0  stm32f1xx_hal_hcd.o ABSOLUTE
    ..\Libraries\STM32F1xx_HAL_Driver\Src\stm32f1xx_hal_i2c.c 0x00000000   Number         0  stm32f1xx_hal_i2c.o ABSOLUTE
    ..\Libraries\STM32F1xx_HAL_Driver\Src\stm32f1xx_hal_i2s.c 0x00000000   Number         0  stm32f1xx_hal_i2s.o ABSOLUTE
    ..\Libraries\STM32F1xx_HAL_Driver\Src\stm32f1xx_hal_irda.c 0x00000000   Number         0  stm32f1xx_hal_irda.o ABSOLUTE
    ..\Libraries\STM32F1xx_HAL_Driver\Src\stm32f1xx_hal_iwdg.c 0x00000000   Number         0  stm32f1xx_hal_iwdg.o ABSOLUTE
    ..\Libraries\STM32F1xx_HAL_Driver\Src\stm32f1xx_hal_mmc.c 0x00000000   Number         0  stm32f1xx_hal_mmc.o ABSOLUTE
    ..\Libraries\STM32F1xx_HAL_Driver\Src\stm32f1xx_hal_nand.c 0x00000000   Number         0  stm32f1xx_hal_nand.o ABSOLUTE
    ..\Libraries\STM32F1xx_HAL_Driver\Src\stm32f1xx_hal_nor.c 0x00000000   Number         0  stm32f1xx_hal_nor.o ABSOLUTE
    ..\Libraries\STM32F1xx_HAL_Driver\Src\stm32f1xx_hal_pccard.c 0x00000000   Number         0  stm32f1xx_hal_pccard.o ABSOLUTE
    ..\Libraries\STM32F1xx_HAL_Driver\Src\stm32f1xx_hal_pcd.c 0x00000000   Number         0  stm32f1xx_hal_pcd.o ABSOLUTE
    ..\Libraries\STM32F1xx_HAL_Driver\Src\stm32f1xx_hal_pcd_ex.c 0x00000000   Number         0  stm32f1xx_hal_pcd_ex.o ABSOLUTE
    ..\Libraries\STM32F1xx_HAL_Driver\Src\stm32f1xx_hal_pwr.c 0x00000000   Number         0  stm32f1xx_hal_pwr.o ABSOLUTE
    ..\Libraries\STM32F1xx_HAL_Driver\Src\stm32f1xx_hal_rcc.c 0x00000000   Number         0  stm32f1xx_hal_rcc.o ABSOLUTE
    ..\Libraries\STM32F1xx_HAL_Driver\Src\stm32f1xx_hal_rcc_ex.c 0x00000000   Number         0  stm32f1xx_hal_rcc_ex.o ABSOLUTE
    ..\Libraries\STM32F1xx_HAL_Driver\Src\stm32f1xx_hal_rtc.c 0x00000000   Number         0  stm32f1xx_hal_rtc.o ABSOLUTE
    ..\Libraries\STM32F1xx_HAL_Driver\Src\stm32f1xx_hal_rtc_ex.c 0x00000000   Number         0  stm32f1xx_hal_rtc_ex.o ABSOLUTE
    ..\Libraries\STM32F1xx_HAL_Driver\Src\stm32f1xx_hal_sd.c 0x00000000   Number         0  stm32f1xx_hal_sd.o ABSOLUTE
    ..\Libraries\STM32F1xx_HAL_Driver\Src\stm32f1xx_hal_smartcard.c 0x00000000   Number         0  stm32f1xx_hal_smartcard.o ABSOLUTE
    ..\Libraries\STM32F1xx_HAL_Driver\Src\stm32f1xx_hal_spi.c 0x00000000   Number         0  stm32f1xx_hal_spi.o ABSOLUTE
    ..\Libraries\STM32F1xx_HAL_Driver\Src\stm32f1xx_hal_sram.c 0x00000000   Number         0  stm32f1xx_hal_sram.o ABSOLUTE
    ..\Libraries\STM32F1xx_HAL_Driver\Src\stm32f1xx_hal_tim.c 0x00000000   Number         0  stm32f1xx_hal_tim.o ABSOLUTE
    ..\Libraries\STM32F1xx_HAL_Driver\Src\stm32f1xx_hal_tim_ex.c 0x00000000   Number         0  stm32f1xx_hal_tim_ex.o ABSOLUTE
    ..\Libraries\STM32F1xx_HAL_Driver\Src\stm32f1xx_hal_uart.c 0x00000000   Number         0  stm32f1xx_hal_uart.o ABSOLUTE
    ..\Libraries\STM32F1xx_HAL_Driver\Src\stm32f1xx_hal_usart.c 0x00000000   Number         0  stm32f1xx_hal_usart.o ABSOLUTE
    ..\Libraries\STM32F1xx_HAL_Driver\Src\stm32f1xx_hal_wwdg.c 0x00000000   Number         0  stm32f1xx_hal_wwdg.o ABSOLUTE
    ..\Libraries\STM32F1xx_HAL_Driver\Src\stm32f1xx_ll_fsmc.c 0x00000000   Number         0  stm32f1xx_ll_fsmc.o ABSOLUTE
    ..\Libraries\STM32F1xx_HAL_Driver\Src\stm32f1xx_ll_sdmmc.c 0x00000000   Number         0  stm32f1xx_ll_sdmmc.o ABSOLUTE
    ..\Libraries\STM32F1xx_HAL_Driver\Src\stm32f1xx_ll_usb.c 0x00000000   Number         0  stm32f1xx_ll_usb.o ABSOLUTE
    ..\User\adc\bsp_adc.c                    0x00000000   Number         0  bsp_adc.o ABSOLUTE
    ..\User\encoder\bsp_encoder.c            0x00000000   Number         0  bsp_encoder.o ABSOLUTE
    ..\User\key\bsp_key.c                    0x00000000   Number         0  bsp_key.o ABSOLUTE
    ..\User\led\bsp_led.c                    0x00000000   Number         0  bsp_led.o ABSOLUTE
    ..\User\main.c                           0x00000000   Number         0  main.o ABSOLUTE
    ..\User\motor_control\bsp_motor_control.c 0x00000000   Number         0  bsp_motor_control.o ABSOLUTE
    ..\User\pid\bsp_pid.c                    0x00000000   Number         0  bsp_pid.o ABSOLUTE
    ..\User\protocol\protocol.c              0x00000000   Number         0  protocol.o ABSOLUTE
    ..\User\stm32f1xx_it.c                   0x00000000   Number         0  stm32f1xx_it.o ABSOLUTE
    ..\User\tim\bsp_basic_tim.c              0x00000000   Number         0  bsp_basic_tim.o ABSOLUTE
    ..\User\tim\bsp_motor_tim.c              0x00000000   Number         0  bsp_motor_tim.o ABSOLUTE
    ..\User\usart\bsp_debug_usart.c          0x00000000   Number         0  bsp_debug_usart.o ABSOLUTE
    ..\\Libraries\\CMSIS\\Device\\ST\\STM32F1xx\\Source\\Templates\\system_stm32f1xx.c 0x00000000   Number         0  system_stm32f1xx.o ABSOLUTE
    ..\\Libraries\\STM32F1xx_HAL_Driver\\Src\\stm32f1xx_hal.c 0x00000000   Number         0  stm32f1xx_hal.o ABSOLUTE
    ..\\Libraries\\STM32F1xx_HAL_Driver\\Src\\stm32f1xx_hal_adc.c 0x00000000   Number         0  stm32f1xx_hal_adc.o ABSOLUTE
    ..\\Libraries\\STM32F1xx_HAL_Driver\\Src\\stm32f1xx_hal_adc_ex.c 0x00000000   Number         0  stm32f1xx_hal_adc_ex.o ABSOLUTE
    ..\\Libraries\\STM32F1xx_HAL_Driver\\Src\\stm32f1xx_hal_can.c 0x00000000   Number         0  stm32f1xx_hal_can.o ABSOLUTE
    ..\\Libraries\\STM32F1xx_HAL_Driver\\Src\\stm32f1xx_hal_cec.c 0x00000000   Number         0  stm32f1xx_hal_cec.o ABSOLUTE
    ..\\Libraries\\STM32F1xx_HAL_Driver\\Src\\stm32f1xx_hal_cortex.c 0x00000000   Number         0  stm32f1xx_hal_cortex.o ABSOLUTE
    ..\\Libraries\\STM32F1xx_HAL_Driver\\Src\\stm32f1xx_hal_crc.c 0x00000000   Number         0  stm32f1xx_hal_crc.o ABSOLUTE
    ..\\Libraries\\STM32F1xx_HAL_Driver\\Src\\stm32f1xx_hal_dac.c 0x00000000   Number         0  stm32f1xx_hal_dac.o ABSOLUTE
    ..\\Libraries\\STM32F1xx_HAL_Driver\\Src\\stm32f1xx_hal_dac_ex.c 0x00000000   Number         0  stm32f1xx_hal_dac_ex.o ABSOLUTE
    ..\\Libraries\\STM32F1xx_HAL_Driver\\Src\\stm32f1xx_hal_dma.c 0x00000000   Number         0  stm32f1xx_hal_dma.o ABSOLUTE
    ..\\Libraries\\STM32F1xx_HAL_Driver\\Src\\stm32f1xx_hal_eth.c 0x00000000   Number         0  stm32f1xx_hal_eth.o ABSOLUTE
    ..\\Libraries\\STM32F1xx_HAL_Driver\\Src\\stm32f1xx_hal_flash.c 0x00000000   Number         0  stm32f1xx_hal_flash.o ABSOLUTE
    ..\\Libraries\\STM32F1xx_HAL_Driver\\Src\\stm32f1xx_hal_flash_ex.c 0x00000000   Number         0  stm32f1xx_hal_flash_ex.o ABSOLUTE
    ..\\Libraries\\STM32F1xx_HAL_Driver\\Src\\stm32f1xx_hal_gpio.c 0x00000000   Number         0  stm32f1xx_hal_gpio.o ABSOLUTE
    ..\\Libraries\\STM32F1xx_HAL_Driver\\Src\\stm32f1xx_hal_gpio_ex.c 0x00000000   Number         0  stm32f1xx_hal_gpio_ex.o ABSOLUTE
    ..\\Libraries\\STM32F1xx_HAL_Driver\\Src\\stm32f1xx_hal_hcd.c 0x00000000   Number         0  stm32f1xx_hal_hcd.o ABSOLUTE
    ..\\Libraries\\STM32F1xx_HAL_Driver\\Src\\stm32f1xx_hal_i2c.c 0x00000000   Number         0  stm32f1xx_hal_i2c.o ABSOLUTE
    ..\\Libraries\\STM32F1xx_HAL_Driver\\Src\\stm32f1xx_hal_i2s.c 0x00000000   Number         0  stm32f1xx_hal_i2s.o ABSOLUTE
    ..\\Libraries\\STM32F1xx_HAL_Driver\\Src\\stm32f1xx_hal_irda.c 0x00000000   Number         0  stm32f1xx_hal_irda.o ABSOLUTE
    ..\\Libraries\\STM32F1xx_HAL_Driver\\Src\\stm32f1xx_hal_iwdg.c 0x00000000   Number         0  stm32f1xx_hal_iwdg.o ABSOLUTE
    ..\\Libraries\\STM32F1xx_HAL_Driver\\Src\\stm32f1xx_hal_mmc.c 0x00000000   Number         0  stm32f1xx_hal_mmc.o ABSOLUTE
    ..\\Libraries\\STM32F1xx_HAL_Driver\\Src\\stm32f1xx_hal_nand.c 0x00000000   Number         0  stm32f1xx_hal_nand.o ABSOLUTE
    ..\\Libraries\\STM32F1xx_HAL_Driver\\Src\\stm32f1xx_hal_nor.c 0x00000000   Number         0  stm32f1xx_hal_nor.o ABSOLUTE
    ..\\Libraries\\STM32F1xx_HAL_Driver\\Src\\stm32f1xx_hal_pccard.c 0x00000000   Number         0  stm32f1xx_hal_pccard.o ABSOLUTE
    ..\\Libraries\\STM32F1xx_HAL_Driver\\Src\\stm32f1xx_hal_pcd.c 0x00000000   Number         0  stm32f1xx_hal_pcd.o ABSOLUTE
    ..\\Libraries\\STM32F1xx_HAL_Driver\\Src\\stm32f1xx_hal_pcd_ex.c 0x00000000   Number         0  stm32f1xx_hal_pcd_ex.o ABSOLUTE
    ..\\Libraries\\STM32F1xx_HAL_Driver\\Src\\stm32f1xx_hal_pwr.c 0x00000000   Number         0  stm32f1xx_hal_pwr.o ABSOLUTE
    ..\\Libraries\\STM32F1xx_HAL_Driver\\Src\\stm32f1xx_hal_rcc.c 0x00000000   Number         0  stm32f1xx_hal_rcc.o ABSOLUTE
    ..\\Libraries\\STM32F1xx_HAL_Driver\\Src\\stm32f1xx_hal_rcc_ex.c 0x00000000   Number         0  stm32f1xx_hal_rcc_ex.o ABSOLUTE
    ..\\Libraries\\STM32F1xx_HAL_Driver\\Src\\stm32f1xx_hal_rtc.c 0x00000000   Number         0  stm32f1xx_hal_rtc.o ABSOLUTE
    ..\\Libraries\\STM32F1xx_HAL_Driver\\Src\\stm32f1xx_hal_rtc_ex.c 0x00000000   Number         0  stm32f1xx_hal_rtc_ex.o ABSOLUTE
    ..\\Libraries\\STM32F1xx_HAL_Driver\\Src\\stm32f1xx_hal_sd.c 0x00000000   Number         0  stm32f1xx_hal_sd.o ABSOLUTE
    ..\\Libraries\\STM32F1xx_HAL_Driver\\Src\\stm32f1xx_hal_smartcard.c 0x00000000   Number         0  stm32f1xx_hal_smartcard.o ABSOLUTE
    ..\\Libraries\\STM32F1xx_HAL_Driver\\Src\\stm32f1xx_hal_spi.c 0x00000000   Number         0  stm32f1xx_hal_spi.o ABSOLUTE
    ..\\Libraries\\STM32F1xx_HAL_Driver\\Src\\stm32f1xx_hal_sram.c 0x00000000   Number         0  stm32f1xx_hal_sram.o ABSOLUTE
    ..\\Libraries\\STM32F1xx_HAL_Driver\\Src\\stm32f1xx_hal_tim.c 0x00000000   Number         0  stm32f1xx_hal_tim.o ABSOLUTE
    ..\\Libraries\\STM32F1xx_HAL_Driver\\Src\\stm32f1xx_hal_tim_ex.c 0x00000000   Number         0  stm32f1xx_hal_tim_ex.o ABSOLUTE
    ..\\Libraries\\STM32F1xx_HAL_Driver\\Src\\stm32f1xx_hal_uart.c 0x00000000   Number         0  stm32f1xx_hal_uart.o ABSOLUTE
    ..\\Libraries\\STM32F1xx_HAL_Driver\\Src\\stm32f1xx_hal_usart.c 0x00000000   Number         0  stm32f1xx_hal_usart.o ABSOLUTE
    ..\\Libraries\\STM32F1xx_HAL_Driver\\Src\\stm32f1xx_hal_wwdg.c 0x00000000   Number         0  stm32f1xx_hal_wwdg.o ABSOLUTE
    ..\\Libraries\\STM32F1xx_HAL_Driver\\Src\\stm32f1xx_ll_fsmc.c 0x00000000   Number         0  stm32f1xx_ll_fsmc.o ABSOLUTE
    ..\\Libraries\\STM32F1xx_HAL_Driver\\Src\\stm32f1xx_ll_sdmmc.c 0x00000000   Number         0  stm32f1xx_ll_sdmmc.o ABSOLUTE
    ..\\Libraries\\STM32F1xx_HAL_Driver\\Src\\stm32f1xx_ll_usb.c 0x00000000   Number         0  stm32f1xx_ll_usb.o ABSOLUTE
    ..\\User\\adc\\bsp_adc.c                 0x00000000   Number         0  bsp_adc.o ABSOLUTE
    ..\\User\\encoder\\bsp_encoder.c         0x00000000   Number         0  bsp_encoder.o ABSOLUTE
    ..\\User\\key\\bsp_key.c                 0x00000000   Number         0  bsp_key.o ABSOLUTE
    ..\\User\\led\\bsp_led.c                 0x00000000   Number         0  bsp_led.o ABSOLUTE
    ..\\User\\main.c                         0x00000000   Number         0  main.o ABSOLUTE
    ..\\User\\motor_control\\bsp_motor_control.c 0x00000000   Number         0  bsp_motor_control.o ABSOLUTE
    ..\\User\\pid\\bsp_pid.c                 0x00000000   Number         0  bsp_pid.o ABSOLUTE
    ..\\User\\protocol\\protocol.c           0x00000000   Number         0  protocol.o ABSOLUTE
    ..\\User\\stm32f1xx_it.c                 0x00000000   Number         0  stm32f1xx_it.o ABSOLUTE
    ..\\User\\tim\\bsp_basic_tim.c           0x00000000   Number         0  bsp_basic_tim.o ABSOLUTE
    ..\\User\\tim\\bsp_motor_tim.c           0x00000000   Number         0  bsp_motor_tim.o ABSOLUTE
    ..\\User\\usart\\bsp_debug_usart.c       0x00000000   Number         0  bsp_debug_usart.o ABSOLUTE
    cfrcmple.s                               0x00000000   Number         0  cfrcmple.o ABSOLUTE
    dc.s                                     0x00000000   Number         0  dc.o ABSOLUTE
    handlers.s                               0x00000000   Number         0  handlers.o ABSOLUTE
    init.s                                   0x00000000   Number         0  init.o ABSOLUTE
    RESET                                    0x08000000   Section      304  startup_stm32f103xe.o(RESET)
    .ARM.Collect$$$$00000000                 0x08000130   Section        0  entry.o(.ARM.Collect$$$$00000000)
    .ARM.Collect$$$$00000001                 0x08000130   Section        4  entry2.o(.ARM.Collect$$$$00000001)
    .ARM.Collect$$$$00000004                 0x08000134   Section        4  entry5.o(.ARM.Collect$$$$00000004)
    .ARM.Collect$$$$00000008                 0x08000138   Section        0  entry7b.o(.ARM.Collect$$$$00000008)
    .ARM.Collect$$$$0000000A                 0x08000138   Section        0  entry8b.o(.ARM.Collect$$$$0000000A)
    .ARM.Collect$$$$0000000B                 0x08000138   Section        8  entry9a.o(.ARM.Collect$$$$0000000B)
    .ARM.Collect$$$$0000000D                 0x08000140   Section        0  entry10a.o(.ARM.Collect$$$$0000000D)
    .ARM.Collect$$$$0000000F                 0x08000140   Section        0  entry11a.o(.ARM.Collect$$$$0000000F)
    .ARM.Collect$$$$00002712                 0x08000140   Section        4  entry2.o(.ARM.Collect$$$$00002712)
    __lit__00000000                          0x08000140   Data           4  entry2.o(.ARM.Collect$$$$00002712)
    .text                                    0x08000144   Section       36  startup_stm32f103xe.o(.text)
    .text                                    0x08000168   Section        0  llushr.o(.text)
    .text                                    0x08000188   Section        0  memcpya.o(.text)
    .text                                    0x080001ac   Section        0  memseta.o(.text)
    .text                                    0x080001d0   Section        0  fadd.o(.text)
    .text                                    0x08000280   Section        0  fmul.o(.text)
    .text                                    0x080002e4   Section        0  fdiv.o(.text)
    .text                                    0x08000360   Section        0  ddiv.o(.text)
    .text                                    0x0800043e   Section        0  fflti.o(.text)
    .text                                    0x08000450   Section        0  ffltui.o(.text)
    .text                                    0x0800045a   Section        0  ffixui.o(.text)
    .text                                    0x08000482   Section        0  dfixi.o(.text)
    .text                                    0x080004c0   Section        0  f2d.o(.text)
    .text                                    0x080004e8   Section       20  cfrcmple.o(.text)
    .text                                    0x080004fc   Section        0  fepilogue.o(.text)
    .text                                    0x080004fc   Section        0  iusefp.o(.text)
    .text                                    0x0800056a   Section        0  depilogue.o(.text)
    .text                                    0x08000624   Section       36  init.o(.text)
    .text                                    0x08000648   Section        0  llshl.o(.text)
    i.BusFault_Handler                       0x08000666   Section        0  stm32f1xx_it.o(i.BusFault_Handler)
    i.DEBUG_USART_Config                     0x0800066c   Section        0  bsp_debug_usart.o(i.DEBUG_USART_Config)
    i.DMA1_Channel1_IRQHandler               0x080006a8   Section        0  stm32f1xx_it.o(i.DMA1_Channel1_IRQHandler)
    i.DebugMon_Handler                       0x080006b8   Section        0  stm32f1xx_it.o(i.DebugMon_Handler)
    i.Encoder_GPIO_Init                      0x080006bc   Section        0  bsp_encoder.o(i.Encoder_GPIO_Init)
    Encoder_GPIO_Init                        0x080006bd   Thumb Code   108  bsp_encoder.o(i.Encoder_GPIO_Init)
    i.Encoder_Init                           0x08000730   Section        0  bsp_encoder.o(i.Encoder_Init)
    i.HAL_DMA_Abort_IT                       0x0800073c   Section        0  stm32f1xx_hal_dma.o(i.HAL_DMA_Abort_IT)
    i.HAL_DMA_IRQHandler                     0x080008e4   Section        0  stm32f1xx_hal_dma.o(i.HAL_DMA_IRQHandler)
    i.HAL_GPIO_Init                          0x08000c7c   Section        0  stm32f1xx_hal_gpio.o(i.HAL_GPIO_Init)
    i.HAL_GPIO_ReadPin                       0x08000fbc   Section        0  stm32f1xx_hal_gpio.o(i.HAL_GPIO_ReadPin)
    i.HAL_GPIO_WritePin                      0x08000fcc   Section        0  stm32f1xx_hal_gpio.o(i.HAL_GPIO_WritePin)
    i.HAL_GetTick                            0x08000fd8   Section        0  stm32f1xx_hal.o(i.HAL_GetTick)
    i.HAL_IncTick                            0x08000fe4   Section        0  stm32f1xx_hal.o(i.HAL_IncTick)
    i.HAL_Init                               0x08000ffc   Section        0  stm32f1xx_hal.o(i.HAL_Init)
    i.HAL_InitTick                           0x08001024   Section        0  stm32f1xx_hal.o(i.HAL_InitTick)
    i.HAL_MspInit                            0x08001070   Section        0  stm32f1xx_hal.o(i.HAL_MspInit)
    i.HAL_NVIC_EnableIRQ                     0x08001072   Section        0  stm32f1xx_hal_cortex.o(i.HAL_NVIC_EnableIRQ)
    i.HAL_NVIC_SetPriority                   0x08001092   Section        0  stm32f1xx_hal_cortex.o(i.HAL_NVIC_SetPriority)
    i.HAL_NVIC_SetPriorityGrouping           0x08001110   Section        0  stm32f1xx_hal_cortex.o(i.HAL_NVIC_SetPriorityGrouping)
    i.HAL_NVIC_SystemReset                   0x08001138   Section        0  stm32f1xx_hal_cortex.o(i.HAL_NVIC_SystemReset)
    i.HAL_RCCEx_PeriphCLKConfig              0x0800117c   Section        0  stm32f1xx_hal_rcc_ex.o(i.HAL_RCCEx_PeriphCLKConfig)
    i.HAL_RCC_ClockConfig                    0x080012ac   Section        0  stm32f1xx_hal_rcc.o(i.HAL_RCC_ClockConfig)
    i.HAL_RCC_GetHCLKFreq                    0x08001438   Section        0  stm32f1xx_hal_rcc.o(i.HAL_RCC_GetHCLKFreq)
    i.HAL_RCC_GetPCLK1Freq                   0x08001444   Section        0  stm32f1xx_hal_rcc.o(i.HAL_RCC_GetPCLK1Freq)
    i.HAL_RCC_GetPCLK2Freq                   0x08001464   Section        0  stm32f1xx_hal_rcc.o(i.HAL_RCC_GetPCLK2Freq)
    i.HAL_RCC_GetSysClockFreq                0x08001484   Section        0  stm32f1xx_hal_rcc.o(i.HAL_RCC_GetSysClockFreq)
    i.HAL_RCC_OscConfig                      0x08001518   Section        0  stm32f1xx_hal_rcc.o(i.HAL_RCC_OscConfig)
    i.HAL_SYSTICK_Callback                   0x0800197c   Section        0  stm32f1xx_hal_cortex.o(i.HAL_SYSTICK_Callback)
    i.HAL_SYSTICK_Config                     0x0800197e   Section        0  stm32f1xx_hal_cortex.o(i.HAL_SYSTICK_Config)
    i.HAL_TIMEx_BreakCallback                0x080019b2   Section        0  stm32f1xx_hal_tim_ex.o(i.HAL_TIMEx_BreakCallback)
    i.HAL_TIMEx_CommutCallback               0x080019b4   Section        0  stm32f1xx_hal_tim_ex.o(i.HAL_TIMEx_CommutCallback)
    i.HAL_TIM_Base_Init                      0x080019b6   Section        0  stm32f1xx_hal_tim.o(i.HAL_TIM_Base_Init)
    i.HAL_TIM_Base_MspInit                   0x080019ea   Section        0  stm32f1xx_hal_tim.o(i.HAL_TIM_Base_MspInit)
    i.HAL_TIM_Base_Start_IT                  0x080019ec   Section        0  stm32f1xx_hal_tim.o(i.HAL_TIM_Base_Start_IT)
    i.HAL_TIM_Encoder_Init                   0x08001a16   Section        0  stm32f1xx_hal_tim.o(i.HAL_TIM_Encoder_Init)
    i.HAL_TIM_Encoder_MspInit                0x08001ac0   Section        0  stm32f1xx_hal_tim.o(i.HAL_TIM_Encoder_MspInit)
    i.HAL_TIM_Encoder_Start                  0x08001ac2   Section        0  stm32f1xx_hal_tim.o(i.HAL_TIM_Encoder_Start)
    i.HAL_TIM_IC_CaptureCallback             0x08001b10   Section        0  stm32f1xx_hal_tim.o(i.HAL_TIM_IC_CaptureCallback)
    i.HAL_TIM_IRQHandler                     0x08001b12   Section        0  stm32f1xx_hal_tim.o(i.HAL_TIM_IRQHandler)
    i.HAL_TIM_OC_DelayElapsedCallback        0x08001ca8   Section        0  stm32f1xx_hal_tim.o(i.HAL_TIM_OC_DelayElapsedCallback)
    i.HAL_TIM_PWM_ConfigChannel              0x08001caa   Section        0  stm32f1xx_hal_tim.o(i.HAL_TIM_PWM_ConfigChannel)
    i.HAL_TIM_PWM_Init                       0x08001db2   Section        0  stm32f1xx_hal_tim.o(i.HAL_TIM_PWM_Init)
    i.HAL_TIM_PWM_MspInit                    0x08001de6   Section        0  stm32f1xx_hal_tim.o(i.HAL_TIM_PWM_MspInit)
    i.HAL_TIM_PWM_PulseFinishedCallback      0x08001de8   Section        0  stm32f1xx_hal_tim.o(i.HAL_TIM_PWM_PulseFinishedCallback)
    i.HAL_TIM_PWM_Start                      0x08001dec   Section        0  stm32f1xx_hal_tim.o(i.HAL_TIM_PWM_Start)
    i.HAL_TIM_PWM_Stop                       0x08001e44   Section        0  stm32f1xx_hal_tim.o(i.HAL_TIM_PWM_Stop)
    i.HAL_TIM_PeriodElapsedCallback          0x08001ecc   Section        0  stm32f1xx_it.o(i.HAL_TIM_PeriodElapsedCallback)
    i.HAL_TIM_TriggerCallback                0x08001f2c   Section        0  stm32f1xx_hal_tim.o(i.HAL_TIM_TriggerCallback)
    i.HAL_UART_ErrorCallback                 0x08001f2e   Section        0  stm32f1xx_hal_uart.o(i.HAL_UART_ErrorCallback)
    i.HAL_UART_IRQHandler                    0x08001f30   Section        0  stm32f1xx_hal_uart.o(i.HAL_UART_IRQHandler)
    i.HAL_UART_Init                          0x0800207c   Section        0  stm32f1xx_hal_uart.o(i.HAL_UART_Init)
    i.HAL_UART_MspInit                       0x080020f0   Section        0  bsp_debug_usart.o(i.HAL_UART_MspInit)
    i.HAL_UART_RxCpltCallback                0x080021a8   Section        0  stm32f1xx_hal_uart.o(i.HAL_UART_RxCpltCallback)
    i.HAL_UART_Transmit                      0x080021aa   Section        0  stm32f1xx_hal_uart.o(i.HAL_UART_Transmit)
    i.HAL_UART_TxCpltCallback                0x08002280   Section        0  stm32f1xx_hal_uart.o(i.HAL_UART_TxCpltCallback)
    i.HardFault_Handler                      0x08002282   Section        0  stm32f1xx_it.o(i.HardFault_Handler)
    i.Key_GPIO_Config                        0x08002288   Section        0  bsp_key.o(i.Key_GPIO_Config)
    i.Key_Scan                               0x080022f4   Section        0  bsp_key.o(i.Key_Scan)
    i.LED_GPIO_Config                        0x0800231c   Section        0  bsp_led.o(i.LED_GPIO_Config)
    i.MemManage_Handler                      0x080023b8   Section        0  stm32f1xx_it.o(i.MemManage_Handler)
    i.Motor_TIMx_Configuration               0x080023bc   Section        0  bsp_motor_tim.o(i.Motor_TIMx_Configuration)
    i.NMI_Handler                            0x080023c8   Section        0  stm32f1xx_it.o(i.NMI_Handler)
    i.PID_param_init                         0x080023cc   Section        0  bsp_pid.o(i.PID_param_init)
    i.PID_realize                            0x08002418   Section        0  bsp_pid.o(i.PID_realize)
    i.PendSV_Handler                         0x08002490   Section        0  stm32f1xx_it.o(i.PendSV_Handler)
    i.RCC_Delay                              0x08002494   Section        0  stm32f1xx_hal_rcc.o(i.RCC_Delay)
    RCC_Delay                                0x08002495   Thumb Code    36  stm32f1xx_hal_rcc.o(i.RCC_Delay)
    i.SVC_Handler                            0x080024bc   Section        0  stm32f1xx_it.o(i.SVC_Handler)
    i.SysTick_Handler                        0x080024be   Section        0  stm32f1xx_it.o(i.SysTick_Handler)
    i.SystemClock_Config                     0x080024ca   Section        0  main.o(i.SystemClock_Config)
    SystemClock_Config                       0x080024cb   Thumb Code   124  main.o(i.SystemClock_Config)
    i.SystemInit                             0x08002548   Section        0  system_stm32f1xx.o(i.SystemInit)
    i.TIM1_SetPWM_pulse                      0x080025a0   Section        0  bsp_motor_tim.o(i.TIM1_SetPWM_pulse)
    i.TIM4_IRQHandler                        0x080025d8   Section        0  stm32f1xx_it.o(i.TIM4_IRQHandler)
    i.TIM6_IRQHandler                        0x080025f4   Section        0  stm32f1xx_it.o(i.TIM6_IRQHandler)
    i.TIM_Base_SetConfig                     0x08002604   Section        0  stm32f1xx_hal_tim.o(i.TIM_Base_SetConfig)
    i.TIM_CCxChannelCmd                      0x080026a0   Section        0  stm32f1xx_hal_tim.o(i.TIM_CCxChannelCmd)
    i.TIM_Encoder_Init                       0x080026c4   Section        0  bsp_encoder.o(i.TIM_Encoder_Init)
    TIM_Encoder_Init                         0x080026c5   Thumb Code   174  bsp_encoder.o(i.TIM_Encoder_Init)
    i.TIM_Mode_Config                        0x08002780   Section        0  bsp_basic_tim.o(i.TIM_Mode_Config)
    TIM_Mode_Config                          0x08002781   Thumb Code    72  bsp_basic_tim.o(i.TIM_Mode_Config)
    i.TIM_OC1_SetConfig                      0x080027d4   Section        0  stm32f1xx_hal_tim.o(i.TIM_OC1_SetConfig)
    TIM_OC1_SetConfig                        0x080027d5   Thumb Code   104  stm32f1xx_hal_tim.o(i.TIM_OC1_SetConfig)
    i.TIM_OC2_SetConfig                      0x08002844   Section        0  stm32f1xx_hal_tim.o(i.TIM_OC2_SetConfig)
    i.TIM_OC3_SetConfig                      0x080028c0   Section        0  stm32f1xx_hal_tim.o(i.TIM_OC3_SetConfig)
    TIM_OC3_SetConfig                        0x080028c1   Thumb Code   112  stm32f1xx_hal_tim.o(i.TIM_OC3_SetConfig)
    i.TIM_OC4_SetConfig                      0x08002938   Section        0  stm32f1xx_hal_tim.o(i.TIM_OC4_SetConfig)
    TIM_OC4_SetConfig                        0x08002939   Thumb Code    74  stm32f1xx_hal_tim.o(i.TIM_OC4_SetConfig)
    i.TIM_PWMOUTPUT_Config                   0x0800298c   Section        0  bsp_motor_tim.o(i.TIM_PWMOUTPUT_Config)
    TIM_PWMOUTPUT_Config                     0x0800298d   Thumb Code   136  bsp_motor_tim.o(i.TIM_PWMOUTPUT_Config)
    i.TIMx_Configuration                     0x08002a20   Section        0  bsp_basic_tim.o(i.TIMx_Configuration)
    i.TIMx_GPIO_Config                       0x08002a5c   Section        0  bsp_motor_tim.o(i.TIMx_GPIO_Config)
    TIMx_GPIO_Config                         0x08002a5d   Thumb Code   118  bsp_motor_tim.o(i.TIMx_GPIO_Config)
    i.TIMx_NVIC_Configuration                0x08002ae0   Section        0  bsp_basic_tim.o(i.TIMx_NVIC_Configuration)
    TIMx_NVIC_Configuration                  0x08002ae1   Thumb Code    20  bsp_basic_tim.o(i.TIMx_NVIC_Configuration)
    i.UART_DMAAbortOnError                   0x08002af4   Section        0  stm32f1xx_hal_uart.o(i.UART_DMAAbortOnError)
    UART_DMAAbortOnError                     0x08002af5   Thumb Code    20  stm32f1xx_hal_uart.o(i.UART_DMAAbortOnError)
    i.UART_EndRxTransfer                     0x08002b08   Section        0  stm32f1xx_hal_uart.o(i.UART_EndRxTransfer)
    UART_EndRxTransfer                       0x08002b09   Thumb Code    32  stm32f1xx_hal_uart.o(i.UART_EndRxTransfer)
    i.UART_EndTransmit_IT                    0x08002b28   Section        0  stm32f1xx_hal_uart.o(i.UART_EndTransmit_IT)
    UART_EndTransmit_IT                      0x08002b29   Thumb Code    32  stm32f1xx_hal_uart.o(i.UART_EndTransmit_IT)
    i.UART_Receive_IT                        0x08002b48   Section        0  stm32f1xx_hal_uart.o(i.UART_Receive_IT)
    UART_Receive_IT                          0x08002b49   Thumb Code   166  stm32f1xx_hal_uart.o(i.UART_Receive_IT)
    i.UART_SetConfig                         0x08002bf0   Section        0  stm32f1xx_hal_uart.o(i.UART_SetConfig)
    UART_SetConfig                           0x08002bf1   Thumb Code   412  stm32f1xx_hal_uart.o(i.UART_SetConfig)
    i.UART_Transmit_IT                       0x08002d90   Section        0  stm32f1xx_hal_uart.o(i.UART_Transmit_IT)
    UART_Transmit_IT                         0x08002d91   Thumb Code   104  stm32f1xx_hal_uart.o(i.UART_Transmit_IT)
    i.UART_WaitOnFlagUntilTimeout            0x08002df8   Section        0  stm32f1xx_hal_uart.o(i.UART_WaitOnFlagUntilTimeout)
    UART_WaitOnFlagUntilTimeout              0x08002df9   Thumb Code   108  stm32f1xx_hal_uart.o(i.UART_WaitOnFlagUntilTimeout)
    i.USART1_IRQHandler                      0x08002e64   Section        0  stm32f1xx_it.o(i.USART1_IRQHandler)
    i.UsageFault_Handler                     0x08002e9c   Section        0  stm32f1xx_it.o(i.UsageFault_Handler)
    i.__NVIC_GetPriorityGrouping             0x08002ea0   Section        0  stm32f1xx_hal_cortex.o(i.__NVIC_GetPriorityGrouping)
    __NVIC_GetPriorityGrouping               0x08002ea1   Thumb Code    10  stm32f1xx_hal_cortex.o(i.__NVIC_GetPriorityGrouping)
    i.__NVIC_SetPriority                     0x08002eb0   Section        0  stm32f1xx_hal_cortex.o(i.__NVIC_SetPriority)
    __NVIC_SetPriority                       0x08002eb1   Thumb Code    32  stm32f1xx_hal_cortex.o(i.__NVIC_SetPriority)
    i.__scatterload_copy                     0x08002ed8   Section       14  handlers.o(i.__scatterload_copy)
    i.__scatterload_null                     0x08002ee6   Section        2  handlers.o(i.__scatterload_null)
    i.__scatterload_zeroinit                 0x08002ee8   Section       14  handlers.o(i.__scatterload_zeroinit)
    i.check_sum                              0x08002ef6   Section        0  protocol.o(i.check_sum)
    i.get_frame_checksum                     0x08002f12   Section        0  protocol.o(i.get_frame_checksum)
    get_frame_checksum                       0x08002f13   Thumb Code    26  protocol.o(i.get_frame_checksum)
    i.get_frame_len                          0x08002f2c   Section        0  protocol.o(i.get_frame_len)
    get_frame_len                            0x08002f2d   Thumb Code    52  protocol.o(i.get_frame_len)
    i.get_frame_type                         0x08002f60   Section        0  protocol.o(i.get_frame_type)
    get_frame_type                           0x08002f61   Thumb Code    14  protocol.o(i.get_frame_type)
    i.main                                   0x08002f70   Section        0  main.o(i.main)
    i.motor_init                             0x0800304c   Section        0  bsp_motor_control.o(i.motor_init)
    i.motor_pid_control                      0x08003058   Section        0  bsp_motor_control.o(i.motor_pid_control)
    i.protocol_data_recv                     0x08003184   Section        0  protocol.o(i.protocol_data_recv)
    i.protocol_frame_parse                   0x080031b8   Section        0  protocol.o(i.protocol_frame_parse)
    protocol_frame_parse                     0x080031b9   Thumb Code   442  protocol.o(i.protocol_frame_parse)
    i.protocol_init                          0x08003378   Section        0  protocol.o(i.protocol_init)
    i.receiving_process                      0x08003394   Section        0  protocol.o(i.receiving_process)
    i.recvbuf_find_header                    0x08003528   Section        0  protocol.o(i.recvbuf_find_header)
    recvbuf_find_header                      0x08003529   Thumb Code   112  protocol.o(i.recvbuf_find_header)
    i.recvbuf_get_len_to_parse               0x0800359c   Section        0  protocol.o(i.recvbuf_get_len_to_parse)
    recvbuf_get_len_to_parse                 0x0800359d   Thumb Code    34  protocol.o(i.recvbuf_get_len_to_parse)
    i.recvbuf_put_data                       0x080035be   Section        0  protocol.o(i.recvbuf_put_data)
    recvbuf_put_data                         0x080035bf   Thumb Code    70  protocol.o(i.recvbuf_put_data)
    i.sd_gpio_config                         0x08003604   Section        0  bsp_motor_control.o(i.sd_gpio_config)
    sd_gpio_config                           0x08003605   Thumb Code    58  bsp_motor_control.o(i.sd_gpio_config)
    i.set_computer_value                     0x08003648   Section        0  protocol.o(i.set_computer_value)
    i.set_motor_direction                    0x080036bc   Section        0  bsp_motor_control.o(i.set_motor_direction)
    i.set_motor_disable                      0x080036f8   Section        0  bsp_motor_control.o(i.set_motor_disable)
    i.set_motor_enable                       0x0800372c   Section        0  bsp_motor_control.o(i.set_motor_enable)
    i.set_motor_speed                        0x0800375c   Section        0  bsp_motor_control.o(i.set_motor_speed)
    i.set_p_i_d                              0x0800379c   Section        0  bsp_pid.o(i.set_p_i_d)
    i.set_pid_target                         0x080037ac   Section        0  bsp_pid.o(i.set_pid_target)
    .constdata                               0x080037b8   Section       24  system_stm32f1xx.o(.constdata)
    .data                                    0x20000000   Section        4  system_stm32f1xx.o(.data)
    .data                                    0x20000004   Section        9  stm32f1xx_hal.o(.data)
    .data                                    0x2000000d   Section        2  stm32f1xx_it.o(.data)
    .data                                    0x20000010   Section       16  bsp_motor_control.o(.data)
    direction                                0x20000010   Data           1  bsp_motor_control.o(.data)
    dutyfactor                               0x20000012   Data           2  bsp_motor_control.o(.data)
    is_motor_en                              0x20000014   Data           1  bsp_motor_control.o(.data)
    Capture_Count                            0x20000018   Data           4  bsp_motor_control.o(.data)
    Last_Count                               0x2000001c   Data           4  bsp_motor_control.o(.data)
    .data                                    0x20000020   Section        2  bsp_encoder.o(.data)
    .bss                                     0x20000024   Section      628  bsp_adc.o(.bss)
    adc_buff                                 0x20000098   Data         512  bsp_adc.o(.bss)
    .bss                                     0x20000298   Section       64  bsp_debug_usart.o(.bss)
    .bss                                     0x200002d8   Section       64  bsp_basic_tim.o(.bss)
    .bss                                     0x20000318   Section       64  bsp_motor_tim.o(.bss)
    .bss                                     0x20000358   Section       64  bsp_encoder.o(.bss)
    .bss                                     0x20000398   Section       32  bsp_pid.o(.bss)
    .bss                                     0x200003b8   Section      150  protocol.o(.bss)
    parser                                   0x200003b8   Data          12  protocol.o(.bss)
    recv_buf                                 0x200003c4   Data         128  protocol.o(.bss)
    set_packet                               0x20000444   Data          10  protocol.o(.bss)
    STACK                                    0x20000450   Section     1024  startup_stm32f103xe.o(STACK)

    Global Symbols

    Symbol Name                              Value     Ov Type        Size  Object(Section)

    BuildAttributes$$THM_ISAv4$P$D$K$B$S$PE$A:L22UL41UL21$X:L11$S22US41US21$IEEE1$IW$USESV6$~STKCKD$USESV7$~SHL$OTIME$ROPI$EBA8$MICROLIB$REQ8$PRES8$EABIv2 0x00000000   Number         0  anon$$obj.o ABSOLUTE
    __ARM_use_no_argv                        0x00000000   Number         0  main.o ABSOLUTE
    __cpp_initialize__aeabi_                  - Undefined Weak Reference
    __cxa_finalize                            - Undefined Weak Reference
    __decompress                              - Undefined Weak Reference
    _clock_init                               - Undefined Weak Reference
    _microlib_exit                            - Undefined Weak Reference
    __Vectors_Size                           0x00000130   Number         0  startup_stm32f103xe.o ABSOLUTE
    __Vectors                                0x08000000   Data           4  startup_stm32f103xe.o(RESET)
    __Vectors_End                            0x08000130   Data           0  startup_stm32f103xe.o(RESET)
    __main                                   0x08000131   Thumb Code     0  entry.o(.ARM.Collect$$$$00000000)
    _main_stk                                0x08000131   Thumb Code     0  entry2.o(.ARM.Collect$$$$00000001)
    _main_scatterload                        0x08000135   Thumb Code     0  entry5.o(.ARM.Collect$$$$00000004)
    __main_after_scatterload                 0x08000139   Thumb Code     0  entry5.o(.ARM.Collect$$$$00000004)
    _main_clock                              0x08000139   Thumb Code     0  entry7b.o(.ARM.Collect$$$$00000008)
    _main_cpp_init                           0x08000139   Thumb Code     0  entry8b.o(.ARM.Collect$$$$0000000A)
    _main_init                               0x08000139   Thumb Code     0  entry9a.o(.ARM.Collect$$$$0000000B)
    __rt_final_cpp                           0x08000141   Thumb Code     0  entry10a.o(.ARM.Collect$$$$0000000D)
    __rt_final_exit                          0x08000141   Thumb Code     0  entry11a.o(.ARM.Collect$$$$0000000F)
    Reset_Handler                            0x08000145   Thumb Code     8  startup_stm32f103xe.o(.text)
    ADC1_2_IRQHandler                        0x0800015f   Thumb Code     0  startup_stm32f103xe.o(.text)
    ADC3_IRQHandler                          0x0800015f   Thumb Code     0  startup_stm32f103xe.o(.text)
    CAN1_RX1_IRQHandler                      0x0800015f   Thumb Code     0  startup_stm32f103xe.o(.text)
    CAN1_SCE_IRQHandler                      0x0800015f   Thumb Code     0  startup_stm32f103xe.o(.text)
    DMA1_Channel2_IRQHandler                 0x0800015f   Thumb Code     0  startup_stm32f103xe.o(.text)
    DMA1_Channel3_IRQHandler                 0x0800015f   Thumb Code     0  startup_stm32f103xe.o(.text)
    DMA1_Channel4_IRQHandler                 0x0800015f   Thumb Code     0  startup_stm32f103xe.o(.text)
    DMA1_Channel5_IRQHandler                 0x0800015f   Thumb Code     0  startup_stm32f103xe.o(.text)
    DMA1_Channel6_IRQHandler                 0x0800015f   Thumb Code     0  startup_stm32f103xe.o(.text)
    DMA1_Channel7_IRQHandler                 0x0800015f   Thumb Code     0  startup_stm32f103xe.o(.text)
    DMA2_Channel1_IRQHandler                 0x0800015f   Thumb Code     0  startup_stm32f103xe.o(.text)
    DMA2_Channel2_IRQHandler                 0x0800015f   Thumb Code     0  startup_stm32f103xe.o(.text)
    DMA2_Channel3_IRQHandler                 0x0800015f   Thumb Code     0  startup_stm32f103xe.o(.text)
    DMA2_Channel4_5_IRQHandler               0x0800015f   Thumb Code     0  startup_stm32f103xe.o(.text)
    EXTI0_IRQHandler                         0x0800015f   Thumb Code     0  startup_stm32f103xe.o(.text)
    EXTI15_10_IRQHandler                     0x0800015f   Thumb Code     0  startup_stm32f103xe.o(.text)
    EXTI1_IRQHandler                         0x0800015f   Thumb Code     0  startup_stm32f103xe.o(.text)
    EXTI2_IRQHandler                         0x0800015f   Thumb Code     0  startup_stm32f103xe.o(.text)
    EXTI3_IRQHandler                         0x0800015f   Thumb Code     0  startup_stm32f103xe.o(.text)
    EXTI4_IRQHandler                         0x0800015f   Thumb Code     0  startup_stm32f103xe.o(.text)
    EXTI9_5_IRQHandler                       0x0800015f   Thumb Code     0  startup_stm32f103xe.o(.text)
    FLASH_IRQHandler                         0x0800015f   Thumb Code     0  startup_stm32f103xe.o(.text)
    FSMC_IRQHandler                          0x0800015f   Thumb Code     0  startup_stm32f103xe.o(.text)
    I2C1_ER_IRQHandler                       0x0800015f   Thumb Code     0  startup_stm32f103xe.o(.text)
    I2C1_EV_IRQHandler                       0x0800015f   Thumb Code     0  startup_stm32f103xe.o(.text)
    I2C2_ER_IRQHandler                       0x0800015f   Thumb Code     0  startup_stm32f103xe.o(.text)
    I2C2_EV_IRQHandler                       0x0800015f   Thumb Code     0  startup_stm32f103xe.o(.text)
    PVD_IRQHandler                           0x0800015f   Thumb Code     0  startup_stm32f103xe.o(.text)
    RCC_IRQHandler                           0x0800015f   Thumb Code     0  startup_stm32f103xe.o(.text)
    RTC_Alarm_IRQHandler                     0x0800015f   Thumb Code     0  startup_stm32f103xe.o(.text)
    RTC_IRQHandler                           0x0800015f   Thumb Code     0  startup_stm32f103xe.o(.text)
    SDIO_IRQHandler                          0x0800015f   Thumb Code     0  startup_stm32f103xe.o(.text)
    SPI1_IRQHandler                          0x0800015f   Thumb Code     0  startup_stm32f103xe.o(.text)
    SPI2_IRQHandler                          0x0800015f   Thumb Code     0  startup_stm32f103xe.o(.text)
    SPI3_IRQHandler                          0x0800015f   Thumb Code     0  startup_stm32f103xe.o(.text)
    TAMPER_IRQHandler                        0x0800015f   Thumb Code     0  startup_stm32f103xe.o(.text)
    TIM1_BRK_IRQHandler                      0x0800015f   Thumb Code     0  startup_stm32f103xe.o(.text)
    TIM1_CC_IRQHandler                       0x0800015f   Thumb Code     0  startup_stm32f103xe.o(.text)
    TIM1_TRG_COM_IRQHandler                  0x0800015f   Thumb Code     0  startup_stm32f103xe.o(.text)
    TIM1_UP_IRQHandler                       0x0800015f   Thumb Code     0  startup_stm32f103xe.o(.text)
    TIM2_IRQHandler                          0x0800015f   Thumb Code     0  startup_stm32f103xe.o(.text)
    TIM3_IRQHandler                          0x0800015f   Thumb Code     0  startup_stm32f103xe.o(.text)
    TIM5_IRQHandler                          0x0800015f   Thumb Code     0  startup_stm32f103xe.o(.text)
    TIM7_IRQHandler                          0x0800015f   Thumb Code     0  startup_stm32f103xe.o(.text)
    TIM8_BRK_IRQHandler                      0x0800015f   Thumb Code     0  startup_stm32f103xe.o(.text)
    TIM8_CC_IRQHandler                       0x0800015f   Thumb Code     0  startup_stm32f103xe.o(.text)
    TIM8_TRG_COM_IRQHandler                  0x0800015f   Thumb Code     0  startup_stm32f103xe.o(.text)
    TIM8_UP_IRQHandler                       0x0800015f   Thumb Code     0  startup_stm32f103xe.o(.text)
    UART4_IRQHandler                         0x0800015f   Thumb Code     0  startup_stm32f103xe.o(.text)
    UART5_IRQHandler                         0x0800015f   Thumb Code     0  startup_stm32f103xe.o(.text)
    USART2_IRQHandler                        0x0800015f   Thumb Code     0  startup_stm32f103xe.o(.text)
    USART3_IRQHandler                        0x0800015f   Thumb Code     0  startup_stm32f103xe.o(.text)
    USBWakeUp_IRQHandler                     0x0800015f   Thumb Code     0  startup_stm32f103xe.o(.text)
    USB_HP_CAN1_TX_IRQHandler                0x0800015f   Thumb Code     0  startup_stm32f103xe.o(.text)
    USB_LP_CAN1_RX0_IRQHandler               0x0800015f   Thumb Code     0  startup_stm32f103xe.o(.text)
    WWDG_IRQHandler                          0x0800015f   Thumb Code     0  startup_stm32f103xe.o(.text)
    __aeabi_llsr                             0x08000169   Thumb Code    32  llushr.o(.text)
    _ll_ushift_r                             0x08000169   Thumb Code     0  llushr.o(.text)
    __aeabi_memcpy                           0x08000189   Thumb Code    36  memcpya.o(.text)
    __aeabi_memcpy4                          0x08000189   Thumb Code     0  memcpya.o(.text)
    __aeabi_memcpy8                          0x08000189   Thumb Code     0  memcpya.o(.text)
    __aeabi_memset                           0x080001ad   Thumb Code    14  memseta.o(.text)
    __aeabi_memset4                          0x080001ad   Thumb Code     0  memseta.o(.text)
    __aeabi_memset8                          0x080001ad   Thumb Code     0  memseta.o(.text)
    __aeabi_memclr                           0x080001bb   Thumb Code     4  memseta.o(.text)
    __aeabi_memclr4                          0x080001bb   Thumb Code     0  memseta.o(.text)
    __aeabi_memclr8                          0x080001bb   Thumb Code     0  memseta.o(.text)
    _memset$wrapper                          0x080001bf   Thumb Code    18  memseta.o(.text)
    __aeabi_fadd                             0x080001d1   Thumb Code   164  fadd.o(.text)
    __aeabi_fsub                             0x08000275   Thumb Code     6  fadd.o(.text)
    __aeabi_frsub                            0x0800027b   Thumb Code     6  fadd.o(.text)
    __aeabi_fmul                             0x08000281   Thumb Code   100  fmul.o(.text)
    __aeabi_fdiv                             0x080002e5   Thumb Code   124  fdiv.o(.text)
    __aeabi_ddiv                             0x08000361   Thumb Code   222  ddiv.o(.text)
    __aeabi_i2f                              0x0800043f   Thumb Code    18  fflti.o(.text)
    __aeabi_ui2f                             0x08000451   Thumb Code    10  ffltui.o(.text)
    __aeabi_f2uiz                            0x0800045b   Thumb Code    40  ffixui.o(.text)
    __aeabi_d2iz                             0x08000483   Thumb Code    62  dfixi.o(.text)
    __aeabi_f2d                              0x080004c1   Thumb Code    38  f2d.o(.text)
    __aeabi_cfrcmple                         0x080004e9   Thumb Code    20  cfrcmple.o(.text)
    __I$use$fp                               0x080004fd   Thumb Code     0  iusefp.o(.text)
    _float_round                             0x080004fd   Thumb Code    18  fepilogue.o(.text)
    _float_epilogue                          0x0800050f   Thumb Code    92  fepilogue.o(.text)
    _double_round                            0x0800056b   Thumb Code    30  depilogue.o(.text)
    _double_epilogue                         0x08000589   Thumb Code   156  depilogue.o(.text)
    __scatterload                            0x08000625   Thumb Code    28  init.o(.text)
    __scatterload_rt2                        0x08000625   Thumb Code     0  init.o(.text)
    __aeabi_llsl                             0x08000649   Thumb Code    30  llshl.o(.text)
    _ll_shift_l                              0x08000649   Thumb Code     0  llshl.o(.text)
    BusFault_Handler                         0x08000667   Thumb Code     4  stm32f1xx_it.o(i.BusFault_Handler)
    DEBUG_USART_Config                       0x0800066d   Thumb Code    52  bsp_debug_usart.o(i.DEBUG_USART_Config)
    DMA1_Channel1_IRQHandler                 0x080006a9   Thumb Code    10  stm32f1xx_it.o(i.DMA1_Channel1_IRQHandler)
    DebugMon_Handler                         0x080006b9   Thumb Code     2  stm32f1xx_it.o(i.DebugMon_Handler)
    Encoder_Init                             0x08000731   Thumb Code    12  bsp_encoder.o(i.Encoder_Init)
    HAL_DMA_Abort_IT                         0x0800073d   Thumb Code   414  stm32f1xx_hal_dma.o(i.HAL_DMA_Abort_IT)
    HAL_DMA_IRQHandler                       0x080008e5   Thumb Code   910  stm32f1xx_hal_dma.o(i.HAL_DMA_IRQHandler)
    HAL_GPIO_Init                            0x08000c7d   Thumb Code   792  stm32f1xx_hal_gpio.o(i.HAL_GPIO_Init)
    HAL_GPIO_ReadPin                         0x08000fbd   Thumb Code    16  stm32f1xx_hal_gpio.o(i.HAL_GPIO_ReadPin)
    HAL_GPIO_WritePin                        0x08000fcd   Thumb Code    12  stm32f1xx_hal_gpio.o(i.HAL_GPIO_WritePin)
    HAL_GetTick                              0x08000fd9   Thumb Code     6  stm32f1xx_hal.o(i.HAL_GetTick)
    HAL_IncTick                              0x08000fe5   Thumb Code    16  stm32f1xx_hal.o(i.HAL_IncTick)
    HAL_Init                                 0x08000ffd   Thumb Code    34  stm32f1xx_hal.o(i.HAL_Init)
    HAL_InitTick                             0x08001025   Thumb Code    64  stm32f1xx_hal.o(i.HAL_InitTick)
    HAL_MspInit                              0x08001071   Thumb Code     2  stm32f1xx_hal.o(i.HAL_MspInit)
    HAL_NVIC_EnableIRQ                       0x08001073   Thumb Code    32  stm32f1xx_hal_cortex.o(i.HAL_NVIC_EnableIRQ)
    HAL_NVIC_SetPriority                     0x08001093   Thumb Code   124  stm32f1xx_hal_cortex.o(i.HAL_NVIC_SetPriority)
    HAL_NVIC_SetPriorityGrouping             0x08001111   Thumb Code    32  stm32f1xx_hal_cortex.o(i.HAL_NVIC_SetPriorityGrouping)
    HAL_NVIC_SystemReset                     0x08001139   Thumb Code    60  stm32f1xx_hal_cortex.o(i.HAL_NVIC_SystemReset)
    HAL_RCCEx_PeriphCLKConfig                0x0800117d   Thumb Code   290  stm32f1xx_hal_rcc_ex.o(i.HAL_RCCEx_PeriphCLKConfig)
    HAL_RCC_ClockConfig                      0x080012ad   Thumb Code   376  stm32f1xx_hal_rcc.o(i.HAL_RCC_ClockConfig)
    HAL_RCC_GetHCLKFreq                      0x08001439   Thumb Code     6  stm32f1xx_hal_rcc.o(i.HAL_RCC_GetHCLKFreq)
    HAL_RCC_GetPCLK1Freq                     0x08001445   Thumb Code    22  stm32f1xx_hal_rcc.o(i.HAL_RCC_GetPCLK1Freq)
    HAL_RCC_GetPCLK2Freq                     0x08001465   Thumb Code    22  stm32f1xx_hal_rcc.o(i.HAL_RCC_GetPCLK2Freq)
    HAL_RCC_GetSysClockFreq                  0x08001485   Thumb Code   116  stm32f1xx_hal_rcc.o(i.HAL_RCC_GetSysClockFreq)
    HAL_RCC_OscConfig                        0x08001519   Thumb Code  1114  stm32f1xx_hal_rcc.o(i.HAL_RCC_OscConfig)
    HAL_SYSTICK_Callback                     0x0800197d   Thumb Code     2  stm32f1xx_hal_cortex.o(i.HAL_SYSTICK_Callback)
    HAL_SYSTICK_Config                       0x0800197f   Thumb Code    52  stm32f1xx_hal_cortex.o(i.HAL_SYSTICK_Config)
    HAL_TIMEx_BreakCallback                  0x080019b3   Thumb Code     2  stm32f1xx_hal_tim_ex.o(i.HAL_TIMEx_BreakCallback)
    HAL_TIMEx_CommutCallback                 0x080019b5   Thumb Code     2  stm32f1xx_hal_tim_ex.o(i.HAL_TIMEx_CommutCallback)
    HAL_TIM_Base_Init                        0x080019b7   Thumb Code    52  stm32f1xx_hal_tim.o(i.HAL_TIM_Base_Init)
    HAL_TIM_Base_MspInit                     0x080019eb   Thumb Code     2  stm32f1xx_hal_tim.o(i.HAL_TIM_Base_MspInit)
    HAL_TIM_Base_Start_IT                    0x080019ed   Thumb Code    42  stm32f1xx_hal_tim.o(i.HAL_TIM_Base_Start_IT)
    HAL_TIM_Encoder_Init                     0x08001a17   Thumb Code   170  stm32f1xx_hal_tim.o(i.HAL_TIM_Encoder_Init)
    HAL_TIM_Encoder_MspInit                  0x08001ac1   Thumb Code     2  stm32f1xx_hal_tim.o(i.HAL_TIM_Encoder_MspInit)
    HAL_TIM_Encoder_Start                    0x08001ac3   Thumb Code    78  stm32f1xx_hal_tim.o(i.HAL_TIM_Encoder_Start)
    HAL_TIM_IC_CaptureCallback               0x08001b11   Thumb Code     2  stm32f1xx_hal_tim.o(i.HAL_TIM_IC_CaptureCallback)
    HAL_TIM_IRQHandler                       0x08001b13   Thumb Code   406  stm32f1xx_hal_tim.o(i.HAL_TIM_IRQHandler)
    HAL_TIM_OC_DelayElapsedCallback          0x08001ca9   Thumb Code     2  stm32f1xx_hal_tim.o(i.HAL_TIM_OC_DelayElapsedCallback)
    HAL_TIM_PWM_ConfigChannel                0x08001cab   Thumb Code   264  stm32f1xx_hal_tim.o(i.HAL_TIM_PWM_ConfigChannel)
    HAL_TIM_PWM_Init                         0x08001db3   Thumb Code    52  stm32f1xx_hal_tim.o(i.HAL_TIM_PWM_Init)
    HAL_TIM_PWM_MspInit                      0x08001de7   Thumb Code     2  stm32f1xx_hal_tim.o(i.HAL_TIM_PWM_MspInit)
    HAL_TIM_PWM_PulseFinishedCallback        0x08001de9   Thumb Code     2  stm32f1xx_hal_tim.o(i.HAL_TIM_PWM_PulseFinishedCallback)
    HAL_TIM_PWM_Start                        0x08001ded   Thumb Code    80  stm32f1xx_hal_tim.o(i.HAL_TIM_PWM_Start)
    HAL_TIM_PWM_Stop                         0x08001e45   Thumb Code   126  stm32f1xx_hal_tim.o(i.HAL_TIM_PWM_Stop)
    HAL_TIM_PeriodElapsedCallback            0x08001ecd   Thumb Code    80  stm32f1xx_it.o(i.HAL_TIM_PeriodElapsedCallback)
    HAL_TIM_TriggerCallback                  0x08001f2d   Thumb Code     2  stm32f1xx_hal_tim.o(i.HAL_TIM_TriggerCallback)
    HAL_UART_ErrorCallback                   0x08001f2f   Thumb Code     2  stm32f1xx_hal_uart.o(i.HAL_UART_ErrorCallback)
    HAL_UART_IRQHandler                      0x08001f31   Thumb Code   326  stm32f1xx_hal_uart.o(i.HAL_UART_IRQHandler)
    HAL_UART_Init                            0x0800207d   Thumb Code   114  stm32f1xx_hal_uart.o(i.HAL_UART_Init)
    HAL_UART_MspInit                         0x080020f1   Thumb Code   174  bsp_debug_usart.o(i.HAL_UART_MspInit)
    HAL_UART_RxCpltCallback                  0x080021a9   Thumb Code     2  stm32f1xx_hal_uart.o(i.HAL_UART_RxCpltCallback)
    HAL_UART_Transmit                        0x080021ab   Thumb Code   214  stm32f1xx_hal_uart.o(i.HAL_UART_Transmit)
    HAL_UART_TxCpltCallback                  0x08002281   Thumb Code     2  stm32f1xx_hal_uart.o(i.HAL_UART_TxCpltCallback)
    HardFault_Handler                        0x08002283   Thumb Code     4  stm32f1xx_it.o(i.HardFault_Handler)
    Key_GPIO_Config                          0x08002289   Thumb Code    94  bsp_key.o(i.Key_GPIO_Config)
    Key_Scan                                 0x080022f5   Thumb Code    40  bsp_key.o(i.Key_Scan)
    LED_GPIO_Config                          0x0800231d   Thumb Code   148  bsp_led.o(i.LED_GPIO_Config)
    MemManage_Handler                        0x080023b9   Thumb Code     4  stm32f1xx_it.o(i.MemManage_Handler)
    Motor_TIMx_Configuration                 0x080023bd   Thumb Code    12  bsp_motor_tim.o(i.Motor_TIMx_Configuration)
    NMI_Handler                              0x080023c9   Thumb Code     2  stm32f1xx_it.o(i.NMI_Handler)
    PID_param_init                           0x080023cd   Thumb Code    62  bsp_pid.o(i.PID_param_init)
    PID_realize                              0x08002419   Thumb Code   114  bsp_pid.o(i.PID_realize)
    PendSV_Handler                           0x08002491   Thumb Code     2  stm32f1xx_it.o(i.PendSV_Handler)
    SVC_Handler                              0x080024bd   Thumb Code     2  stm32f1xx_it.o(i.SVC_Handler)
    SysTick_Handler                          0x080024bf   Thumb Code    12  stm32f1xx_it.o(i.SysTick_Handler)
    SystemInit                               0x08002549   Thumb Code    70  system_stm32f1xx.o(i.SystemInit)
    TIM1_SetPWM_pulse                        0x080025a1   Thumb Code    52  bsp_motor_tim.o(i.TIM1_SetPWM_pulse)
    TIM4_IRQHandler                          0x080025d9   Thumb Code    18  stm32f1xx_it.o(i.TIM4_IRQHandler)
    TIM6_IRQHandler                          0x080025f5   Thumb Code    10  stm32f1xx_it.o(i.TIM6_IRQHandler)
    TIM_Base_SetConfig                       0x08002605   Thumb Code   134  stm32f1xx_hal_tim.o(i.TIM_Base_SetConfig)
    TIM_CCxChannelCmd                        0x080026a1   Thumb Code    34  stm32f1xx_hal_tim.o(i.TIM_CCxChannelCmd)
    TIM_OC2_SetConfig                        0x08002845   Thumb Code   114  stm32f1xx_hal_tim.o(i.TIM_OC2_SetConfig)
    TIMx_Configuration                       0x08002a21   Thumb Code    52  bsp_basic_tim.o(i.TIMx_Configuration)
    USART1_IRQHandler                        0x08002e65   Thumb Code    42  stm32f1xx_it.o(i.USART1_IRQHandler)
    UsageFault_Handler                       0x08002e9d   Thumb Code     4  stm32f1xx_it.o(i.UsageFault_Handler)
    __scatterload_copy                       0x08002ed9   Thumb Code    14  handlers.o(i.__scatterload_copy)
    __scatterload_null                       0x08002ee7   Thumb Code     2  handlers.o(i.__scatterload_null)
    __scatterload_zeroinit                   0x08002ee9   Thumb Code    14  handlers.o(i.__scatterload_zeroinit)
    check_sum                                0x08002ef7   Thumb Code    28  protocol.o(i.check_sum)
    main                                     0x08002f71   Thumb Code   208  main.o(i.main)
    motor_init                               0x0800304d   Thumb Code    12  bsp_motor_control.o(i.motor_init)
    motor_pid_control                        0x08003059   Thumb Code   252  bsp_motor_control.o(i.motor_pid_control)
    protocol_data_recv                       0x08003185   Thumb Code    46  protocol.o(i.protocol_data_recv)
    protocol_init                            0x08003379   Thumb Code    20  protocol.o(i.protocol_init)
    receiving_process                        0x08003395   Thumb Code   400  protocol.o(i.receiving_process)
    set_computer_value                       0x08003649   Thumb Code   100  protocol.o(i.set_computer_value)
    set_motor_direction                      0x080036bd   Thumb Code    52  bsp_motor_control.o(i.set_motor_direction)
    set_motor_disable                        0x080036f9   Thumb Code    38  bsp_motor_control.o(i.set_motor_disable)
    set_motor_enable                         0x0800372d   Thumb Code    36  bsp_motor_control.o(i.set_motor_enable)
    set_motor_speed                          0x0800375d   Thumb Code    54  bsp_motor_control.o(i.set_motor_speed)
    set_p_i_d                                0x0800379d   Thumb Code    10  bsp_pid.o(i.set_p_i_d)
    set_pid_target                           0x080037ad   Thumb Code     6  bsp_pid.o(i.set_pid_target)
    AHBPrescTable                            0x080037b8   Data          16  system_stm32f1xx.o(.constdata)
    APBPrescTable                            0x080037c8   Data           8  system_stm32f1xx.o(.constdata)
    Region$$Table$$Base                      0x080037d0   Number         0  anon$$obj.o(Region$$Table)
    Region$$Table$$Limit                     0x080037f0   Number         0  anon$$obj.o(Region$$Table)
    SystemCoreClock                          0x20000000   Data           4  system_stm32f1xx.o(.data)
    uwTick                                   0x20000004   Data           4  stm32f1xx_hal.o(.data)
    uwTickPrio                               0x20000008   Data           4  stm32f1xx_hal.o(.data)
    uwTickFreq                               0x2000000c   Data           1  stm32f1xx_hal.o(.data)
    dr                                       0x2000000d   Data           1  stm32f1xx_it.o(.data)
    sr_status                                0x2000000e   Data           1  stm32f1xx_it.o(.data)
    Encoder_Overflow_Count                   0x20000020   Data           2  bsp_encoder.o(.data)
    DMA_Init_Handle                          0x20000024   Data          68  bsp_adc.o(.bss)
    ADC_Handle                               0x20000068   Data          48  bsp_adc.o(.bss)
    UartHandle                               0x20000298   Data          64  bsp_debug_usart.o(.bss)
    TIM_TimeBaseStructure                    0x200002d8   Data          64  bsp_basic_tim.o(.bss)
    DCM_TimeBaseStructure                    0x20000318   Data          64  bsp_motor_tim.o(.bss)
    TIM_EncoderHandle                        0x20000358   Data          64  bsp_encoder.o(.bss)
    pid                                      0x20000398   Data          32  bsp_pid.o(.bss)
    __initial_sp                             0x20000850   Data           0  startup_stm32f103xe.o(STACK)



==============================================================================

Memory Map of the image

  Image Entry point : 0x08000131

  Load Region LR_IROM1 (Base: 0x08000000, Size: 0x00003814, Max: 0x00080000, ABSOLUTE)

    Execution Region ER_IROM1 (Exec base: 0x08000000, Load base: 0x08000000, Size: 0x000037f0, Max: 0x00080000, ABSOLUTE)

    Exec Addr    Load Addr    Size         Type   Attr      Idx    E Section Name        Object

    0x08000000   0x08000000   0x00000130   Data   RO            3    RESET               startup_stm32f103xe.o
    0x08000130   0x08000130   0x00000000   Code   RO         7802  * .ARM.Collect$$$$00000000  mc_w.l(entry.o)
    0x08000130   0x08000130   0x00000004   Code   RO         7835    .ARM.Collect$$$$00000001  mc_w.l(entry2.o)
    0x08000134   0x08000134   0x00000004   Code   RO         7838    .ARM.Collect$$$$00000004  mc_w.l(entry5.o)
    0x08000138   0x08000138   0x00000000   Code   RO         7840    .ARM.Collect$$$$00000008  mc_w.l(entry7b.o)
    0x08000138   0x08000138   0x00000000   Code   RO         7842    .ARM.Collect$$$$0000000A  mc_w.l(entry8b.o)
    0x08000138   0x08000138   0x00000008   Code   RO         7843    .ARM.Collect$$$$0000000B  mc_w.l(entry9a.o)
    0x08000140   0x08000140   0x00000000   Code   RO         7845    .ARM.Collect$$$$0000000D  mc_w.l(entry10a.o)
    0x08000140   0x08000140   0x00000000   Code   RO         7847    .ARM.Collect$$$$0000000F  mc_w.l(entry11a.o)
    0x08000140   0x08000140   0x00000004   Code   RO         7836    .ARM.Collect$$$$00002712  mc_w.l(entry2.o)
    0x08000144   0x08000144   0x00000024   Code   RO            4    .text               startup_stm32f103xe.o
    0x08000168   0x08000168   0x00000020   Code   RO         7805    .text               mc_w.l(llushr.o)
    0x08000188   0x08000188   0x00000024   Code   RO         7807    .text               mc_w.l(memcpya.o)
    0x080001ac   0x080001ac   0x00000024   Code   RO         7809    .text               mc_w.l(memseta.o)
    0x080001d0   0x080001d0   0x000000b0   Code   RO         7813    .text               mf_w.l(fadd.o)
    0x08000280   0x08000280   0x00000064   Code   RO         7815    .text               mf_w.l(fmul.o)
    0x080002e4   0x080002e4   0x0000007c   Code   RO         7817    .text               mf_w.l(fdiv.o)
    0x08000360   0x08000360   0x000000de   Code   RO         7819    .text               mf_w.l(ddiv.o)
    0x0800043e   0x0800043e   0x00000012   Code   RO         7821    .text               mf_w.l(fflti.o)
    0x08000450   0x08000450   0x0000000a   Code   RO         7823    .text               mf_w.l(ffltui.o)
    0x0800045a   0x0800045a   0x00000028   Code   RO         7827    .text               mf_w.l(ffixui.o)
    0x08000482   0x08000482   0x0000003e   Code   RO         7829    .text               mf_w.l(dfixi.o)
    0x080004c0   0x080004c0   0x00000026   Code   RO         7831    .text               mf_w.l(f2d.o)
    0x080004e6   0x080004e6   0x00000002   PAD
    0x080004e8   0x080004e8   0x00000014   Code   RO         7833    .text               mf_w.l(cfrcmple.o)
    0x080004fc   0x080004fc   0x00000000   Code   RO         7849    .text               mc_w.l(iusefp.o)
    0x080004fc   0x080004fc   0x0000006e   Code   RO         7850    .text               mf_w.l(fepilogue.o)
    0x0800056a   0x0800056a   0x000000ba   Code   RO         7852    .text               mf_w.l(depilogue.o)
    0x08000624   0x08000624   0x00000024   Code   RO         7854    .text               mc_w.l(init.o)
    0x08000648   0x08000648   0x0000001e   Code   RO         7856    .text               mc_w.l(llshl.o)
    0x08000666   0x08000666   0x00000004   Code   RO         7182    i.BusFault_Handler  stm32f1xx_it.o
    0x0800066a   0x0800066a   0x00000002   PAD
    0x0800066c   0x0800066c   0x0000003c   Code   RO         7418    i.DEBUG_USART_Config  bsp_debug_usart.o
    0x080006a8   0x080006a8   0x00000010   Code   RO         7183    i.DMA1_Channel1_IRQHandler  stm32f1xx_it.o
    0x080006b8   0x080006b8   0x00000002   Code   RO         7184    i.DebugMon_Handler  stm32f1xx_it.o
    0x080006ba   0x080006ba   0x00000002   PAD
    0x080006bc   0x080006bc   0x00000074   Code   RO         7625    i.Encoder_GPIO_Init  bsp_encoder.o
    0x08000730   0x08000730   0x0000000c   Code   RO         7626    i.Encoder_Init      bsp_encoder.o
    0x0800073c   0x0800073c   0x000001a8   Code   RO         1327    i.HAL_DMA_Abort_IT  stm32f1xx_hal_dma.o
    0x080008e4   0x080008e4   0x00000398   Code   RO         1331    i.HAL_DMA_IRQHandler  stm32f1xx_hal_dma.o
    0x08000c7c   0x08000c7c   0x00000340   Code   RO         1650    i.HAL_GPIO_Init     stm32f1xx_hal_gpio.o
    0x08000fbc   0x08000fbc   0x00000010   Code   RO         1652    i.HAL_GPIO_ReadPin  stm32f1xx_hal_gpio.o
    0x08000fcc   0x08000fcc   0x0000000c   Code   RO         1654    i.HAL_GPIO_WritePin  stm32f1xx_hal_gpio.o
    0x08000fd8   0x08000fd8   0x0000000c   Code   RO          220    i.HAL_GetTick       stm32f1xx_hal.o
    0x08000fe4   0x08000fe4   0x00000018   Code   RO          226    i.HAL_IncTick       stm32f1xx_hal.o
    0x08000ffc   0x08000ffc   0x00000028   Code   RO          227    i.HAL_Init          stm32f1xx_hal.o
    0x08001024   0x08001024   0x0000004c   Code   RO          228    i.HAL_InitTick      stm32f1xx_hal.o
    0x08001070   0x08001070   0x00000002   Code   RO          230    i.HAL_MspInit       stm32f1xx_hal.o
    0x08001072   0x08001072   0x00000020   Code   RO          917    i.HAL_NVIC_EnableIRQ  stm32f1xx_hal_cortex.o
    0x08001092   0x08001092   0x0000007c   Code   RO          923    i.HAL_NVIC_SetPriority  stm32f1xx_hal_cortex.o
    0x0800110e   0x0800110e   0x00000002   PAD
    0x08001110   0x08001110   0x00000028   Code   RO          924    i.HAL_NVIC_SetPriorityGrouping  stm32f1xx_hal_cortex.o
    0x08001138   0x08001138   0x00000044   Code   RO          925    i.HAL_NVIC_SystemReset  stm32f1xx_hal_cortex.o
    0x0800117c   0x0800117c   0x00000130   Code   RO         3627    i.HAL_RCCEx_PeriphCLKConfig  stm32f1xx_hal_rcc_ex.o
    0x080012ac   0x080012ac   0x0000018c   Code   RO         3519    i.HAL_RCC_ClockConfig  stm32f1xx_hal_rcc.o
    0x08001438   0x08001438   0x0000000c   Code   RO         3524    i.HAL_RCC_GetHCLKFreq  stm32f1xx_hal_rcc.o
    0x08001444   0x08001444   0x00000020   Code   RO         3526    i.HAL_RCC_GetPCLK1Freq  stm32f1xx_hal_rcc.o
    0x08001464   0x08001464   0x00000020   Code   RO         3527    i.HAL_RCC_GetPCLK2Freq  stm32f1xx_hal_rcc.o
    0x08001484   0x08001484   0x00000094   Code   RO         3528    i.HAL_RCC_GetSysClockFreq  stm32f1xx_hal_rcc.o
    0x08001518   0x08001518   0x00000464   Code   RO         3531    i.HAL_RCC_OscConfig  stm32f1xx_hal_rcc.o
    0x0800197c   0x0800197c   0x00000002   Code   RO          927    i.HAL_SYSTICK_Callback  stm32f1xx_hal_cortex.o
    0x0800197e   0x0800197e   0x00000034   Code   RO          928    i.HAL_SYSTICK_Config  stm32f1xx_hal_cortex.o
    0x080019b2   0x080019b2   0x00000002   Code   RO         5607    i.HAL_TIMEx_BreakCallback  stm32f1xx_hal_tim_ex.o
    0x080019b4   0x080019b4   0x00000002   Code   RO         5608    i.HAL_TIMEx_CommutCallback  stm32f1xx_hal_tim_ex.o
    0x080019b6   0x080019b6   0x00000034   Code   RO         4921    i.HAL_TIM_Base_Init  stm32f1xx_hal_tim.o
    0x080019ea   0x080019ea   0x00000002   Code   RO         4923    i.HAL_TIM_Base_MspInit  stm32f1xx_hal_tim.o
    0x080019ec   0x080019ec   0x0000002a   Code   RO         4926    i.HAL_TIM_Base_Start_IT  stm32f1xx_hal_tim.o
    0x08001a16   0x08001a16   0x000000aa   Code   RO         4939    i.HAL_TIM_Encoder_Init  stm32f1xx_hal_tim.o
    0x08001ac0   0x08001ac0   0x00000002   Code   RO         4941    i.HAL_TIM_Encoder_MspInit  stm32f1xx_hal_tim.o
    0x08001ac2   0x08001ac2   0x0000004e   Code   RO         4942    i.HAL_TIM_Encoder_Start  stm32f1xx_hal_tim.o
    0x08001b10   0x08001b10   0x00000002   Code   RO         4950    i.HAL_TIM_IC_CaptureCallback  stm32f1xx_hal_tim.o
    0x08001b12   0x08001b12   0x00000196   Code   RO         4964    i.HAL_TIM_IRQHandler  stm32f1xx_hal_tim.o
    0x08001ca8   0x08001ca8   0x00000002   Code   RO         4967    i.HAL_TIM_OC_DelayElapsedCallback  stm32f1xx_hal_tim.o
    0x08001caa   0x08001caa   0x00000108   Code   RO         4988    i.HAL_TIM_PWM_ConfigChannel  stm32f1xx_hal_tim.o
    0x08001db2   0x08001db2   0x00000034   Code   RO         4991    i.HAL_TIM_PWM_Init  stm32f1xx_hal_tim.o
    0x08001de6   0x08001de6   0x00000002   Code   RO         4993    i.HAL_TIM_PWM_MspInit  stm32f1xx_hal_tim.o
    0x08001de8   0x08001de8   0x00000002   Code   RO         4994    i.HAL_TIM_PWM_PulseFinishedCallback  stm32f1xx_hal_tim.o
    0x08001dea   0x08001dea   0x00000002   PAD
    0x08001dec   0x08001dec   0x00000058   Code   RO         4996    i.HAL_TIM_PWM_Start  stm32f1xx_hal_tim.o
    0x08001e44   0x08001e44   0x00000088   Code   RO         4999    i.HAL_TIM_PWM_Stop  stm32f1xx_hal_tim.o
    0x08001ecc   0x08001ecc   0x00000060   Code   RO         7185    i.HAL_TIM_PeriodElapsedCallback  stm32f1xx_it.o
    0x08001f2c   0x08001f2c   0x00000002   Code   RO         5007    i.HAL_TIM_TriggerCallback  stm32f1xx_hal_tim.o
    0x08001f2e   0x08001f2e   0x00000002   Code   RO         5879    i.HAL_UART_ErrorCallback  stm32f1xx_hal_uart.o
    0x08001f30   0x08001f30   0x0000014c   Code   RO         5882    i.HAL_UART_IRQHandler  stm32f1xx_hal_uart.o
    0x0800207c   0x0800207c   0x00000072   Code   RO         5883    i.HAL_UART_Init     stm32f1xx_hal_uart.o
    0x080020ee   0x080020ee   0x00000002   PAD
    0x080020f0   0x080020f0   0x000000b8   Code   RO         7419    i.HAL_UART_MspInit  bsp_debug_usart.o
    0x080021a8   0x080021a8   0x00000002   Code   RO         5889    i.HAL_UART_RxCpltCallback  stm32f1xx_hal_uart.o
    0x080021aa   0x080021aa   0x000000d6   Code   RO         5891    i.HAL_UART_Transmit  stm32f1xx_hal_uart.o
    0x08002280   0x08002280   0x00000002   Code   RO         5894    i.HAL_UART_TxCpltCallback  stm32f1xx_hal_uart.o
    0x08002282   0x08002282   0x00000004   Code   RO         7186    i.HardFault_Handler  stm32f1xx_it.o
    0x08002286   0x08002286   0x00000002   PAD
    0x08002288   0x08002288   0x0000006c   Code   RO         7323    i.Key_GPIO_Config   bsp_key.o
    0x080022f4   0x080022f4   0x00000028   Code   RO         7324    i.Key_Scan          bsp_key.o
    0x0800231c   0x0800231c   0x0000009c   Code   RO         7299    i.LED_GPIO_Config   bsp_led.o
    0x080023b8   0x080023b8   0x00000004   Code   RO         7187    i.MemManage_Handler  stm32f1xx_it.o
    0x080023bc   0x080023bc   0x0000000c   Code   RO         7579    i.Motor_TIMx_Configuration  bsp_motor_tim.o
    0x080023c8   0x080023c8   0x00000002   Code   RO         7188    i.NMI_Handler       stm32f1xx_it.o
    0x080023ca   0x080023ca   0x00000002   PAD
    0x080023cc   0x080023cc   0x0000004c   Code   RO         7666    i.PID_param_init    bsp_pid.o
    0x08002418   0x08002418   0x00000078   Code   RO         7667    i.PID_realize       bsp_pid.o
    0x08002490   0x08002490   0x00000002   Code   RO         7189    i.PendSV_Handler    stm32f1xx_it.o
    0x08002492   0x08002492   0x00000002   PAD
    0x08002494   0x08002494   0x00000028   Code   RO         3532    i.RCC_Delay         stm32f1xx_hal_rcc.o
    0x080024bc   0x080024bc   0x00000002   Code   RO         7190    i.SVC_Handler       stm32f1xx_it.o
    0x080024be   0x080024be   0x0000000c   Code   RO         7191    i.SysTick_Handler   stm32f1xx_it.o
    0x080024ca   0x080024ca   0x0000007c   Code   RO         7103    i.SystemClock_Config  main.o
    0x08002546   0x08002546   0x00000002   PAD
    0x08002548   0x08002548   0x00000058   Code   RO           14    i.SystemInit        system_stm32f1xx.o
    0x080025a0   0x080025a0   0x00000038   Code   RO         7580    i.TIM1_SetPWM_pulse  bsp_motor_tim.o
    0x080025d8   0x080025d8   0x0000001c   Code   RO         7192    i.TIM4_IRQHandler   stm32f1xx_it.o
    0x080025f4   0x080025f4   0x00000010   Code   RO         7193    i.TIM6_IRQHandler   stm32f1xx_it.o
    0x08002604   0x08002604   0x0000009c   Code   RO         5009    i.TIM_Base_SetConfig  stm32f1xx_hal_tim.o
    0x080026a0   0x080026a0   0x00000022   Code   RO         5010    i.TIM_CCxChannelCmd  stm32f1xx_hal_tim.o
    0x080026c2   0x080026c2   0x00000002   PAD
    0x080026c4   0x080026c4   0x000000bc   Code   RO         7627    i.TIM_Encoder_Init  bsp_encoder.o
    0x08002780   0x08002780   0x00000054   Code   RO         7539    i.TIM_Mode_Config   bsp_basic_tim.o
    0x080027d4   0x080027d4   0x00000070   Code   RO         5022    i.TIM_OC1_SetConfig  stm32f1xx_hal_tim.o
    0x08002844   0x08002844   0x0000007c   Code   RO         5023    i.TIM_OC2_SetConfig  stm32f1xx_hal_tim.o
    0x080028c0   0x080028c0   0x00000078   Code   RO         5024    i.TIM_OC3_SetConfig  stm32f1xx_hal_tim.o
    0x08002938   0x08002938   0x00000054   Code   RO         5025    i.TIM_OC4_SetConfig  stm32f1xx_hal_tim.o
    0x0800298c   0x0800298c   0x00000094   Code   RO         7581    i.TIM_PWMOUTPUT_Config  bsp_motor_tim.o
    0x08002a20   0x08002a20   0x0000003c   Code   RO         7540    i.TIMx_Configuration  bsp_basic_tim.o
    0x08002a5c   0x08002a5c   0x00000084   Code   RO         7582    i.TIMx_GPIO_Config  bsp_motor_tim.o
    0x08002ae0   0x08002ae0   0x00000014   Code   RO         7541    i.TIMx_NVIC_Configuration  bsp_basic_tim.o
    0x08002af4   0x08002af4   0x00000014   Code   RO         5896    i.UART_DMAAbortOnError  stm32f1xx_hal_uart.o
    0x08002b08   0x08002b08   0x00000020   Code   RO         5906    i.UART_EndRxTransfer  stm32f1xx_hal_uart.o
    0x08002b28   0x08002b28   0x00000020   Code   RO         5907    i.UART_EndTransmit_IT  stm32f1xx_hal_uart.o
    0x08002b48   0x08002b48   0x000000a6   Code   RO         5909    i.UART_Receive_IT   stm32f1xx_hal_uart.o
    0x08002bee   0x08002bee   0x00000002   PAD
    0x08002bf0   0x08002bf0   0x000001a0   Code   RO         5910    i.UART_SetConfig    stm32f1xx_hal_uart.o
    0x08002d90   0x08002d90   0x00000068   Code   RO         5911    i.UART_Transmit_IT  stm32f1xx_hal_uart.o
    0x08002df8   0x08002df8   0x0000006c   Code   RO         5912    i.UART_WaitOnFlagUntilTimeout  stm32f1xx_hal_uart.o
    0x08002e64   0x08002e64   0x00000038   Code   RO         7194    i.USART1_IRQHandler  stm32f1xx_it.o
    0x08002e9c   0x08002e9c   0x00000004   Code   RO         7195    i.UsageFault_Handler  stm32f1xx_it.o
    0x08002ea0   0x08002ea0   0x00000010   Code   RO          930    i.__NVIC_GetPriorityGrouping  stm32f1xx_hal_cortex.o
    0x08002eb0   0x08002eb0   0x00000028   Code   RO          931    i.__NVIC_SetPriority  stm32f1xx_hal_cortex.o
    0x08002ed8   0x08002ed8   0x0000000e   Code   RO         7860    i.__scatterload_copy  mc_w.l(handlers.o)
    0x08002ee6   0x08002ee6   0x00000002   Code   RO         7861    i.__scatterload_null  mc_w.l(handlers.o)
    0x08002ee8   0x08002ee8   0x0000000e   Code   RO         7862    i.__scatterload_zeroinit  mc_w.l(handlers.o)
    0x08002ef6   0x08002ef6   0x0000001c   Code   RO         7717    i.check_sum         protocol.o
    0x08002f12   0x08002f12   0x0000001a   Code   RO         7718    i.get_frame_checksum  protocol.o
    0x08002f2c   0x08002f2c   0x00000034   Code   RO         7719    i.get_frame_len     protocol.o
    0x08002f60   0x08002f60   0x0000000e   Code   RO         7720    i.get_frame_type    protocol.o
    0x08002f6e   0x08002f6e   0x00000002   PAD
    0x08002f70   0x08002f70   0x000000dc   Code   RO         7104    i.main              main.o
    0x0800304c   0x0800304c   0x0000000c   Code   RO         7478    i.motor_init        bsp_motor_control.o
    0x08003058   0x08003058   0x0000012c   Code   RO         7479    i.motor_pid_control  bsp_motor_control.o
    0x08003184   0x08003184   0x00000034   Code   RO         7721    i.protocol_data_recv  protocol.o
    0x080031b8   0x080031b8   0x000001c0   Code   RO         7722    i.protocol_frame_parse  protocol.o
    0x08003378   0x08003378   0x0000001c   Code   RO         7723    i.protocol_init     protocol.o
    0x08003394   0x08003394   0x00000194   Code   RO         7724    i.receiving_process  protocol.o
    0x08003528   0x08003528   0x00000074   Code   RO         7725    i.recvbuf_find_header  protocol.o
    0x0800359c   0x0800359c   0x00000022   Code   RO         7726    i.recvbuf_get_len_to_parse  protocol.o
    0x080035be   0x080035be   0x00000046   Code   RO         7727    i.recvbuf_put_data  protocol.o
    0x08003604   0x08003604   0x00000044   Code   RO         7480    i.sd_gpio_config    bsp_motor_control.o
    0x08003648   0x08003648   0x00000074   Code   RO         7728    i.set_computer_value  protocol.o
    0x080036bc   0x080036bc   0x0000003c   Code   RO         7481    i.set_motor_direction  bsp_motor_control.o
    0x080036f8   0x080036f8   0x00000034   Code   RO         7482    i.set_motor_disable  bsp_motor_control.o
    0x0800372c   0x0800372c   0x00000030   Code   RO         7483    i.set_motor_enable  bsp_motor_control.o
    0x0800375c   0x0800375c   0x00000040   Code   RO         7484    i.set_motor_speed   bsp_motor_control.o
    0x0800379c   0x0800379c   0x00000010   Code   RO         7669    i.set_p_i_d         bsp_pid.o
    0x080037ac   0x080037ac   0x0000000c   Code   RO         7670    i.set_pid_target    bsp_pid.o
    0x080037b8   0x080037b8   0x00000018   Data   RO           15    .constdata          system_stm32f1xx.o
    0x080037d0   0x080037d0   0x00000020   Data   RO         7858    Region$$Table       anon$$obj.o


    Execution Region RW_IRAM1 (Exec base: 0x20000000, Load base: 0x080037f0, Size: 0x00000850, Max: 0x00010000, ABSOLUTE)

    Exec Addr    Load Addr    Size         Type   Attr      Idx    E Section Name        Object

    0x20000000   0x080037f0   0x00000004   Data   RW           16    .data               system_stm32f1xx.o
    0x20000004   0x080037f4   0x00000009   Data   RW          234    .data               stm32f1xx_hal.o
    0x2000000d   0x080037fd   0x00000002   Data   RW         7196    .data               stm32f1xx_it.o
    0x2000000f   0x080037ff   0x00000001   PAD
    0x20000010   0x08003800   0x00000010   Data   RW         7485    .data               bsp_motor_control.o
    0x20000020   0x08003810   0x00000002   Data   RW         7629    .data               bsp_encoder.o
    0x20000022   0x08003812   0x00000002   PAD
    0x20000024        -       0x00000274   Zero   RW         7360    .bss                bsp_adc.o
    0x20000298        -       0x00000040   Zero   RW         7424    .bss                bsp_debug_usart.o
    0x200002d8        -       0x00000040   Zero   RW         7542    .bss                bsp_basic_tim.o
    0x20000318        -       0x00000040   Zero   RW         7583    .bss                bsp_motor_tim.o
    0x20000358        -       0x00000040   Zero   RW         7628    .bss                bsp_encoder.o
    0x20000398        -       0x00000020   Zero   RW         7671    .bss                bsp_pid.o
    0x200003b8        -       0x00000096   Zero   RW         7729    .bss                protocol.o
    0x2000044e   0x08003812   0x00000002   PAD
    0x20000450        -       0x00000400   Zero   RW            1    STACK               startup_stm32f103xe.o


==============================================================================

Image component sizes


      Code (inc. data)   RO Data    RW Data    ZI Data      Debug   Object Name

         0          0          0          0        628        864   bsp_adc.o
       164         20          0          0         64       2105   bsp_basic_tim.o
       244         18          0          0         64       1889   bsp_debug_usart.o
       316         22          0          2         64       2338   bsp_encoder.o
       148         14          0          0          0       1517   bsp_key.o
       156          8          0          0          0        962   bsp_led.o
       604        102          0         16          0       4852   bsp_motor_control.o
       348         30          0          0         64       2891   bsp_motor_tim.o
       224         32          0          0         32       2326   bsp_pid.o
       344         12          0          0          0       4995   main.o
      1388         44          0          0        150       9282   protocol.o
        36          8        304          0       1024        920   startup_stm32f103xe.o
       154         32          0          9          0       6475   stm32f1xx_hal.o
       374         30          0          0          0      30685   stm32f1xx_hal_cortex.o
      1344         20          0          0          0       2432   stm32f1xx_hal_dma.o
       860         40          0          0          0       3391   stm32f1xx_hal_gpio.o
      1784        110          0          0          0       6136   stm32f1xx_hal_rcc.o
       304         14          0          0          0       1432   stm32f1xx_hal_rcc_ex.o
      1932         76          0          0          0      15391   stm32f1xx_hal_tim.o
         4          0          0          0          0       1557   stm32f1xx_hal_tim_ex.o
      1544         10          0          0          0       9483   stm32f1xx_hal_uart.o
       248         52          0          2          0       7220   stm32f1xx_it.o
        88         18         24          4          0     497471   system_stm32f1xx.o

    ----------------------------------------------------------------------
     12632        712        360         36       2092     616614   Object Totals
         0          0         32          0          0          0   (incl. Generated)
        24          0          0          3          2          0   (incl. Padding)

    ----------------------------------------------------------------------

      Code (inc. data)   RO Data    RW Data    ZI Data      Debug   Library Member Name

         0          0          0          0          0          0   entry.o
         0          0          0          0          0          0   entry10a.o
         0          0          0          0          0          0   entry11a.o
         8          4          0          0          0          0   entry2.o
         4          0          0          0          0          0   entry5.o
         0          0          0          0          0          0   entry7b.o
         0          0          0          0          0          0   entry8b.o
         8          4          0          0          0          0   entry9a.o
        30          0          0          0          0          0   handlers.o
        36          8          0          0          0         68   init.o
         0          0          0          0          0          0   iusefp.o
        30          0          0          0          0         68   llshl.o
        32          0          0          0          0         68   llushr.o
        36          0          0          0          0         68   memcpya.o
        36          0          0          0          0        108   memseta.o
        20          0          0          0          0         68   cfrcmple.o
       222          0          0          0          0        100   ddiv.o
       186          0          0          0          0        176   depilogue.o
        62          0          0          0          0         80   dfixi.o
        38          0          0          0          0         68   f2d.o
       176          0          0          0          0        140   fadd.o
       124          0          0          0          0         88   fdiv.o
       110          0          0          0          0        168   fepilogue.o
        40          0          0          0          0         68   ffixui.o
        18          0          0          0          0         68   fflti.o
        10          0          0          0          0         68   ffltui.o
       100          0          0          0          0         76   fmul.o

    ----------------------------------------------------------------------
      1328         16          0          0          0       1548   Library Totals
         2          0          0          0          0          0   (incl. Padding)

    ----------------------------------------------------------------------

      Code (inc. data)   RO Data    RW Data    ZI Data      Debug   Library Name

       220         16          0          0          0        380   mc_w.l
      1106          0          0          0          0       1168   mf_w.l

    ----------------------------------------------------------------------
      1328         16          0          0          0       1548   Library Totals

    ----------------------------------------------------------------------

==============================================================================


      Code (inc. data)   RO Data    RW Data    ZI Data      Debug   

     13960        728        360         36       2092     611658   Grand Totals
     13960        728        360         36       2092     611658   ELF Image Totals
     13960        728        360         36          0          0   ROM Totals

==============================================================================

    Total RO  Size (Code + RO Data)                14320 (  13.98kB)
    Total RW  Size (RW Data + ZI Data)              2128 (   2.08kB)
    Total ROM Size (Code + RO Data + RW Data)      14356 (  14.02kB)

==============================================================================

