Component: ARM Compiler 5.06 update 1 (build 61) Tool: armlink [4d35a8]

==============================================================================

Section Cross References

    startup_stm32f103xe.o(RESET) refers to startup_stm32f103xe.o(STACK) for __initial_sp
    startup_stm32f103xe.o(RESET) refers to startup_stm32f103xe.o(.text) for Reset_Handler
    startup_stm32f103xe.o(RESET) refers to stm32f1xx_it.o(i.NMI_Handler) for NMI_Handler
    startup_stm32f103xe.o(RESET) refers to stm32f1xx_it.o(i.HardFault_Handler) for HardFault_Handler
    startup_stm32f103xe.o(RESET) refers to stm32f1xx_it.o(i.MemManage_Handler) for MemManage_Handler
    startup_stm32f103xe.o(RESET) refers to stm32f1xx_it.o(i.BusFault_Handler) for BusFault_Handler
    startup_stm32f103xe.o(RESET) refers to stm32f1xx_it.o(i.UsageFault_Handler) for UsageFault_Handler
    startup_stm32f103xe.o(RESET) refers to stm32f1xx_it.o(i.SVC_Handler) for SVC_Handler
    startup_stm32f103xe.o(RESET) refers to stm32f1xx_it.o(i.DebugMon_Handler) for DebugMon_Handler
    startup_stm32f103xe.o(RESET) refers to stm32f1xx_it.o(i.PendSV_Handler) for PendSV_Handler
    startup_stm32f103xe.o(RESET) refers to stm32f1xx_it.o(i.SysTick_Handler) for SysTick_Handler
    startup_stm32f103xe.o(RESET) refers to stm32f1xx_it.o(i.USART1_IRQHandler) for USART1_IRQHandler
    startup_stm32f103xe.o(.text) refers to system_stm32f1xx.o(i.SystemInit) for SystemInit
    startup_stm32f103xe.o(.text) refers to entry.o(.ARM.Collect$$$$00000000) for __main
    system_stm32f1xx.o(i.SystemCoreClockUpdate) refers to system_stm32f1xx.o(.data) for SystemCoreClock
    system_stm32f1xx.o(i.SystemCoreClockUpdate) refers to system_stm32f1xx.o(.constdata) for AHBPrescTable
    stm32f1xx_hal.o(i.HAL_DeInit) refers to stm32f1xx_hal.o(i.HAL_MspDeInit) for HAL_MspDeInit
    stm32f1xx_hal.o(i.HAL_Delay) refers to stm32f1xx_hal.o(i.HAL_GetTick) for HAL_GetTick
    stm32f1xx_hal.o(i.HAL_Delay) refers to stm32f1xx_hal.o(.data) for uwTickFreq
    stm32f1xx_hal.o(i.HAL_GetTick) refers to stm32f1xx_hal.o(.data) for uwTick
    stm32f1xx_hal.o(i.HAL_GetTickFreq) refers to stm32f1xx_hal.o(.data) for uwTickFreq
    stm32f1xx_hal.o(i.HAL_GetTickPrio) refers to stm32f1xx_hal.o(.data) for uwTickPrio
    stm32f1xx_hal.o(i.HAL_IncTick) refers to stm32f1xx_hal.o(.data) for uwTick
    stm32f1xx_hal.o(i.HAL_Init) refers to stm32f1xx_hal_cortex.o(i.HAL_NVIC_SetPriorityGrouping) for HAL_NVIC_SetPriorityGrouping
    stm32f1xx_hal.o(i.HAL_Init) refers to stm32f1xx_hal.o(i.HAL_InitTick) for HAL_InitTick
    stm32f1xx_hal.o(i.HAL_Init) refers to stm32f1xx_hal.o(i.HAL_MspInit) for HAL_MspInit
    stm32f1xx_hal.o(i.HAL_InitTick) refers to stm32f1xx_hal_cortex.o(i.HAL_SYSTICK_Config) for HAL_SYSTICK_Config
    stm32f1xx_hal.o(i.HAL_InitTick) refers to stm32f1xx_hal_cortex.o(i.HAL_NVIC_SetPriority) for HAL_NVIC_SetPriority
    stm32f1xx_hal.o(i.HAL_InitTick) refers to stm32f1xx_hal.o(.data) for uwTickFreq
    stm32f1xx_hal.o(i.HAL_InitTick) refers to system_stm32f1xx.o(.data) for SystemCoreClock
    stm32f1xx_hal.o(i.HAL_SetTickFreq) refers to stm32f1xx_hal.o(i.HAL_InitTick) for HAL_InitTick
    stm32f1xx_hal.o(i.HAL_SetTickFreq) refers to stm32f1xx_hal.o(.data) for uwTickFreq
    stm32f1xx_hal_adc.o(i.ADC_ConversionStop_Disable) refers to stm32f1xx_hal.o(i.HAL_GetTick) for HAL_GetTick
    stm32f1xx_hal_adc.o(i.ADC_DMAConvCplt) refers to stm32f1xx_hal_adc.o(i.HAL_ADC_ConvCpltCallback) for HAL_ADC_ConvCpltCallback
    stm32f1xx_hal_adc.o(i.ADC_DMAError) refers to stm32f1xx_hal_adc.o(i.HAL_ADC_ErrorCallback) for HAL_ADC_ErrorCallback
    stm32f1xx_hal_adc.o(i.ADC_DMAHalfConvCplt) refers to stm32f1xx_hal_adc.o(i.HAL_ADC_ConvHalfCpltCallback) for HAL_ADC_ConvHalfCpltCallback
    stm32f1xx_hal_adc.o(i.ADC_Enable) refers to stm32f1xx_hal.o(i.HAL_GetTick) for HAL_GetTick
    stm32f1xx_hal_adc.o(i.ADC_Enable) refers to system_stm32f1xx.o(.data) for SystemCoreClock
    stm32f1xx_hal_adc.o(i.HAL_ADC_ConfigChannel) refers to system_stm32f1xx.o(.data) for SystemCoreClock
    stm32f1xx_hal_adc.o(i.HAL_ADC_DeInit) refers to stm32f1xx_hal_adc.o(i.ADC_ConversionStop_Disable) for ADC_ConversionStop_Disable
    stm32f1xx_hal_adc.o(i.HAL_ADC_DeInit) refers to stm32f1xx_hal_adc.o(i.HAL_ADC_MspDeInit) for HAL_ADC_MspDeInit
    stm32f1xx_hal_adc.o(i.HAL_ADC_IRQHandler) refers to stm32f1xx_hal_adc.o(i.HAL_ADC_ConvCpltCallback) for HAL_ADC_ConvCpltCallback
    stm32f1xx_hal_adc.o(i.HAL_ADC_IRQHandler) refers to stm32f1xx_hal_adc_ex.o(i.HAL_ADCEx_InjectedConvCpltCallback) for HAL_ADCEx_InjectedConvCpltCallback
    stm32f1xx_hal_adc.o(i.HAL_ADC_IRQHandler) refers to stm32f1xx_hal_adc.o(i.HAL_ADC_LevelOutOfWindowCallback) for HAL_ADC_LevelOutOfWindowCallback
    stm32f1xx_hal_adc.o(i.HAL_ADC_Init) refers to stm32f1xx_hal_adc.o(i.HAL_ADC_MspInit) for HAL_ADC_MspInit
    stm32f1xx_hal_adc.o(i.HAL_ADC_Init) refers to stm32f1xx_hal_adc.o(i.ADC_ConversionStop_Disable) for ADC_ConversionStop_Disable
[...]
    stm32f1xx_ll_sdmmc.o(i.SDMMC_CmdEraseEndAdd) refers to stm32f1xx_ll_sdmmc.o(i.SDIO_SendCommand) for SDIO_SendCommand
    stm32f1xx_ll_sdmmc.o(i.SDMMC_CmdEraseEndAdd) refers to stm32f1xx_ll_sdmmc.o(i.SDMMC_GetCmdResp1) for SDMMC_GetCmdResp1
    stm32f1xx_ll_sdmmc.o(i.SDMMC_CmdEraseStartAdd) refers to stm32f1xx_ll_sdmmc.o(i.SDIO_SendCommand) for SDIO_SendCommand
    stm32f1xx_ll_sdmmc.o(i.SDMMC_CmdEraseStartAdd) refers to stm32f1xx_ll_sdmmc.o(i.SDMMC_GetCmdResp1) for SDMMC_GetCmdResp1
    stm32f1xx_ll_sdmmc.o(i.SDMMC_CmdGoIdleState) refers to stm32f1xx_ll_sdmmc.o(i.SDIO_SendCommand) for SDIO_SendCommand
    stm32f1xx_ll_sdmmc.o(i.SDMMC_CmdGoIdleState) refers to stm32f1xx_ll_sdmmc.o(i.SDMMC_GetCmdError) for SDMMC_GetCmdError
    stm32f1xx_ll_sdmmc.o(i.SDMMC_CmdOpCondition) refers to stm32f1xx_ll_sdmmc.o(i.SDIO_SendCommand) for SDIO_SendCommand
    stm32f1xx_ll_sdmmc.o(i.SDMMC_CmdOpCondition) refers to stm32f1xx_ll_sdmmc.o(i.SDMMC_GetCmdResp3) for SDMMC_GetCmdResp3
    stm32f1xx_ll_sdmmc.o(i.SDMMC_CmdOperCond) refers to stm32f1xx_ll_sdmmc.o(i.SDIO_SendCommand) for SDIO_SendCommand
    stm32f1xx_ll_sdmmc.o(i.SDMMC_CmdOperCond) refers to stm32f1xx_ll_sdmmc.o(i.SDMMC_GetCmdResp7) for SDMMC_GetCmdResp7
    stm32f1xx_ll_sdmmc.o(i.SDMMC_CmdReadMultiBlock) refers to stm32f1xx_ll_sdmmc.o(i.SDIO_SendCommand) for SDIO_SendCommand
    stm32f1xx_ll_sdmmc.o(i.SDMMC_CmdReadMultiBlock) refers to stm32f1xx_ll_sdmmc.o(i.SDMMC_GetCmdResp1) for SDMMC_GetCmdResp1
    stm32f1xx_ll_sdmmc.o(i.SDMMC_CmdReadSingleBlock) refers to stm32f1xx_ll_sdmmc.o(i.SDIO_SendCommand) for SDIO_SendCommand
    stm32f1xx_ll_sdmmc.o(i.SDMMC_CmdReadSingleBlock) refers to stm32f1xx_ll_sdmmc.o(i.SDMMC_GetCmdResp1) for SDMMC_GetCmdResp1
    stm32f1xx_ll_sdmmc.o(i.SDMMC_CmdSDEraseEndAdd) refers to stm32f1xx_ll_sdmmc.o(i.SDIO_SendCommand) for SDIO_SendCommand
    stm32f1xx_ll_sdmmc.o(i.SDMMC_CmdSDEraseEndAdd) refers to stm32f1xx_ll_sdmmc.o(i.SDMMC_GetCmdResp1) for SDMMC_GetCmdResp1
    stm32f1xx_ll_sdmmc.o(i.SDMMC_CmdSDEraseStartAdd) refers to stm32f1xx_ll_sdmmc.o(i.SDIO_SendCommand) for SDIO_SendCommand
    stm32f1xx_ll_sdmmc.o(i.SDMMC_CmdSDEraseStartAdd) refers to stm32f1xx_ll_sdmmc.o(i.SDMMC_GetCmdResp1) for SDMMC_GetCmdResp1
    stm32f1xx_ll_sdmmc.o(i.SDMMC_CmdSelDesel) refers to stm32f1xx_ll_sdmmc.o(i.SDIO_SendCommand) for SDIO_SendCommand
    stm32f1xx_ll_sdmmc.o(i.SDMMC_CmdSelDesel) refers to stm32f1xx_ll_sdmmc.o(i.SDMMC_GetCmdResp1) for SDMMC_GetCmdResp1
    stm32f1xx_ll_sdmmc.o(i.SDMMC_CmdSendCID) refers to stm32f1xx_ll_sdmmc.o(i.SDIO_SendCommand) for SDIO_SendCommand
    stm32f1xx_ll_sdmmc.o(i.SDMMC_CmdSendCID) refers to stm32f1xx_ll_sdmmc.o(i.SDMMC_GetCmdResp2) for SDMMC_GetCmdResp2
    stm32f1xx_ll_sdmmc.o(i.SDMMC_CmdSendCSD) refers to stm32f1xx_ll_sdmmc.o(i.SDIO_SendCommand) for SDIO_SendCommand
    stm32f1xx_ll_sdmmc.o(i.SDMMC_CmdSendCSD) refers to stm32f1xx_ll_sdmmc.o(i.SDMMC_GetCmdResp2) for SDMMC_GetCmdResp2
    stm32f1xx_ll_sdmmc.o(i.SDMMC_CmdSendSCR) refers to stm32f1xx_ll_sdmmc.o(i.SDIO_SendCommand) for SDIO_SendCommand
    stm32f1xx_ll_sdmmc.o(i.SDMMC_CmdSendSCR) refers to stm32f1xx_ll_sdmmc.o(i.SDMMC_GetCmdResp1) for SDMMC_GetCmdResp1
    stm32f1xx_ll_sdmmc.o(i.SDMMC_CmdSendStatus) refers to stm32f1xx_ll_sdmmc.o(i.SDIO_SendCommand) for SDIO_SendCommand
    stm32f1xx_ll_sdmmc.o(i.SDMMC_CmdSendStatus) refers to stm32f1xx_ll_sdmmc.o(i.SDMMC_GetCmdResp1) for SDMMC_GetCmdResp1
    stm32f1xx_ll_sdmmc.o(i.SDMMC_CmdSetRelAdd) refers to stm32f1xx_ll_sdmmc.o(i.SDIO_SendCommand) for SDIO_SendCommand
    stm32f1xx_ll_sdmmc.o(i.SDMMC_CmdSetRelAdd) refers to stm32f1xx_ll_sdmmc.o(i.SDMMC_GetCmdResp6) for SDMMC_GetCmdResp6
    stm32f1xx_ll_sdmmc.o(i.SDMMC_CmdStatusRegister) refers to stm32f1xx_ll_sdmmc.o(i.SDIO_SendCommand) for SDIO_SendCommand
    stm32f1xx_ll_sdmmc.o(i.SDMMC_CmdStatusRegister) refers to stm32f1xx_ll_sdmmc.o(i.SDMMC_GetCmdResp1) for SDMMC_GetCmdResp1
    stm32f1xx_ll_sdmmc.o(i.SDMMC_CmdStopTransfer) refers to stm32f1xx_ll_sdmmc.o(i.SDIO_SendCommand) for SDIO_SendCommand
    stm32f1xx_ll_sdmmc.o(i.SDMMC_CmdStopTransfer) refers to stm32f1xx_ll_sdmmc.o(i.SDMMC_GetCmdResp1) for SDMMC_GetCmdResp1
    stm32f1xx_ll_sdmmc.o(i.SDMMC_CmdSwitch) refers to stm32f1xx_ll_sdmmc.o(i.SDIO_SendCommand) for SDIO_SendCommand
    stm32f1xx_ll_sdmmc.o(i.SDMMC_CmdSwitch) refers to stm32f1xx_ll_sdmmc.o(i.SDMMC_GetCmdResp1) for SDMMC_GetCmdResp1
    stm32f1xx_ll_sdmmc.o(i.SDMMC_CmdWriteMultiBlock) refers to stm32f1xx_ll_sdmmc.o(i.SDIO_SendCommand) for SDIO_SendCommand
    stm32f1xx_ll_sdmmc.o(i.SDMMC_CmdWriteMultiBlock) refers to stm32f1xx_ll_sdmmc.o(i.SDMMC_GetCmdResp1) for SDMMC_GetCmdResp1
    stm32f1xx_ll_sdmmc.o(i.SDMMC_CmdWriteSingleBlock) refers to stm32f1xx_ll_sdmmc.o(i.SDIO_SendCommand) for SDIO_SendCommand
    stm32f1xx_ll_sdmmc.o(i.SDMMC_CmdWriteSingleBlock) refers to stm32f1xx_ll_sdmmc.o(i.SDMMC_GetCmdResp1) for SDMMC_GetCmdResp1
    stm32f1xx_ll_sdmmc.o(i.SDMMC_GetCmdError) refers to system_stm32f1xx.o(.data) for SystemCoreClock
    stm32f1xx_ll_sdmmc.o(i.SDMMC_GetCmdResp1) refers to stm32f1xx_ll_sdmmc.o(i.SDIO_GetCommandResponse) for SDIO_GetCommandResponse
    stm32f1xx_ll_sdmmc.o(i.SDMMC_GetCmdResp1) refers to stm32f1xx_ll_sdmmc.o(i.SDIO_GetResponse) for SDIO_GetResponse
    stm32f1xx_ll_sdmmc.o(i.SDMMC_GetCmdResp1) refers to system_stm32f1xx.o(.data) for SystemCoreClock
    stm32f1xx_ll_sdmmc.o(i.SDMMC_GetCmdResp2) refers to system_stm32f1xx.o(.data) for SystemCoreClock
    stm32f1xx_ll_sdmmc.o(i.SDMMC_GetCmdResp3) refers to system_stm32f1xx.o(.data) for SystemCoreClock
    stm32f1xx_ll_sdmmc.o(i.SDMMC_GetCmdResp6) refers to stm32f1xx_ll_sdmmc.o(i.SDIO_GetCommandResponse) for SDIO_GetCommandResponse
    stm32f1xx_ll_sdmmc.o(i.SDMMC_GetCmdResp6) refers to stm32f1xx_ll_sdmmc.o(i.SDIO_GetResponse) for SDIO_GetResponse
    stm32f1xx_ll_sdmmc.o(i.SDMMC_GetCmdResp6) refers to system_stm32f1xx.o(.data) for SystemCoreClock
    stm32f1xx_ll_sdmmc.o(i.SDMMC_GetCmdResp7) refers to system_stm32f1xx.o(.data) for SystemCoreClock
    stm32f1xx_ll_usb.o(i.USB_DevInit) refers to stm32f1xx_ll_usb.o(i.USB_EnableGlobalInt) for USB_EnableGlobalInt
    stm32f1xx_ll_usb.o(i.USB_EPStartXfer) refers to stm32f1xx_ll_usb.o(i.USB_WritePMA) for USB_WritePMA
    main.o(i.SystemClock_Config) refers to memseta.o(.text) for __aeabi_memclr4
    main.o(i.SystemClock_Config) refers to stm32f1xx_hal_rcc.o(i.HAL_RCC_OscConfig) for HAL_RCC_OscConfig
    main.o(i.SystemClock_Config) refers to stm32f1xx_hal_rcc.o(i.HAL_RCC_ClockConfig) for HAL_RCC_ClockConfig
    main.o(i.main) refers to main.o(i.SystemClock_Config) for SystemClock_Config
    main.o(i.main) refers to bsp_key.o(i.Key_GPIO_Config) for Key_GPIO_Config
    main.o(i.main) refers to bsp_motor_control.o(i.motor_init) for motor_init
    main.o(i.main) refers to bsp_motor_control.o(i.set_motor_enable) for set_motor_enable
    main.o(i.main) refers to bsp_motor_control.o(i.set_motor_speed) for set_motor_speed
    main.o(i.main) refers to bsp_key.o(i.Key_Scan) for Key_Scan
    stm32f1xx_it.o(i.SysTick_Handler) refers to stm32f1xx_hal.o(i.HAL_IncTick) for HAL_IncTick
    stm32f1xx_it.o(i.USART1_IRQHandler) refers to stm32f1xx_hal_uart.o(i.HAL_UART_IRQHandler) for HAL_UART_IRQHandler
    stm32f1xx_it.o(i.USART1_IRQHandler) refers to bsp_debug_usart.o(.bss) for UartHandle
    bsp_led.o(i.LED_GPIO_Config) refers to stm32f1xx_hal_gpio.o(i.HAL_GPIO_Init) for HAL_GPIO_Init
    bsp_key.o(i.Key_GPIO_Config) refers to stm32f1xx_hal_gpio.o(i.HAL_GPIO_Init) for HAL_GPIO_Init
    bsp_key.o(i.Key_Scan) refers to stm32f1xx_hal_gpio.o(i.HAL_GPIO_ReadPin) for HAL_GPIO_ReadPin
    bsp_motor_control.o(i.motor_init) refers to bsp_motor_tim.o(i.TIMx_Configuration) for TIMx_Configuration
    bsp_motor_control.o(i.motor_init) refers to bsp_motor_control.o(i.sd_gpio_config) for sd_gpio_config
    bsp_motor_control.o(i.sd_gpio_config) refers to stm32f1xx_hal_gpio.o(i.HAL_GPIO_Init) for HAL_GPIO_Init
    bsp_motor_control.o(i.set_motor_direction) refers to bsp_motor_tim.o(i.TIM1_SetPWM_pulse) for TIM1_SetPWM_pulse
    bsp_motor_control.o(i.set_motor_direction) refers to bsp_motor_control.o(.data) for direction
    bsp_motor_control.o(i.set_motor_disable) refers to stm32f1xx_hal_gpio.o(i.HAL_GPIO_WritePin) for HAL_GPIO_WritePin
    bsp_motor_control.o(i.set_motor_disable) refers to stm32f1xx_hal_tim.o(i.HAL_TIM_PWM_Stop) for HAL_TIM_PWM_Stop
    bsp_motor_control.o(i.set_motor_disable) refers to bsp_motor_tim.o(.bss) for TIM_TimeBaseStructure
    bsp_motor_control.o(i.set_motor_enable) refers to stm32f1xx_hal_gpio.o(i.HAL_GPIO_WritePin) for HAL_GPIO_WritePin
    bsp_motor_control.o(i.set_motor_enable) refers to stm32f1xx_hal_tim.o(i.HAL_TIM_PWM_Start) for HAL_TIM_PWM_Start
    bsp_motor_control.o(i.set_motor_enable) refers to bsp_motor_tim.o(.bss) for TIM_TimeBaseStructure
    bsp_motor_control.o(i.set_motor_speed) refers to bsp_motor_tim.o(i.TIM1_SetPWM_pulse) for TIM1_SetPWM_pulse
    bsp_motor_control.o(i.set_motor_speed) refers to bsp_motor_control.o(.data) for dutyfactor
    bsp_debug_usart.o(i.DEBUG_USART_Config) refers to stm32f1xx_hal_uart.o(i.HAL_UART_Init) for HAL_UART_Init
    bsp_debug_usart.o(i.DEBUG_USART_Config) refers to bsp_debug_usart.o(.bss) for UartHandle
    bsp_debug_usart.o(i.HAL_UART_MspInit) refers to stm32f1xx_hal_gpio.o(i.HAL_GPIO_Init) for HAL_GPIO_Init
    bsp_debug_usart.o(i.HAL_UART_MspInit) refers to stm32f1xx_hal_cortex.o(i.HAL_NVIC_SetPriority) for HAL_NVIC_SetPriority
    bsp_debug_usart.o(i.HAL_UART_MspInit) refers to stm32f1xx_hal_cortex.o(i.HAL_NVIC_EnableIRQ) for HAL_NVIC_EnableIRQ
    bsp_debug_usart.o(i.Usart_SendString) refers to stm32f1xx_hal_uart.o(i.HAL_UART_Transmit) for HAL_UART_Transmit
    bsp_debug_usart.o(i.Usart_SendString) refers to bsp_debug_usart.o(.bss) for UartHandle
    bsp_debug_usart.o(i.fgetc) refers to stm32f1xx_hal_uart.o(i.HAL_UART_Receive) for HAL_UART_Receive
    bsp_debug_usart.o(i.fgetc) refers to bsp_debug_usart.o(.bss) for UartHandle
    bsp_debug_usart.o(i.fputc) refers to stm32f1xx_hal_uart.o(i.HAL_UART_Transmit) for HAL_UART_Transmit
    bsp_debug_usart.o(i.fputc) refers to bsp_debug_usart.o(.bss) for UartHandle
    bsp_motor_tim.o(i.TIM1_SetPWM_pulse) refers to bsp_motor_tim.o(.bss) for TIM_TimeBaseStructure
    bsp_motor_tim.o(i.TIM_PWMOUTPUT_Config) refers to stm32f1xx_hal_tim.o(i.HAL_TIM_PWM_Init) for HAL_TIM_PWM_Init
    bsp_motor_tim.o(i.TIM_PWMOUTPUT_Config) refers to stm32f1xx_hal_tim.o(i.HAL_TIM_PWM_ConfigChannel) for HAL_TIM_PWM_ConfigChannel
    bsp_motor_tim.o(i.TIM_PWMOUTPUT_Config) refers to stm32f1xx_hal_tim.o(i.HAL_TIM_PWM_Start) for HAL_TIM_PWM_Start
    bsp_motor_tim.o(i.TIM_PWMOUTPUT_Config) refers to bsp_motor_tim.o(.bss) for TIM_TimeBaseStructure
    bsp_motor_tim.o(i.TIMx_Configuration) refers to bsp_motor_tim.o(i.TIMx_GPIO_Config) for TIMx_GPIO_Config
    bsp_motor_tim.o(i.TIMx_Configuration) refers to bsp_motor_tim.o(i.TIM_PWMOUTPUT_Config) for TIM_PWMOUTPUT_Config
    bsp_motor_tim.o(i.TIMx_GPIO_Config) refers to stm32f1xx_hal_gpio.o(i.HAL_GPIO_Init) for HAL_GPIO_Init
    entry.o(.ARM.Collect$$$$00000000) refers (Special) to entry10a.o(.ARM.Collect$$$$0000000D) for __rt_final_cpp
    entry.o(.ARM.Collect$$$$00000000) refers (Special) to entry11a.o(.ARM.Collect$$$$0000000F) for __rt_final_exit
    entry.o(.ARM.Collect$$$$00000000) refers (Special) to entry7b.o(.ARM.Collect$$$$00000008) for _main_clock
    entry.o(.ARM.Collect$$$$00000000) refers (Special) to entry8b.o(.ARM.Collect$$$$0000000A) for _main_cpp_init
    entry.o(.ARM.Collect$$$$00000000) refers (Special) to entry9a.o(.ARM.Collect$$$$0000000B) for _main_init
    entry.o(.ARM.Collect$$$$00000000) refers (Special) to entry5.o(.ARM.Collect$$$$00000004) for _main_scatterload
    entry.o(.ARM.Collect$$$$00000000) refers (Special) to entry2.o(.ARM.Collect$$$$00000001) for _main_stk
    entry2.o(.ARM.Collect$$$$00000001) refers to entry2.o(.ARM.Collect$$$$00002712) for __lit__00000000
    entry2.o(.ARM.Collect$$$$00002712) refers to startup_stm32f103xe.o(STACK) for __initial_sp
    entry2.o(__vectab_stack_and_reset_area) refers to startup_stm32f103xe.o(STACK) for __initial_sp
    entry2.o(__vectab_stack_and_reset_area) refers to entry.o(.ARM.Collect$$$$00000000) for __main
    entry5.o(.ARM.Collect$$$$00000004) refers to init.o(.text) for __scatterload
    entry9a.o(.ARM.Collect$$$$0000000B) refers to main.o(i.main) for main
    entry9b.o(.ARM.Collect$$$$0000000C) refers to main.o(i.main) for main
    init.o(.text) refers to entry5.o(.ARM.Collect$$$$00000004) for __main_after_scatterload


==============================================================================

Removing Unused input sections from the image.

    Removing startup_stm32f103xe.o(HEAP), (512 bytes).
    Removing system_stm32f1xx.o(.rev16_text), (4 bytes).
    Removing system_stm32f1xx.o(.revsh_text), (4 bytes).
    Removing system_stm32f1xx.o(.rrx_text), (6 bytes).
    Removing system_stm32f1xx.o(i.SystemCoreClockUpdate), (164 bytes).
    Removing stm32f1xx_hal.o(.rev16_text), (4 bytes).
    Removing stm32f1xx_hal.o(.revsh_text), (4 bytes).
    Removing stm32f1xx_hal.o(.rrx_text), (6 bytes).
    Removing stm32f1xx_hal.o(i.HAL_DBGMCU_DisableDBGSleepMode), (20 bytes).
    Removing stm32f1xx_hal.o(i.HAL_DBGMCU_DisableDBGStandbyMode), (20 bytes).
    Removing stm32f1xx_hal.o(i.HAL_DBGMCU_DisableDBGStopMode), (20 bytes).
    Removing stm32f1xx_hal.o(i.HAL_DBGMCU_EnableDBGSleepMode), (20 bytes).
    Removing stm32f1xx_hal.o(i.HAL_DBGMCU_EnableDBGStandbyMode), (20 bytes).
    Removing stm32f1xx_hal.o(i.HAL_DBGMCU_EnableDBGStopMode), (20 bytes).
    Removing stm32f1xx_hal.o(i.HAL_DeInit), (36 bytes).
    Removing stm32f1xx_hal.o(i.HAL_Delay), (40 bytes).
    Removing stm32f1xx_hal.o(i.HAL_GetDEVID), (16 bytes).
    Removing stm32f1xx_hal.o(i.HAL_GetHalVersion), (8 bytes).
    Removing stm32f1xx_hal.o(i.HAL_GetREVID), (12 bytes).
    Removing stm32f1xx_hal.o(i.HAL_GetTickFreq), (12 bytes).
    Removing stm32f1xx_hal.o(i.HAL_GetTickPrio), (12 bytes).
    Removing stm32f1xx_hal.o(i.HAL_GetUIDw0), (12 bytes).
    Removing stm32f1xx_hal.o(i.HAL_GetUIDw1), (12 bytes).
    Removing stm32f1xx_hal.o(i.HAL_GetUIDw2), (12 bytes).
    Removing stm32f1xx_hal.o(i.HAL_Init), (40 bytes).
    Removing stm32f1xx_hal.o(i.HAL_MspDeInit), (2 bytes).
    Removing stm32f1xx_hal.o(i.HAL_MspInit), (2 bytes).
    Removing stm32f1xx_hal.o(i.HAL_ResumeTick), (18 bytes).
    Removing stm32f1xx_hal.o(i.HAL_SetTickFreq), (44 bytes).
    Removing stm32f1xx_hal.o(i.HAL_SuspendTick), (18 bytes).
    Removing stm32f1xx_hal_adc.o(.rev16_text), (4 bytes).
    Removing stm32f1xx_hal_adc.o(.revsh_text), (4 bytes).
    Removing stm32f1xx_hal_adc.o(.rrx_text), (6 bytes).
    Removing stm32f1xx_hal_adc.o(i.ADC_ConversionStop_Disable), (82 bytes).
    Removing stm32f1xx_hal_adc.o(i.ADC_DMAConvCplt), (82 bytes).
    Removing stm32f1xx_hal_adc.o(i.ADC_DMAError), (30 bytes).
    Removing stm32f1xx_hal_adc.o(i.ADC_DMAHalfConvCplt), (14 bytes).
    Removing stm32f1xx_hal_adc.o(i.ADC_Enable), (132 bytes).
    Removing stm32f1xx_hal_adc.o(i.HAL_ADC_AnalogWDGConfig), (148 bytes).
    Removing stm32f1xx_hal_adc.o(i.HAL_ADC_ConfigChannel), (352 bytes).
    Removing stm32f1xx_hal_adc.o(i.HAL_ADC_ConvCpltCallback), (2 bytes).
    Removing stm32f1xx_hal_adc.o(i.HAL_ADC_ConvHalfCpltCallback), (2 bytes).
    Removing stm32f1xx_hal_adc.o(i.HAL_ADC_DeInit), (268 bytes).
    Removing stm32f1xx_hal_adc.o(i.HAL_ADC_ErrorCallback), (2 bytes).
    Removing stm32f1xx_hal_adc.o(i.HAL_ADC_GetError), (6 bytes).
    Removing stm32f1xx_hal_adc.o(i.HAL_ADC_GetState), (6 bytes).
    Removing stm32f1xx_hal_adc.o(i.HAL_ADC_GetValue), (8 bytes).
    Removing stm32f1xx_hal_adc.o(i.HAL_ADC_IRQHandler), (290 bytes).
    Removing stm32f1xx_hal_adc.o(i.HAL_ADC_Init), (352 bytes).
    Removing stm32f1xx_hal_adc.o(i.HAL_ADC_LevelOutOfWindowCallback), (2 bytes).
    Removing stm32f1xx_hal_adc.o(i.HAL_ADC_MspDeInit), (2 bytes).
    Removing stm32f1xx_hal_adc.o(i.HAL_ADC_MspInit), (2 bytes).
    Removing stm32f1xx_hal_adc.o(i.HAL_ADC_PollForConversion), (368 bytes).
    Removing stm32f1xx_hal_adc.o(i.HAL_ADC_PollForEvent), (100 bytes).
    Removing stm32f1xx_hal_adc.o(i.HAL_ADC_Start), (304 bytes).
    Removing stm32f1xx_hal_adc.o(i.HAL_ADC_Start_DMA), (384 bytes).
    Removing stm32f1xx_hal_adc.o(i.HAL_ADC_Start_IT), (316 bytes).
    Removing stm32f1xx_hal_adc.o(i.HAL_ADC_Stop), (64 bytes).
    Removing stm32f1xx_hal_adc.o(i.HAL_ADC_Stop_DMA), (96 bytes).
    Removing stm32f1xx_hal_adc.o(i.HAL_ADC_Stop_IT), (76 bytes).
    Removing stm32f1xx_hal_adc_ex.o(.rev16_text), (4 bytes).
    Removing stm32f1xx_hal_adc_ex.o(.revsh_text), (4 bytes).
    Removing stm32f1xx_hal_adc_ex.o(.rrx_text), (6 bytes).
    Removing stm32f1xx_hal_adc_ex.o(i.HAL_ADCEx_Calibration_Start), (260 bytes).
    Removing stm32f1xx_hal_adc_ex.o(i.HAL_ADCEx_InjectedConfigChannel), (628 bytes).
    Removing stm32f1xx_hal_adc_ex.o(i.HAL_ADCEx_InjectedConvCpltCallback), (2 bytes).
    Removing stm32f1xx_hal_adc_ex.o(i.HAL_ADCEx_InjectedGetValue), (50 bytes).
    Removing stm32f1xx_hal_adc_ex.o(i.HAL_ADCEx_InjectedPollForConversion), (348 bytes).
    Removing stm32f1xx_hal_adc_ex.o(i.HAL_ADCEx_InjectedStart), (236 bytes).
    Removing stm32f1xx_hal_adc_ex.o(i.HAL_ADCEx_InjectedStart_IT), (248 bytes).
    Removing stm32f1xx_hal_adc_ex.o(i.HAL_ADCEx_InjectedStop), (94 bytes).
    Removing stm32f1xx_hal_adc_ex.o(i.HAL_ADCEx_InjectedStop_IT), (106 bytes).
    Removing stm32f1xx_hal_adc_ex.o(i.HAL_ADCEx_MultiModeConfigChannel), (116 bytes).
    Removing stm32f1xx_hal_adc_ex.o(i.HAL_ADCEx_MultiModeGetValue), (36 bytes).
    Removing stm32f1xx_hal_adc_ex.o(i.HAL_ADCEx_MultiModeStart_DMA), (276 bytes).
    Removing stm32f1xx_hal_adc_ex.o(i.HAL_ADCEx_MultiModeStop_DMA), (140 bytes).
    Removing stm32f1xx_hal_can.o(.rev16_text), (4 bytes).
    Removing stm32f1xx_hal_can.o(.revsh_text), (4 bytes).
    Removing stm32f1xx_hal_can.o(.rrx_text), (6 bytes).
    Removing stm32f1xx_hal_can.o(i.HAL_CAN_AbortTxRequest), (86 bytes).
    Removing stm32f1xx_hal_can.o(i.HAL_CAN_ActivateNotification), (42 bytes).
    Removing stm32f1xx_hal_can.o(i.HAL_CAN_AddTxMessage), (342 bytes).
    Removing stm32f1xx_hal_can.o(i.HAL_CAN_ConfigFilter), (266 bytes).
    Removing stm32f1xx_hal_can.o(i.HAL_CAN_DeInit), (46 bytes).
    Removing stm32f1xx_hal_can.o(i.HAL_CAN_DeactivateNotification), (42 bytes).
    Removing stm32f1xx_hal_can.o(i.HAL_CAN_ErrorCallback), (2 bytes).
    Removing stm32f1xx_hal_can.o(i.HAL_CAN_GetError), (6 bytes).
    Removing stm32f1xx_hal_can.o(i.HAL_CAN_GetRxFifoFillLevel), (40 bytes).
    Removing stm32f1xx_hal_can.o(i.HAL_CAN_GetRxMessage), (378 bytes).
    Removing stm32f1xx_hal_can.o(i.HAL_CAN_GetState), (42 bytes).
    Removing stm32f1xx_hal_can.o(i.HAL_CAN_GetTxMailboxesFreeLevel), (54 bytes).
    Removing stm32f1xx_hal_can.o(i.HAL_CAN_GetTxTimestamp), (42 bytes).
    Removing stm32f1xx_hal_can.o(i.HAL_CAN_IRQHandler), (590 bytes).
    Removing stm32f1xx_hal_can.o(i.HAL_CAN_Init), (372 bytes).
    Removing stm32f1xx_hal_can.o(i.HAL_CAN_IsSleepActive), (30 bytes).
    Removing stm32f1xx_hal_can.o(i.HAL_CAN_IsTxMessagePending), (36 bytes).
    Removing stm32f1xx_hal_can.o(i.HAL_CAN_MspDeInit), (2 bytes).
    Removing stm32f1xx_hal_can.o(i.HAL_CAN_MspInit), (2 bytes).
    Removing stm32f1xx_hal_can.o(i.HAL_CAN_RequestSleep), (42 bytes).
    Removing stm32f1xx_hal_can.o(i.HAL_CAN_ResetError), (34 bytes).
    Removing stm32f1xx_hal_can.o(i.HAL_CAN_RxFifo0FullCallback), (2 bytes).
    Removing stm32f1xx_hal_can.o(i.HAL_CAN_RxFifo0MsgPendingCallback), (2 bytes).
    Removing stm32f1xx_hal_can.o(i.HAL_CAN_RxFifo1FullCallback), (2 bytes).
    Removing stm32f1xx_hal_can.o(i.HAL_CAN_RxFifo1MsgPendingCallback), (2 bytes).
    Removing stm32f1xx_hal_can.o(i.HAL_CAN_SleepCallback), (2 bytes).
    Removing stm32f1xx_hal_can.o(i.HAL_CAN_Start), (94 bytes).
    Removing stm32f1xx_hal_can.o(i.HAL_CAN_Stop), (106 bytes).
    Removing stm32f1xx_hal_can.o(i.HAL_CAN_TxMailbox0AbortCallback), (2 bytes).
    Removing stm32f1xx_hal_can.o(i.HAL_CAN_TxMailbox0CompleteCallback), (2 bytes).
    Removing stm32f1xx_hal_can.o(i.HAL_CAN_TxMailbox1AbortCallback), (2 bytes).
    Removing stm32f1xx_hal_can.o(i.HAL_CAN_TxMailbox1CompleteCallback), (2 bytes).
    Removing stm32f1xx_hal_can.o(i.HAL_CAN_TxMailbox2AbortCallback), (2 bytes).
    Removing stm32f1xx_hal_can.o(i.HAL_CAN_TxMailbox2CompleteCallback), (2 bytes).
    Removing stm32f1xx_hal_can.o(i.HAL_CAN_WakeUp), (92 bytes).
    Removing stm32f1xx_hal_can.o(i.HAL_CAN_WakeUpFromRxMsgCallback), (2 bytes).
    Removing stm32f1xx_hal_cec.o(.rev16_text), (4 bytes).
    Removing stm32f1xx_hal_cec.o(.revsh_text), (4 bytes).
    Removing stm32f1xx_hal_cec.o(.rrx_text), (6 bytes).
    Removing stm32f1xx_hal_cortex.o(.rev16_text), (4 bytes).
    Removing stm32f1xx_hal_cortex.o(.revsh_text), (4 bytes).
    Removing stm32f1xx_hal_cortex.o(.rrx_text), (6 bytes).
    Removing stm32f1xx_hal_cortex.o(i.HAL_NVIC_ClearPendingIRQ), (36 bytes).
    Removing stm32f1xx_hal_cortex.o(i.HAL_NVIC_DisableIRQ), (68 bytes).
    Removing stm32f1xx_hal_cortex.o(i.HAL_NVIC_EnableIRQ), (32 bytes).
    Removing stm32f1xx_hal_cortex.o(i.HAL_NVIC_GetActive), (48 bytes).
    Removing stm32f1xx_hal_cortex.o(i.HAL_NVIC_GetPendingIRQ), (48 bytes).
    Removing stm32f1xx_hal_cortex.o(i.HAL_NVIC_GetPriority), (148 bytes).
    Removing stm32f1xx_hal_cortex.o(i.HAL_NVIC_GetPriorityGrouping), (8 bytes).
    Removing stm32f1xx_hal_cortex.o(i.HAL_NVIC_SetPendingIRQ), (36 bytes).
    Removing stm32f1xx_hal_cortex.o(i.HAL_NVIC_SetPriorityGrouping), (40 bytes).
    Removing stm32f1xx_hal_cortex.o(i.HAL_NVIC_SystemReset), (68 bytes).
    Removing stm32f1xx_hal_cortex.o(i.HAL_SYSTICK_CLKSourceConfig), (40 bytes).
    Removing stm32f1xx_hal_cortex.o(i.HAL_SYSTICK_Callback), (2 bytes).
    Removing stm32f1xx_hal_cortex.o(i.HAL_SYSTICK_IRQHandler), (8 bytes).
    Removing stm32f1xx_hal_crc.o(.rev16_text), (4 bytes).
    Removing stm32f1xx_hal_crc.o(.revsh_text), (4 bytes).
    Removing stm32f1xx_hal_crc.o(.rrx_text), (6 bytes).
    Removing stm32f1xx_hal_crc.o(i.HAL_CRC_Accumulate), (40 bytes).
    Removing stm32f1xx_hal_crc.o(i.HAL_CRC_Calculate), (52 bytes).
    Removing stm32f1xx_hal_crc.o(i.HAL_CRC_DeInit), (64 bytes).
    Removing stm32f1xx_hal_crc.o(i.HAL_CRC_GetState), (6 bytes).
    Removing stm32f1xx_hal_crc.o(i.HAL_CRC_Init), (32 bytes).
    Removing stm32f1xx_hal_crc.o(i.HAL_CRC_MspDeInit), (2 bytes).
    Removing stm32f1xx_hal_crc.o(i.HAL_CRC_MspInit), (2 bytes).
    Removing stm32f1xx_hal_dac.o(.rev16_text), (4 bytes).
    Removing stm32f1xx_hal_dac.o(.revsh_text), (4 bytes).
    Removing stm32f1xx_hal_dac.o(.rrx_text), (6 bytes).
    Removing stm32f1xx_hal_dac.o(i.DAC_DMAConvCpltCh1), (18 bytes).
    Removing stm32f1xx_hal_dac.o(i.DAC_DMAErrorCh1), (26 bytes).
    Removing stm32f1xx_hal_dac.o(i.DAC_DMAHalfConvCpltCh1), (14 bytes).
    Removing stm32f1xx_hal_dac.o(i.HAL_DAC_ConfigChannel), (116 bytes).
    Removing stm32f1xx_hal_dac.o(i.HAL_DAC_ConvCpltCallbackCh1), (2 bytes).
    Removing stm32f1xx_hal_dac.o(i.HAL_DAC_ConvHalfCpltCallbackCh1), (2 bytes).
    Removing stm32f1xx_hal_dac.o(i.HAL_DAC_DMAUnderrunCallbackCh1), (2 bytes).
    Removing stm32f1xx_hal_dac.o(i.HAL_DAC_DeInit), (36 bytes).
    Removing stm32f1xx_hal_dac.o(i.HAL_DAC_ErrorCallbackCh1), (2 bytes).
    Removing stm32f1xx_hal_dac.o(i.HAL_DAC_GetError), (6 bytes).
    Removing stm32f1xx_hal_dac.o(i.HAL_DAC_GetState), (6 bytes).
    Removing stm32f1xx_hal_dac.o(i.HAL_DAC_GetValue), (16 bytes).
    Removing stm32f1xx_hal_dac.o(i.HAL_DAC_IRQHandler), (2 bytes).
    Removing stm32f1xx_hal_dac.o(i.HAL_DAC_Init), (40 bytes).
    Removing stm32f1xx_hal_dac.o(i.HAL_DAC_MspDeInit), (2 bytes).
    Removing stm32f1xx_hal_dac.o(i.HAL_DAC_MspInit), (2 bytes).
    Removing stm32f1xx_hal_dac.o(i.HAL_DAC_SetValue), (44 bytes).
    Removing stm32f1xx_hal_dac.o(i.HAL_DAC_Start), (120 bytes).
    Removing stm32f1xx_hal_dac.o(i.HAL_DAC_Start_DMA), (300 bytes).
    Removing stm32f1xx_hal_dac.o(i.HAL_DAC_Stop), (30 bytes).
    Removing stm32f1xx_hal_dac.o(i.HAL_DAC_Stop_DMA), (80 bytes).
    Removing stm32f1xx_hal_dac_ex.o(.rev16_text), (4 bytes).
    Removing stm32f1xx_hal_dac_ex.o(.revsh_text), (4 bytes).
    Removing stm32f1xx_hal_dac_ex.o(.rrx_text), (6 bytes).
    Removing stm32f1xx_hal_dac_ex.o(i.DAC_DMAConvCpltCh2), (18 bytes).
    Removing stm32f1xx_hal_dac_ex.o(i.DAC_DMAErrorCh2), (26 bytes).
    Removing stm32f1xx_hal_dac_ex.o(i.DAC_DMAHalfConvCpltCh2), (14 bytes).
    Removing stm32f1xx_hal_dac_ex.o(i.HAL_DACEx_ConvCpltCallbackCh2), (2 bytes).
    Removing stm32f1xx_hal_dac_ex.o(i.HAL_DACEx_ConvHalfCpltCallbackCh2), (2 bytes).
    Removing stm32f1xx_hal_dac_ex.o(i.HAL_DACEx_DMAUnderrunCallbackCh2), (2 bytes).
    Removing stm32f1xx_hal_dac_ex.o(i.HAL_DACEx_DualGetValue), (20 bytes).
    Removing stm32f1xx_hal_dac_ex.o(i.HAL_DACEx_DualSetValue), (32 bytes).
    Removing stm32f1xx_hal_dac_ex.o(i.HAL_DACEx_ErrorCallbackCh2), (2 bytes).
    Removing stm32f1xx_hal_dac_ex.o(i.HAL_DACEx_NoiseWaveGenerate), (74 bytes).
    Removing stm32f1xx_hal_dac_ex.o(i.HAL_DACEx_TriangleWaveGenerate), (74 bytes).
    Removing stm32f1xx_hal_dma.o(.rev16_text), (4 bytes).
    Removing stm32f1xx_hal_dma.o(.revsh_text), (4 bytes).
    Removing stm32f1xx_hal_dma.o(.rrx_text), (6 bytes).
    Removing stm32f1xx_hal_dma.o(i.DMA_SetConfig), (44 bytes).
    Removing stm32f1xx_hal_dma.o(i.HAL_DMA_Abort), (86 bytes).
    Removing stm32f1xx_hal_dma.o(i.HAL_DMA_DeInit), (140 bytes).
    Removing stm32f1xx_hal_dma.o(i.HAL_DMA_GetError), (6 bytes).
    Removing stm32f1xx_hal_dma.o(i.HAL_DMA_GetState), (8 bytes).
    Removing stm32f1xx_hal_dma.o(i.HAL_DMA_IRQHandler), (920 bytes).
    Removing stm32f1xx_hal_dma.o(i.HAL_DMA_Init), (140 bytes).
    Removing stm32f1xx_hal_dma.o(i.HAL_DMA_PollForTransfer), (1620 bytes).
    Removing stm32f1xx_hal_dma.o(i.HAL_DMA_RegisterCallback), (90 bytes).
    Removing stm32f1xx_hal_dma.o(i.HAL_DMA_Start), (114 bytes).
    Removing stm32f1xx_hal_dma.o(i.HAL_DMA_Start_IT), (156 bytes).
    Removing stm32f1xx_hal_dma.o(i.HAL_DMA_UnRegisterCallback), (106 bytes).
    Removing stm32f1xx_hal_eth.o(.rev16_text), (4 bytes).
    Removing stm32f1xx_hal_eth.o(.revsh_text), (4 bytes).
    Removing stm32f1xx_hal_eth.o(.rrx_text), (6 bytes).
    Removing stm32f1xx_hal_flash.o(.rev16_text), (4 bytes).
    Removing stm32f1xx_hal_flash.o(.revsh_text), (4 bytes).
    Removing stm32f1xx_hal_flash.o(.rrx_text), (6 bytes).
    Removing stm32f1xx_hal_flash.o(i.FLASH_Program_HalfWord), (32 bytes).
    Removing stm32f1xx_hal_flash.o(i.FLASH_SetErrorCode), (132 bytes).
    Removing stm32f1xx_hal_flash.o(i.FLASH_WaitForLastOperation), (112 bytes).
    Removing stm32f1xx_hal_flash.o(i.HAL_FLASH_EndOfOperationCallback), (2 bytes).
    Removing stm32f1xx_hal_flash.o(i.HAL_FLASH_GetError), (12 bytes).
    Removing stm32f1xx_hal_flash.o(i.HAL_FLASH_IRQHandler), (384 bytes).
    Removing stm32f1xx_hal_flash.o(i.HAL_FLASH_Lock), (20 bytes).
    Removing stm32f1xx_hal_flash.o(i.HAL_FLASH_OB_Launch), (8 bytes).
    Removing stm32f1xx_hal_flash.o(i.HAL_FLASH_OB_Lock), (20 bytes).
    Removing stm32f1xx_hal_flash.o(i.HAL_FLASH_OB_Unlock), (44 bytes).
    Removing stm32f1xx_hal_flash.o(i.HAL_FLASH_OperationErrorCallback), (2 bytes).
    Removing stm32f1xx_hal_flash.o(i.HAL_FLASH_Program), (176 bytes).
    Removing stm32f1xx_hal_flash.o(i.HAL_FLASH_Program_IT), (124 bytes).
    Removing stm32f1xx_hal_flash.o(i.HAL_FLASH_Unlock), (48 bytes).
    Removing stm32f1xx_hal_flash.o(.bss), (32 bytes).
    Removing stm32f1xx_hal_flash_ex.o(.rev16_text), (4 bytes).
    Removing stm32f1xx_hal_flash_ex.o(.revsh_text), (4 bytes).
    Removing stm32f1xx_hal_flash_ex.o(.rrx_text), (6 bytes).
    Removing stm32f1xx_hal_flash_ex.o(i.FLASH_MassErase), (40 bytes).
    Removing stm32f1xx_hal_flash_ex.o(i.FLASH_OB_DisableWRP), (232 bytes).
    Removing stm32f1xx_hal_flash_ex.o(i.FLASH_OB_EnableWRP), (236 bytes).
    Removing stm32f1xx_hal_flash_ex.o(i.FLASH_OB_GetRDP), (28 bytes).
    Removing stm32f1xx_hal_flash_ex.o(i.FLASH_OB_GetUser), (16 bytes).
    Removing stm32f1xx_hal_flash_ex.o(i.FLASH_OB_GetWRP), (12 bytes).
    Removing stm32f1xx_hal_flash_ex.o(i.FLASH_OB_ProgramData), (76 bytes).
    Removing stm32f1xx_hal_flash_ex.o(i.FLASH_OB_RDP_LevelConfig), (124 bytes).
    Removing stm32f1xx_hal_flash_ex.o(i.FLASH_OB_UserConfig), (84 bytes).
    Removing stm32f1xx_hal_flash_ex.o(i.FLASH_PageErase), (40 bytes).
    Removing stm32f1xx_hal_flash_ex.o(i.HAL_FLASHEx_Erase), (176 bytes).
    Removing stm32f1xx_hal_flash_ex.o(i.HAL_FLASHEx_Erase_IT), (100 bytes).
    Removing stm32f1xx_hal_flash_ex.o(i.HAL_FLASHEx_OBErase), (96 bytes).
    Removing stm32f1xx_hal_flash_ex.o(i.HAL_FLASHEx_OBGetConfig), (28 bytes).
    Removing stm32f1xx_hal_flash_ex.o(i.HAL_FLASHEx_OBGetUserData), (40 bytes).
    Removing stm32f1xx_hal_flash_ex.o(i.HAL_FLASHEx_OBProgram), (200 bytes).
    Removing stm32f1xx_hal_gpio.o(.rev16_text), (4 bytes).
    Removing stm32f1xx_hal_gpio.o(.revsh_text), (4 bytes).
    Removing stm32f1xx_hal_gpio.o(.rrx_text), (6 bytes).
    Removing stm32f1xx_hal_gpio.o(i.HAL_GPIO_DeInit), (340 bytes).
    Removing stm32f1xx_hal_gpio.o(i.HAL_GPIO_EXTI_Callback), (2 bytes).
    Removing stm32f1xx_hal_gpio.o(i.HAL_GPIO_EXTI_IRQHandler), (28 bytes).
    Removing stm32f1xx_hal_gpio.o(i.HAL_GPIO_LockPin), (46 bytes).
    Removing stm32f1xx_hal_gpio.o(i.HAL_GPIO_TogglePin), (14 bytes).
    Removing stm32f1xx_hal_gpio_ex.o(.rev16_text), (4 bytes).
    Removing stm32f1xx_hal_gpio_ex.o(.revsh_text), (4 bytes).
    Removing stm32f1xx_hal_gpio_ex.o(.rrx_text), (6 bytes).
    Removing stm32f1xx_hal_gpio_ex.o(i.HAL_GPIOEx_ConfigEventout), (24 bytes).
    Removing stm32f1xx_hal_gpio_ex.o(i.HAL_GPIOEx_DisableEventout), (20 bytes).
    Removing stm32f1xx_hal_gpio_ex.o(i.HAL_GPIOEx_EnableEventout), (20 bytes).
    Removing stm32f1xx_hal_hcd.o(.rev16_text), (4 bytes).
    Removing stm32f1xx_hal_hcd.o(.revsh_text), (4 bytes).
    Removing stm32f1xx_hal_hcd.o(.rrx_text), (6 bytes).
    Removing stm32f1xx_hal_i2c.o(.rev16_text), (4 bytes).
    Removing stm32f1xx_hal_i2c.o(.revsh_text), (4 bytes).
    Removing stm32f1xx_hal_i2c.o(.rrx_text), (6 bytes).
    Removing stm32f1xx_hal_i2c.o(i.HAL_I2C_AbortCpltCallback), (2 bytes).
    Removing stm32f1xx_hal_i2c.o(i.HAL_I2C_AddrCallback), (2 bytes).
    Removing stm32f1xx_hal_i2c.o(i.HAL_I2C_DeInit), (60 bytes).
    Removing stm32f1xx_hal_i2c.o(i.HAL_I2C_DisableListen_IT), (70 bytes).
    Removing stm32f1xx_hal_i2c.o(i.HAL_I2C_ER_IRQHandler), (218 bytes).
    Removing stm32f1xx_hal_i2c.o(i.HAL_I2C_EV_IRQHandler), (452 bytes).
    Removing stm32f1xx_hal_i2c.o(i.HAL_I2C_EnableListen_IT), (70 bytes).
    Removing stm32f1xx_hal_i2c.o(i.HAL_I2C_ErrorCallback), (2 bytes).
    Removing stm32f1xx_hal_i2c.o(i.HAL_I2C_GetError), (6 bytes).
    Removing stm32f1xx_hal_i2c.o(i.HAL_I2C_GetMode), (8 bytes).
    Removing stm32f1xx_hal_i2c.o(i.HAL_I2C_GetState), (8 bytes).
    Removing stm32f1xx_hal_i2c.o(i.HAL_I2C_Init), (440 bytes).
    Removing stm32f1xx_hal_i2c.o(i.HAL_I2C_IsDeviceReady), (420 bytes).
    Removing stm32f1xx_hal_i2c.o(i.HAL_I2C_ListenCpltCallback), (2 bytes).
    Removing stm32f1xx_hal_i2c.o(i.HAL_I2C_MasterRxCpltCallback), (2 bytes).
    Removing stm32f1xx_hal_i2c.o(i.HAL_I2C_MasterTxCpltCallback), (2 bytes).
    Removing stm32f1xx_hal_i2c.o(i.HAL_I2C_Master_Abort_IT), (110 bytes).
    Removing stm32f1xx_hal_i2c.o(i.HAL_I2C_Master_Receive), (776 bytes).
    Removing stm32f1xx_hal_i2c.o(i.HAL_I2C_Master_Receive_DMA), (424 bytes).
    Removing stm32f1xx_hal_i2c.o(i.HAL_I2C_Master_Receive_IT), (256 bytes).
    Removing stm32f1xx_hal_i2c.o(i.HAL_I2C_Master_Seq_Receive_DMA), (632 bytes).
    Removing stm32f1xx_hal_i2c.o(i.HAL_I2C_Master_Seq_Receive_IT), (360 bytes).
    Removing stm32f1xx_hal_i2c.o(i.HAL_I2C_Master_Seq_Transmit_DMA), (504 bytes).
    Removing stm32f1xx_hal_i2c.o(i.HAL_I2C_Master_Seq_Transmit_IT), (284 bytes).
    Removing stm32f1xx_hal_i2c.o(i.HAL_I2C_Master_Transmit), (368 bytes).
    Removing stm32f1xx_hal_i2c.o(i.HAL_I2C_Master_Transmit_DMA), (424 bytes).
    Removing stm32f1xx_hal_i2c.o(i.HAL_I2C_Master_Transmit_IT), (244 bytes).
    Removing stm32f1xx_hal_i2c.o(i.HAL_I2C_MemRxCpltCallback), (2 bytes).
    Removing stm32f1xx_hal_i2c.o(i.HAL_I2C_MemTxCpltCallback), (2 bytes).
    Removing stm32f1xx_hal_i2c.o(i.HAL_I2C_Mem_Read), (784 bytes).
    Removing stm32f1xx_hal_i2c.o(i.HAL_I2C_Mem_Read_DMA), (516 bytes).
    Removing stm32f1xx_hal_i2c.o(i.HAL_I2C_Mem_Read_IT), (272 bytes).
    Removing stm32f1xx_hal_i2c.o(i.HAL_I2C_Mem_Write), (356 bytes).
    Removing stm32f1xx_hal_i2c.o(i.HAL_I2C_Mem_Write_DMA), (440 bytes).
    Removing stm32f1xx_hal_i2c.o(i.HAL_I2C_Mem_Write_IT), (256 bytes).
    Removing stm32f1xx_hal_i2c.o(i.HAL_I2C_MspDeInit), (2 bytes).
    Removing stm32f1xx_hal_i2c.o(i.HAL_I2C_MspInit), (2 bytes).
    Removing stm32f1xx_hal_i2c.o(i.HAL_I2C_SlaveRxCpltCallback), (2 bytes).
    Removing stm32f1xx_hal_i2c.o(i.HAL_I2C_SlaveTxCpltCallback), (2 bytes).
    Removing stm32f1xx_hal_i2c.o(i.HAL_I2C_Slave_Receive), (384 bytes).
    Removing stm32f1xx_hal_i2c.o(i.HAL_I2C_Slave_Receive_DMA), (256 bytes).
    Removing stm32f1xx_hal_i2c.o(i.HAL_I2C_Slave_Receive_IT), (152 bytes).
    Removing stm32f1xx_hal_i2c.o(i.HAL_I2C_Slave_Seq_Receive_DMA), (420 bytes).
    Removing stm32f1xx_hal_i2c.o(i.HAL_I2C_Slave_Seq_Receive_IT), (158 bytes).
    Removing stm32f1xx_hal_i2c.o(i.HAL_I2C_Slave_Seq_Transmit_DMA), (420 bytes).
    Removing stm32f1xx_hal_i2c.o(i.HAL_I2C_Slave_Seq_Transmit_IT), (158 bytes).
    Removing stm32f1xx_hal_i2c.o(i.HAL_I2C_Slave_Transmit), (404 bytes).
    Removing stm32f1xx_hal_i2c.o(i.HAL_I2C_Slave_Transmit_DMA), (256 bytes).
    Removing stm32f1xx_hal_i2c.o(i.HAL_I2C_Slave_Transmit_IT), (152 bytes).
    Removing stm32f1xx_hal_i2c.o(i.I2C_ConvertOtherXferOptions), (28 bytes).
    Removing stm32f1xx_hal_i2c.o(i.I2C_DMAAbort), (150 bytes).
    Removing stm32f1xx_hal_i2c.o(i.I2C_DMAError), (60 bytes).
    Removing stm32f1xx_hal_i2c.o(i.I2C_DMAXferCplt), (294 bytes).
    Removing stm32f1xx_hal_i2c.o(i.I2C_ITError), (388 bytes).
    Removing stm32f1xx_hal_i2c.o(i.I2C_IsAcknowledgeFailed), (62 bytes).
    Removing stm32f1xx_hal_i2c.o(i.I2C_MasterReceive_BTF), (294 bytes).
    Removing stm32f1xx_hal_i2c.o(i.I2C_MasterReceive_RXNE), (164 bytes).
    Removing stm32f1xx_hal_i2c.o(i.I2C_MasterRequestRead), (272 bytes).
    Removing stm32f1xx_hal_i2c.o(i.I2C_MasterRequestWrite), (172 bytes).
    Removing stm32f1xx_hal_i2c.o(i.I2C_MasterTransmit_BTF), (160 bytes).
    Removing stm32f1xx_hal_i2c.o(i.I2C_MasterTransmit_TXE), (332 bytes).
    Removing stm32f1xx_hal_i2c.o(i.I2C_Master_ADD10), (42 bytes).
    Removing stm32f1xx_hal_i2c.o(i.I2C_Master_ADDR), (640 bytes).
    Removing stm32f1xx_hal_i2c.o(i.I2C_Master_SB), (158 bytes).
    Removing stm32f1xx_hal_i2c.o(i.I2C_RequestMemoryRead), (312 bytes).
    Removing stm32f1xx_hal_i2c.o(i.I2C_RequestMemoryWrite), (204 bytes).
    Removing stm32f1xx_hal_i2c.o(i.I2C_SlaveReceive_BTF), (26 bytes).
    Removing stm32f1xx_hal_i2c.o(i.I2C_SlaveReceive_RXNE), (70 bytes).
    Removing stm32f1xx_hal_i2c.o(i.I2C_SlaveTransmit_BTF), (26 bytes).
    Removing stm32f1xx_hal_i2c.o(i.I2C_SlaveTransmit_TXE), (70 bytes).
    Removing stm32f1xx_hal_i2c.o(i.I2C_Slave_ADDR), (102 bytes).
    Removing stm32f1xx_hal_i2c.o(i.I2C_Slave_AF), (160 bytes).
    Removing stm32f1xx_hal_i2c.o(i.I2C_Slave_STOPF), (396 bytes).
    Removing stm32f1xx_hal_i2c.o(i.I2C_WaitOnBTFFlagUntilTimeout), (92 bytes).
    Removing stm32f1xx_hal_i2c.o(i.I2C_WaitOnFlagUntilTimeout), (134 bytes).
    Removing stm32f1xx_hal_i2c.o(i.I2C_WaitOnMasterAddressFlagUntilTimeout), (196 bytes).
    Removing stm32f1xx_hal_i2c.o(i.I2C_WaitOnRXNEFlagUntilTimeout), (128 bytes).
    Removing stm32f1xx_hal_i2c.o(i.I2C_WaitOnSTOPFlagUntilTimeout), (88 bytes).
    Removing stm32f1xx_hal_i2c.o(i.I2C_WaitOnTXEFlagUntilTimeout), (92 bytes).
    Removing stm32f1xx_hal_i2s.o(.rev16_text), (4 bytes).
    Removing stm32f1xx_hal_i2s.o(.revsh_text), (4 bytes).
    Removing stm32f1xx_hal_i2s.o(.rrx_text), (6 bytes).
    Removing stm32f1xx_hal_i2s.o(i.HAL_I2S_DMAPause), (80 bytes).
    Removing stm32f1xx_hal_i2s.o(i.HAL_I2S_DMAResume), (102 bytes).
    Removing stm32f1xx_hal_i2s.o(i.HAL_I2S_DMAStop), (96 bytes).
    Removing stm32f1xx_hal_i2s.o(i.HAL_I2S_DeInit), (54 bytes).
    Removing stm32f1xx_hal_i2s.o(i.HAL_I2S_ErrorCallback), (2 bytes).
    Removing stm32f1xx_hal_i2s.o(i.HAL_I2S_GetError), (6 bytes).
    Removing stm32f1xx_hal_i2s.o(i.HAL_I2S_GetState), (8 bytes).
    Removing stm32f1xx_hal_i2s.o(i.HAL_I2S_IRQHandler), (132 bytes).
    Removing stm32f1xx_hal_i2s.o(i.HAL_I2S_Init), (324 bytes).
    Removing stm32f1xx_hal_i2s.o(i.HAL_I2S_MspDeInit), (2 bytes).
    Removing stm32f1xx_hal_i2s.o(i.HAL_I2S_MspInit), (2 bytes).
    Removing stm32f1xx_hal_i2s.o(i.HAL_I2S_Receive), (312 bytes).
    Removing stm32f1xx_hal_i2s.o(i.HAL_I2S_Receive_DMA), (288 bytes).
    Removing stm32f1xx_hal_i2s.o(i.HAL_I2S_Receive_IT), (162 bytes).
    Removing stm32f1xx_hal_i2s.o(i.HAL_I2S_RxCpltCallback), (2 bytes).
    Removing stm32f1xx_hal_i2s.o(i.HAL_I2S_RxHalfCpltCallback), (2 bytes).
    Removing stm32f1xx_hal_i2s.o(i.HAL_I2S_Transmit), (374 bytes).
    Removing stm32f1xx_hal_i2s.o(i.HAL_I2S_Transmit_DMA), (256 bytes).
    Removing stm32f1xx_hal_i2s.o(i.HAL_I2S_Transmit_IT), (162 bytes).
    Removing stm32f1xx_hal_i2s.o(i.HAL_I2S_TxCpltCallback), (2 bytes).
    Removing stm32f1xx_hal_i2s.o(i.HAL_I2S_TxHalfCpltCallback), (2 bytes).
    Removing stm32f1xx_hal_i2s.o(i.I2S_DMAError), (46 bytes).
    Removing stm32f1xx_hal_i2s.o(i.I2S_DMARxCplt), (40 bytes).
    Removing stm32f1xx_hal_i2s.o(i.I2S_DMARxHalfCplt), (14 bytes).
    Removing stm32f1xx_hal_i2s.o(i.I2S_DMATxCplt), (40 bytes).
    Removing stm32f1xx_hal_i2s.o(i.I2S_DMATxHalfCplt), (14 bytes).
    Removing stm32f1xx_hal_i2s.o(i.I2S_Receive_IT), (54 bytes).
    Removing stm32f1xx_hal_i2s.o(i.I2S_Transmit_IT), (54 bytes).
    Removing stm32f1xx_hal_i2s.o(i.I2S_WaitFlagStateUntilTimeout), (84 bytes).
    Removing stm32f1xx_hal_irda.o(.rev16_text), (4 bytes).
    Removing stm32f1xx_hal_irda.o(.revsh_text), (4 bytes).
    Removing stm32f1xx_hal_irda.o(.rrx_text), (6 bytes).
    Removing stm32f1xx_hal_irda.o(i.HAL_IRDA_Abort), (126 bytes).
    Removing stm32f1xx_hal_irda.o(i.HAL_IRDA_AbortCpltCallback), (2 bytes).
    Removing stm32f1xx_hal_irda.o(i.HAL_IRDA_AbortReceive), (80 bytes).
    Removing stm32f1xx_hal_irda.o(i.HAL_IRDA_AbortReceiveCpltCallback), (2 bytes).
    Removing stm32f1xx_hal_irda.o(i.HAL_IRDA_AbortReceive_IT), (120 bytes).
    Removing stm32f1xx_hal_irda.o(i.HAL_IRDA_AbortTransmit), (68 bytes).
    Removing stm32f1xx_hal_irda.o(i.HAL_IRDA_AbortTransmitCpltCallback), (2 bytes).
    Removing stm32f1xx_hal_irda.o(i.HAL_IRDA_AbortTransmit_IT), (108 bytes).
    Removing stm32f1xx_hal_irda.o(i.HAL_IRDA_Abort_IT), (216 bytes).
    Removing stm32f1xx_hal_irda.o(i.HAL_IRDA_DMAPause), (124 bytes).
    Removing stm32f1xx_hal_irda.o(i.HAL_IRDA_DMAResume), (126 bytes).
    Removing stm32f1xx_hal_irda.o(i.HAL_IRDA_DMAStop), (102 bytes).
    Removing stm32f1xx_hal_irda.o(i.HAL_IRDA_DeInit), (58 bytes).
    Removing stm32f1xx_hal_irda.o(i.HAL_IRDA_ErrorCallback), (2 bytes).
    Removing stm32f1xx_hal_irda.o(i.HAL_IRDA_GetError), (6 bytes).
    Removing stm32f1xx_hal_irda.o(i.HAL_IRDA_GetState), (20 bytes).
    Removing stm32f1xx_hal_irda.o(i.HAL_IRDA_IRQHandler), (332 bytes).
    Removing stm32f1xx_hal_irda.o(i.HAL_IRDA_Init), (150 bytes).
    Removing stm32f1xx_hal_irda.o(i.HAL_IRDA_MspDeInit), (2 bytes).
    Removing stm32f1xx_hal_irda.o(i.HAL_IRDA_MspInit), (2 bytes).
    Removing stm32f1xx_hal_irda.o(i.HAL_IRDA_Receive), (222 bytes).
    Removing stm32f1xx_hal_irda.o(i.HAL_IRDA_Receive_DMA), (196 bytes).
    Removing stm32f1xx_hal_irda.o(i.HAL_IRDA_Receive_IT), (100 bytes).
    Removing stm32f1xx_hal_irda.o(i.HAL_IRDA_RxCpltCallback), (2 bytes).
    Removing stm32f1xx_hal_irda.o(i.HAL_IRDA_RxHalfCpltCallback), (2 bytes).
    Removing stm32f1xx_hal_irda.o(i.HAL_IRDA_Transmit), (214 bytes).
    Removing stm32f1xx_hal_irda.o(i.HAL_IRDA_Transmit_DMA), (156 bytes).
    Removing stm32f1xx_hal_irda.o(i.HAL_IRDA_Transmit_IT), (88 bytes).
    Removing stm32f1xx_hal_irda.o(i.HAL_IRDA_TxCpltCallback), (2 bytes).
    Removing stm32f1xx_hal_irda.o(i.HAL_IRDA_TxHalfCpltCallback), (2 bytes).
    Removing stm32f1xx_hal_irda.o(i.IRDA_DMAAbortOnError), (20 bytes).
    Removing stm32f1xx_hal_irda.o(i.IRDA_DMAError), (80 bytes).
    Removing stm32f1xx_hal_irda.o(i.IRDA_DMAReceiveCplt), (70 bytes).
    Removing stm32f1xx_hal_irda.o(i.IRDA_DMAReceiveHalfCplt), (14 bytes).
    Removing stm32f1xx_hal_irda.o(i.IRDA_DMARxAbortCallback), (52 bytes).
    Removing stm32f1xx_hal_irda.o(i.IRDA_DMARxOnlyAbortCallback), (24 bytes).
    Removing stm32f1xx_hal_irda.o(i.IRDA_DMATransmitCplt), (54 bytes).
    Removing stm32f1xx_hal_irda.o(i.IRDA_DMATransmitHalfCplt), (14 bytes).
    Removing stm32f1xx_hal_irda.o(i.IRDA_DMATxAbortCallback), (52 bytes).
    Removing stm32f1xx_hal_irda.o(i.IRDA_DMATxOnlyAbortCallback), (24 bytes).
    Removing stm32f1xx_hal_irda.o(i.IRDA_EndRxTransfer), (32 bytes).
    Removing stm32f1xx_hal_irda.o(i.IRDA_EndTransmit_IT), (44 bytes).
    Removing stm32f1xx_hal_irda.o(i.IRDA_EndTxTransfer), (20 bytes).
    Removing stm32f1xx_hal_irda.o(i.IRDA_Receive_IT), (154 bytes).
    Removing stm32f1xx_hal_irda.o(i.IRDA_SetConfig), (428 bytes).
    Removing stm32f1xx_hal_irda.o(i.IRDA_Transmit_IT), (104 bytes).
    Removing stm32f1xx_hal_irda.o(i.IRDA_WaitOnFlagUntilTimeout), (108 bytes).
    Removing stm32f1xx_hal_iwdg.o(.rev16_text), (4 bytes).
    Removing stm32f1xx_hal_iwdg.o(.revsh_text), (4 bytes).
    Removing stm32f1xx_hal_iwdg.o(.rrx_text), (6 bytes).
    Removing stm32f1xx_hal_iwdg.o(i.HAL_IWDG_Init), (80 bytes).
    Removing stm32f1xx_hal_iwdg.o(i.HAL_IWDG_Refresh), (14 bytes).
    Removing stm32f1xx_hal_mmc.o(.rev16_text), (4 bytes).
    Removing stm32f1xx_hal_mmc.o(.revsh_text), (4 bytes).
    Removing stm32f1xx_hal_mmc.o(.rrx_text), (6 bytes).
    Removing stm32f1xx_hal_nand.o(.rev16_text), (4 bytes).
    Removing stm32f1xx_hal_nand.o(.revsh_text), (4 bytes).
    Removing stm32f1xx_hal_nand.o(.rrx_text), (6 bytes).
    Removing stm32f1xx_hal_nand.o(i.HAL_NAND_Address_Inc), (62 bytes).
    Removing stm32f1xx_hal_nand.o(i.HAL_NAND_ConfigDevice), (36 bytes).
    Removing stm32f1xx_hal_nand.o(i.HAL_NAND_DeInit), (34 bytes).
    Removing stm32f1xx_hal_nand.o(i.HAL_NAND_ECC_Disable), (52 bytes).
    Removing stm32f1xx_hal_nand.o(i.HAL_NAND_ECC_Enable), (52 bytes).
    Removing stm32f1xx_hal_nand.o(i.HAL_NAND_Erase_Block), (264 bytes).
    Removing stm32f1xx_hal_nand.o(i.HAL_NAND_GetECC), (66 bytes).
    Removing stm32f1xx_hal_nand.o(i.HAL_NAND_GetState), (8 bytes).
    Removing stm32f1xx_hal_nand.o(i.HAL_NAND_IRQHandler), (262 bytes).
    Removing stm32f1xx_hal_nand.o(i.HAL_NAND_ITCallback), (2 bytes).
    Removing stm32f1xx_hal_nand.o(i.HAL_NAND_Init), (102 bytes).
    Removing stm32f1xx_hal_nand.o(i.HAL_NAND_MspDeInit), (2 bytes).
    Removing stm32f1xx_hal_nand.o(i.HAL_NAND_MspInit), (2 bytes).
    Removing stm32f1xx_hal_nand.o(i.HAL_NAND_Read_ID), (204 bytes).
    Removing stm32f1xx_hal_nand.o(i.HAL_NAND_Read_Page_16b), (730 bytes).
    Removing stm32f1xx_hal_nand.o(i.HAL_NAND_Read_Page_8b), (730 bytes).
    Removing stm32f1xx_hal_nand.o(i.HAL_NAND_Read_SpareArea_16b), (770 bytes).
    Removing stm32f1xx_hal_nand.o(i.HAL_NAND_Read_SpareArea_8b), (768 bytes).
    Removing stm32f1xx_hal_nand.o(i.HAL_NAND_Read_Status), (54 bytes).
    Removing stm32f1xx_hal_nand.o(i.HAL_NAND_Reset), (96 bytes).
    Removing stm32f1xx_hal_nand.o(i.HAL_NAND_Write_Page_16b), (738 bytes).
    Removing stm32f1xx_hal_nand.o(i.HAL_NAND_Write_Page_8b), (738 bytes).
    Removing stm32f1xx_hal_nand.o(i.HAL_NAND_Write_SpareArea_16b), (804 bytes).
    Removing stm32f1xx_hal_nand.o(i.HAL_NAND_Write_SpareArea_8b), (802 bytes).
    Removing stm32f1xx_hal_nor.o(.rev16_text), (4 bytes).
    Removing stm32f1xx_hal_nor.o(.revsh_text), (4 bytes).
    Removing stm32f1xx_hal_nor.o(.rrx_text), (6 bytes).
    Removing stm32f1xx_hal_nor.o(i.HAL_NOR_DeInit), (34 bytes).
    Removing stm32f1xx_hal_nor.o(i.HAL_NOR_Erase_Block), (356 bytes).
    Removing stm32f1xx_hal_nor.o(i.HAL_NOR_Erase_Chip), (372 bytes).
    Removing stm32f1xx_hal_nor.o(i.HAL_NOR_GetState), (8 bytes).
    Removing stm32f1xx_hal_nor.o(i.HAL_NOR_GetStatus), (126 bytes).
    Removing stm32f1xx_hal_nor.o(i.HAL_NOR_Init), (116 bytes).
    Removing stm32f1xx_hal_nor.o(i.HAL_NOR_MspDeInit), (2 bytes).
    Removing stm32f1xx_hal_nor.o(i.HAL_NOR_MspInit), (2 bytes).
    Removing stm32f1xx_hal_nor.o(i.HAL_NOR_MspWait), (2 bytes).
    Removing stm32f1xx_hal_nor.o(i.HAL_NOR_Program), (272 bytes).
    Removing stm32f1xx_hal_nor.o(i.HAL_NOR_ProgramBuffer), (392 bytes).
    Removing stm32f1xx_hal_nor.o(i.HAL_NOR_Read), (252 bytes).
    Removing stm32f1xx_hal_nor.o(i.HAL_NOR_ReadBuffer), (296 bytes).
    Removing stm32f1xx_hal_nor.o(i.HAL_NOR_Read_CFI), (248 bytes).
    Removing stm32f1xx_hal_nor.o(i.HAL_NOR_Read_ID), (324 bytes).
    Removing stm32f1xx_hal_nor.o(i.HAL_NOR_ReturnToReadMode), (134 bytes).
    Removing stm32f1xx_hal_nor.o(i.HAL_NOR_WriteOperation_Disable), (72 bytes).
    Removing stm32f1xx_hal_nor.o(i.HAL_NOR_WriteOperation_Enable), (72 bytes).
    Removing stm32f1xx_hal_nor.o(.data), (4 bytes).
    Removing stm32f1xx_hal_pccard.o(.rev16_text), (4 bytes).
    Removing stm32f1xx_hal_pccard.o(.revsh_text), (4 bytes).
    Removing stm32f1xx_hal_pccard.o(.rrx_text), (6 bytes).
    Removing stm32f1xx_hal_pccard.o(i.HAL_PCCARD_DeInit), (28 bytes).
    Removing stm32f1xx_hal_pccard.o(i.HAL_PCCARD_Erase_Sector), (140 bytes).
    Removing stm32f1xx_hal_pccard.o(i.HAL_PCCARD_GetState), (6 bytes).
    Removing stm32f1xx_hal_pccard.o(i.HAL_PCCARD_GetStatus), (52 bytes).
    Removing stm32f1xx_hal_pccard.o(i.HAL_PCCARD_IRQHandler), (124 bytes).
    Removing stm32f1xx_hal_pccard.o(i.HAL_PCCARD_ITCallback), (2 bytes).
    Removing stm32f1xx_hal_pccard.o(i.HAL_PCCARD_Init), (90 bytes).
    Removing stm32f1xx_hal_pccard.o(i.HAL_PCCARD_MspDeInit), (2 bytes).
    Removing stm32f1xx_hal_pccard.o(i.HAL_PCCARD_MspInit), (2 bytes).
    Removing stm32f1xx_hal_pccard.o(i.HAL_PCCARD_ReadStatus), (52 bytes).
    Removing stm32f1xx_hal_pccard.o(i.HAL_PCCARD_Read_ID), (120 bytes).
    Removing stm32f1xx_hal_pccard.o(i.HAL_PCCARD_Read_Sector), (168 bytes).
    Removing stm32f1xx_hal_pccard.o(i.HAL_PCCARD_Reset), (56 bytes).
    Removing stm32f1xx_hal_pccard.o(i.HAL_PCCARD_Write_Sector), (160 bytes).
    Removing stm32f1xx_hal_pcd.o(.rev16_text), (4 bytes).
    Removing stm32f1xx_hal_pcd.o(.revsh_text), (4 bytes).
    Removing stm32f1xx_hal_pcd.o(.rrx_text), (6 bytes).
    Removing stm32f1xx_hal_pcd.o(i.HAL_PCD_ActivateRemoteWakeup), (12 bytes).
    Removing stm32f1xx_hal_pcd.o(i.HAL_PCD_ConnectCallback), (2 bytes).
    Removing stm32f1xx_hal_pcd.o(i.HAL_PCD_DataInStageCallback), (2 bytes).
    Removing stm32f1xx_hal_pcd.o(i.HAL_PCD_DataOutStageCallback), (2 bytes).
    Removing stm32f1xx_hal_pcd.o(i.HAL_PCD_DeActivateRemoteWakeup), (12 bytes).
    Removing stm32f1xx_hal_pcd.o(i.HAL_PCD_DeInit), (38 bytes).
    Removing stm32f1xx_hal_pcd.o(i.HAL_PCD_DevConnect), (54 bytes).
    Removing stm32f1xx_hal_pcd.o(i.HAL_PCD_DevDisconnect), (54 bytes).
    Removing stm32f1xx_hal_pcd.o(i.HAL_PCD_DisconnectCallback), (2 bytes).
    Removing stm32f1xx_hal_pcd.o(i.HAL_PCD_EP_Close), (98 bytes).
    Removing stm32f1xx_hal_pcd.o(i.HAL_PCD_EP_ClrStall), (116 bytes).
    Removing stm32f1xx_hal_pcd.o(i.HAL_PCD_EP_Flush), (68 bytes).
    Removing stm32f1xx_hal_pcd.o(i.HAL_PCD_EP_GetRxCount), (18 bytes).
    Removing stm32f1xx_hal_pcd.o(i.HAL_PCD_EP_Open), (132 bytes).
    Removing stm32f1xx_hal_pcd.o(i.HAL_PCD_EP_Receive), (72 bytes).
    Removing stm32f1xx_hal_pcd.o(i.HAL_PCD_EP_SetStall), (128 bytes).
    Removing stm32f1xx_hal_pcd.o(i.HAL_PCD_EP_Transmit), (74 bytes).
    Removing stm32f1xx_hal_pcd.o(i.HAL_PCD_GetState), (8 bytes).
    Removing stm32f1xx_hal_pcd.o(i.HAL_PCD_IRQHandler), (384 bytes).
    Removing stm32f1xx_hal_pcd.o(i.HAL_PCD_ISOINIncompleteCallback), (2 bytes).
    Removing stm32f1xx_hal_pcd.o(i.HAL_PCD_ISOOUTIncompleteCallback), (2 bytes).
    Removing stm32f1xx_hal_pcd.o(i.HAL_PCD_Init), (302 bytes).
    Removing stm32f1xx_hal_pcd.o(i.HAL_PCD_MspDeInit), (2 bytes).
    Removing stm32f1xx_hal_pcd.o(i.HAL_PCD_MspInit), (2 bytes).
    Removing stm32f1xx_hal_pcd.o(i.HAL_PCD_ResetCallback), (2 bytes).
    Removing stm32f1xx_hal_pcd.o(i.HAL_PCD_ResumeCallback), (2 bytes).
    Removing stm32f1xx_hal_pcd.o(i.HAL_PCD_SOFCallback), (2 bytes).
    Removing stm32f1xx_hal_pcd.o(i.HAL_PCD_SetAddress), (54 bytes).
    Removing stm32f1xx_hal_pcd.o(i.HAL_PCD_SetupStageCallback), (2 bytes).
    Removing stm32f1xx_hal_pcd.o(i.HAL_PCD_Start), (60 bytes).
    Removing stm32f1xx_hal_pcd.o(i.HAL_PCD_Stop), (74 bytes).
    Removing stm32f1xx_hal_pcd.o(i.HAL_PCD_SuspendCallback), (2 bytes).
    Removing stm32f1xx_hal_pcd.o(i.PCD_EP_ISR_Handler), (920 bytes).
    Removing stm32f1xx_hal_pcd_ex.o(.rev16_text), (4 bytes).
    Removing stm32f1xx_hal_pcd_ex.o(.revsh_text), (4 bytes).
    Removing stm32f1xx_hal_pcd_ex.o(.rrx_text), (6 bytes).
    Removing stm32f1xx_hal_pcd_ex.o(i.HAL_PCDEx_BCD_Callback), (2 bytes).
    Removing stm32f1xx_hal_pcd_ex.o(i.HAL_PCDEx_LPM_Callback), (2 bytes).
    Removing stm32f1xx_hal_pcd_ex.o(i.HAL_PCDEx_PMAConfig), (60 bytes).
    Removing stm32f1xx_hal_pcd_ex.o(i.HAL_PCDEx_SetConnectionState), (2 bytes).
    Removing stm32f1xx_hal_pwr.o(.rev16_text), (4 bytes).
    Removing stm32f1xx_hal_pwr.o(.revsh_text), (4 bytes).
    Removing stm32f1xx_hal_pwr.o(.rrx_text), (6 bytes).
    Removing stm32f1xx_hal_pwr.o(i.HAL_PWR_ConfigPVD), (180 bytes).
    Removing stm32f1xx_hal_pwr.o(i.HAL_PWR_DeInit), (28 bytes).
    Removing stm32f1xx_hal_pwr.o(i.HAL_PWR_DisableBkUpAccess), (12 bytes).
    Removing stm32f1xx_hal_pwr.o(i.HAL_PWR_DisablePVD), (12 bytes).
    Removing stm32f1xx_hal_pwr.o(i.HAL_PWR_DisableSEVOnPend), (20 bytes).
    Removing stm32f1xx_hal_pwr.o(i.HAL_PWR_DisableSleepOnExit), (20 bytes).
    Removing stm32f1xx_hal_pwr.o(i.HAL_PWR_DisableWakeUpPin), (28 bytes).
    Removing stm32f1xx_hal_pwr.o(i.HAL_PWR_EnableBkUpAccess), (12 bytes).
    Removing stm32f1xx_hal_pwr.o(i.HAL_PWR_EnablePVD), (12 bytes).
    Removing stm32f1xx_hal_pwr.o(i.HAL_PWR_EnableSEVOnPend), (20 bytes).
    Removing stm32f1xx_hal_pwr.o(i.HAL_PWR_EnableSleepOnExit), (20 bytes).
    Removing stm32f1xx_hal_pwr.o(i.HAL_PWR_EnableWakeUpPin), (28 bytes).
    Removing stm32f1xx_hal_pwr.o(i.HAL_PWR_EnterSLEEPMode), (32 bytes).
    Removing stm32f1xx_hal_pwr.o(i.HAL_PWR_EnterSTANDBYMode), (40 bytes).
    Removing stm32f1xx_hal_pwr.o(i.HAL_PWR_EnterSTOPMode), (84 bytes).
    Removing stm32f1xx_hal_pwr.o(i.HAL_PWR_PVDCallback), (2 bytes).
    Removing stm32f1xx_hal_pwr.o(i.HAL_PWR_PVD_IRQHandler), (32 bytes).
    Removing stm32f1xx_hal_pwr.o(i.PWR_OverloadWfe), (6 bytes).
    Removing stm32f1xx_hal_rcc.o(.rev16_text), (4 bytes).
    Removing stm32f1xx_hal_rcc.o(.revsh_text), (4 bytes).
    Removing stm32f1xx_hal_rcc.o(.rrx_text), (6 bytes).
    Removing stm32f1xx_hal_rcc.o(i.HAL_RCC_CSSCallback), (2 bytes).
    Removing stm32f1xx_hal_rcc.o(i.HAL_RCC_DeInit), (272 bytes).
    Removing stm32f1xx_hal_rcc.o(i.HAL_RCC_DisableCSS), (12 bytes).
    Removing stm32f1xx_hal_rcc.o(i.HAL_RCC_EnableCSS), (12 bytes).
    Removing stm32f1xx_hal_rcc.o(i.HAL_RCC_GetClockConfig), (68 bytes).
    Removing stm32f1xx_hal_rcc.o(i.HAL_RCC_GetHCLKFreq), (12 bytes).
    Removing stm32f1xx_hal_rcc.o(i.HAL_RCC_GetOscConfig), (200 bytes).
    Removing stm32f1xx_hal_rcc.o(i.HAL_RCC_GetPCLK1Freq), (32 bytes).
    Removing stm32f1xx_hal_rcc.o(i.HAL_RCC_GetPCLK2Freq), (32 bytes).
    Removing stm32f1xx_hal_rcc.o(i.HAL_RCC_MCOConfig), (100 bytes).
    Removing stm32f1xx_hal_rcc.o(i.HAL_RCC_NMI_IRQHandler), (32 bytes).
    Removing stm32f1xx_hal_rcc_ex.o(.rev16_text), (4 bytes).
    Removing stm32f1xx_hal_rcc_ex.o(.revsh_text), (4 bytes).
    Removing stm32f1xx_hal_rcc_ex.o(.rrx_text), (6 bytes).
    Removing stm32f1xx_hal_rcc_ex.o(i.HAL_RCCEx_GetPeriphCLKConfig), (84 bytes).
    Removing stm32f1xx_hal_rcc_ex.o(i.HAL_RCCEx_GetPeriphCLKFreq), (308 bytes).
    Removing stm32f1xx_hal_rcc_ex.o(i.HAL_RCCEx_PeriphCLKConfig), (304 bytes).
    Removing stm32f1xx_hal_rtc.o(.rev16_text), (4 bytes).
    Removing stm32f1xx_hal_rtc.o(.revsh_text), (4 bytes).
    Removing stm32f1xx_hal_rtc.o(.rrx_text), (6 bytes).
    Removing stm32f1xx_hal_rtc.o(i.HAL_RTC_AlarmAEventCallback), (2 bytes).
    Removing stm32f1xx_hal_rtc.o(i.HAL_RTC_AlarmIRQHandler), (56 bytes).
    Removing stm32f1xx_hal_rtc.o(i.HAL_RTC_DeInit), (132 bytes).
    Removing stm32f1xx_hal_rtc.o(i.HAL_RTC_DeactivateAlarm), (144 bytes).
    Removing stm32f1xx_hal_rtc.o(i.HAL_RTC_GetAlarm), (126 bytes).
    Removing stm32f1xx_hal_rtc.o(i.HAL_RTC_GetDate), (82 bytes).
    Removing stm32f1xx_hal_rtc.o(i.HAL_RTC_GetState), (6 bytes).
    Removing stm32f1xx_hal_rtc.o(i.HAL_RTC_GetTime), (260 bytes).
    Removing stm32f1xx_hal_rtc.o(i.HAL_RTC_Init), (208 bytes).
    Removing stm32f1xx_hal_rtc.o(i.HAL_RTC_MspDeInit), (2 bytes).
    Removing stm32f1xx_hal_rtc.o(i.HAL_RTC_MspInit), (2 bytes).
    Removing stm32f1xx_hal_rtc.o(i.HAL_RTC_PollForAlarmAEvent), (70 bytes).
    Removing stm32f1xx_hal_rtc.o(i.HAL_RTC_SetAlarm), (212 bytes).
    Removing stm32f1xx_hal_rtc.o(i.HAL_RTC_SetAlarm_IT), (264 bytes).
    Removing stm32f1xx_hal_rtc.o(i.HAL_RTC_SetDate), (248 bytes).
    Removing stm32f1xx_hal_rtc.o(i.HAL_RTC_SetTime), (220 bytes).
    Removing stm32f1xx_hal_rtc.o(i.HAL_RTC_WaitForSynchro), (64 bytes).
    Removing stm32f1xx_hal_rtc.o(i.RTC_Bcd2ToByte), (22 bytes).
    Removing stm32f1xx_hal_rtc.o(i.RTC_ByteToBcd2), (26 bytes).
    Removing stm32f1xx_hal_rtc.o(i.RTC_DateUpdate), (182 bytes).
    Removing stm32f1xx_hal_rtc.o(i.RTC_EnterInitMode), (58 bytes).
    Removing stm32f1xx_hal_rtc.o(i.RTC_ExitInitMode), (58 bytes).
    Removing stm32f1xx_hal_rtc.o(i.RTC_IsLeapYear), (50 bytes).
    Removing stm32f1xx_hal_rtc.o(i.RTC_ReadAlarmCounter), (24 bytes).
    Removing stm32f1xx_hal_rtc.o(i.RTC_ReadTimeCounter), (52 bytes).
    Removing stm32f1xx_hal_rtc.o(i.RTC_WeekDayNum), (132 bytes).
    Removing stm32f1xx_hal_rtc.o(i.RTC_WriteAlarmCounter), (46 bytes).
    Removing stm32f1xx_hal_rtc.o(i.RTC_WriteTimeCounter), (46 bytes).
    Removing stm32f1xx_hal_rtc_ex.o(.rev16_text), (4 bytes).
    Removing stm32f1xx_hal_rtc_ex.o(.revsh_text), (4 bytes).
    Removing stm32f1xx_hal_rtc_ex.o(.rrx_text), (6 bytes).
    Removing stm32f1xx_hal_rtc_ex.o(i.HAL_RTCEx_BKUPRead), (24 bytes).
    Removing stm32f1xx_hal_rtc_ex.o(i.HAL_RTCEx_BKUPWrite), (24 bytes).
    Removing stm32f1xx_hal_rtc_ex.o(i.HAL_RTCEx_DeactivateSecond), (58 bytes).
    Removing stm32f1xx_hal_rtc_ex.o(i.HAL_RTCEx_DeactivateTamper), (96 bytes).
    Removing stm32f1xx_hal_rtc_ex.o(i.HAL_RTCEx_PollForTamper1Event), (80 bytes).
    Removing stm32f1xx_hal_rtc_ex.o(i.HAL_RTCEx_RTCEventCallback), (2 bytes).
    Removing stm32f1xx_hal_rtc_ex.o(i.HAL_RTCEx_RTCEventErrorCallback), (2 bytes).
    Removing stm32f1xx_hal_rtc_ex.o(i.HAL_RTCEx_RTCIRQHandler), (74 bytes).
    Removing stm32f1xx_hal_rtc_ex.o(i.HAL_RTCEx_SetSecond_IT), (58 bytes).
    Removing stm32f1xx_hal_rtc_ex.o(i.HAL_RTCEx_SetSmoothCalib), (68 bytes).
    Removing stm32f1xx_hal_rtc_ex.o(i.HAL_RTCEx_SetTamper), (104 bytes).
    Removing stm32f1xx_hal_rtc_ex.o(i.HAL_RTCEx_SetTamper_IT), (116 bytes).
    Removing stm32f1xx_hal_rtc_ex.o(i.HAL_RTCEx_Tamper1EventCallback), (2 bytes).
    Removing stm32f1xx_hal_rtc_ex.o(i.HAL_RTCEx_TamperIRQHandler), (52 bytes).
    Removing stm32f1xx_hal_sd.o(.rev16_text), (4 bytes).
    Removing stm32f1xx_hal_sd.o(.revsh_text), (4 bytes).
    Removing stm32f1xx_hal_sd.o(.rrx_text), (6 bytes).
    Removing stm32f1xx_hal_sd.o(i.HAL_SD_Abort), (160 bytes).
    Removing stm32f1xx_hal_sd.o(i.HAL_SD_AbortCallback), (2 bytes).
    Removing stm32f1xx_hal_sd.o(i.HAL_SD_Abort_IT), (180 bytes).
    Removing stm32f1xx_hal_sd.o(i.HAL_SD_ConfigWideBusOperation), (168 bytes).
    Removing stm32f1xx_hal_sd.o(i.HAL_SD_DeInit), (40 bytes).
    Removing stm32f1xx_hal_sd.o(i.HAL_SD_Erase), (272 bytes).
    Removing stm32f1xx_hal_sd.o(i.HAL_SD_ErrorCallback), (2 bytes).
    Removing stm32f1xx_hal_sd.o(i.HAL_SD_GetCardCID), (94 bytes).
    Removing stm32f1xx_hal_sd.o(i.HAL_SD_GetCardCSD), (456 bytes).
    Removing stm32f1xx_hal_sd.o(i.HAL_SD_GetCardInfo), (38 bytes).
    Removing stm32f1xx_hal_sd.o(i.HAL_SD_GetCardState), (36 bytes).
    Removing stm32f1xx_hal_sd.o(i.HAL_SD_GetCardStatus), (164 bytes).
    Removing stm32f1xx_hal_sd.o(i.HAL_SD_GetError), (6 bytes).
    Removing stm32f1xx_hal_sd.o(i.HAL_SD_GetState), (8 bytes).
    Removing stm32f1xx_hal_sd.o(i.HAL_SD_IRQHandler), (540 bytes).
    Removing stm32f1xx_hal_sd.o(i.HAL_SD_Init), (60 bytes).
    Removing stm32f1xx_hal_sd.o(i.HAL_SD_InitCard), (132 bytes).
    Removing stm32f1xx_hal_sd.o(i.HAL_SD_MspDeInit), (2 bytes).
    Removing stm32f1xx_hal_sd.o(i.HAL_SD_MspInit), (2 bytes).
    Removing stm32f1xx_hal_sd.o(i.HAL_SD_ReadBlocks), (704 bytes).
    Removing stm32f1xx_hal_sd.o(i.HAL_SD_ReadBlocks_DMA), (340 bytes).
    Removing stm32f1xx_hal_sd.o(i.HAL_SD_ReadBlocks_IT), (252 bytes).
    Removing stm32f1xx_hal_sd.o(i.HAL_SD_RxCpltCallback), (2 bytes).
    Removing stm32f1xx_hal_sd.o(i.HAL_SD_TxCpltCallback), (2 bytes).
    Removing stm32f1xx_hal_sd.o(i.HAL_SD_WriteBlocks), (596 bytes).
    Removing stm32f1xx_hal_sd.o(i.HAL_SD_WriteBlocks_DMA), (344 bytes).
    Removing stm32f1xx_hal_sd.o(i.HAL_SD_WriteBlocks_IT), (252 bytes).
    Removing stm32f1xx_hal_sd.o(i.SD_DMAError), (108 bytes).
    Removing stm32f1xx_hal_sd.o(i.SD_DMAReceiveCplt), (72 bytes).
    Removing stm32f1xx_hal_sd.o(i.SD_DMARxAbort), (72 bytes).
    Removing stm32f1xx_hal_sd.o(i.SD_DMATransmitCplt), (18 bytes).
    Removing stm32f1xx_hal_sd.o(i.SD_DMATxAbort), (72 bytes).
    Removing stm32f1xx_hal_sd.o(i.SD_FindSCR), (308 bytes).
    Removing stm32f1xx_hal_sd.o(i.SD_InitCard), (258 bytes).
    Removing stm32f1xx_hal_sd.o(i.SD_PowerOFF), (12 bytes).
    Removing stm32f1xx_hal_sd.o(i.SD_PowerON), (204 bytes).
    Removing stm32f1xx_hal_sd.o(i.SD_Read_IT), (74 bytes).
    Removing stm32f1xx_hal_sd.o(i.SD_SendSDStatus), (308 bytes).
    Removing stm32f1xx_hal_sd.o(i.SD_SendStatus), (48 bytes).
    Removing stm32f1xx_hal_sd.o(i.SD_WideBus_Disable), (104 bytes).
    Removing stm32f1xx_hal_sd.o(i.SD_WideBus_Enable), (104 bytes).
    Removing stm32f1xx_hal_sd.o(i.SD_Write_IT), (84 bytes).
    Removing stm32f1xx_hal_smartcard.o(.rev16_text), (4 bytes).
    Removing stm32f1xx_hal_smartcard.o(.revsh_text), (4 bytes).
    Removing stm32f1xx_hal_smartcard.o(.rrx_text), (6 bytes).
    Removing stm32f1xx_hal_smartcard.o(i.HAL_SMARTCARD_Abort), (126 bytes).
    Removing stm32f1xx_hal_smartcard.o(i.HAL_SMARTCARD_AbortCpltCallback), (2 bytes).
    Removing stm32f1xx_hal_smartcard.o(i.HAL_SMARTCARD_AbortReceive), (80 bytes).
    Removing stm32f1xx_hal_smartcard.o(i.HAL_SMARTCARD_AbortReceiveCpltCallback), (2 bytes).
    Removing stm32f1xx_hal_smartcard.o(i.HAL_SMARTCARD_AbortReceive_IT), (120 bytes).
    Removing stm32f1xx_hal_smartcard.o(i.HAL_SMARTCARD_AbortTransmit), (68 bytes).
    Removing stm32f1xx_hal_smartcard.o(i.HAL_SMARTCARD_AbortTransmitCpltCallback), (2 bytes).
    Removing stm32f1xx_hal_smartcard.o(i.HAL_SMARTCARD_AbortTransmit_IT), (108 bytes).
    Removing stm32f1xx_hal_smartcard.o(i.HAL_SMARTCARD_Abort_IT), (216 bytes).
    Removing stm32f1xx_hal_smartcard.o(i.HAL_SMARTCARD_DeInit), (58 bytes).
    Removing stm32f1xx_hal_smartcard.o(i.HAL_SMARTCARD_ErrorCallback), (2 bytes).
    Removing stm32f1xx_hal_smartcard.o(i.HAL_SMARTCARD_GetError), (6 bytes).
    Removing stm32f1xx_hal_smartcard.o(i.HAL_SMARTCARD_GetState), (20 bytes).
    Removing stm32f1xx_hal_smartcard.o(i.HAL_SMARTCARD_IRQHandler), (332 bytes).
    Removing stm32f1xx_hal_smartcard.o(i.HAL_SMARTCARD_Init), (180 bytes).
    Removing stm32f1xx_hal_smartcard.o(i.HAL_SMARTCARD_MspDeInit), (2 bytes).
    Removing stm32f1xx_hal_smartcard.o(i.HAL_SMARTCARD_MspInit), (2 bytes).
    Removing stm32f1xx_hal_smartcard.o(i.HAL_SMARTCARD_Receive), (146 bytes).
    Removing stm32f1xx_hal_smartcard.o(i.HAL_SMARTCARD_Receive_DMA), (184 bytes).
    Removing stm32f1xx_hal_smartcard.o(i.HAL_SMARTCARD_Receive_IT), (100 bytes).
    Removing stm32f1xx_hal_smartcard.o(i.HAL_SMARTCARD_RxCpltCallback), (2 bytes).
    Removing stm32f1xx_hal_smartcard.o(i.HAL_SMARTCARD_Transmit), (168 bytes).
    Removing stm32f1xx_hal_smartcard.o(i.HAL_SMARTCARD_Transmit_DMA), (144 bytes).
    Removing stm32f1xx_hal_smartcard.o(i.HAL_SMARTCARD_Transmit_IT), (112 bytes).
    Removing stm32f1xx_hal_smartcard.o(i.HAL_SMARTCARD_TxCpltCallback), (2 bytes).
    Removing stm32f1xx_hal_smartcard.o(i.SMARTCARD_DMAAbortOnError), (20 bytes).
    Removing stm32f1xx_hal_smartcard.o(i.SMARTCARD_DMAError), (74 bytes).
    Removing stm32f1xx_hal_smartcard.o(i.SMARTCARD_DMAReceiveCplt), (60 bytes).
    Removing stm32f1xx_hal_smartcard.o(i.SMARTCARD_DMARxAbortCallback), (52 bytes).
    Removing stm32f1xx_hal_smartcard.o(i.SMARTCARD_DMARxOnlyAbortCallback), (24 bytes).
    Removing stm32f1xx_hal_smartcard.o(i.SMARTCARD_DMATransmitCplt), (34 bytes).
    Removing stm32f1xx_hal_smartcard.o(i.SMARTCARD_DMATxAbortCallback), (52 bytes).
    Removing stm32f1xx_hal_smartcard.o(i.SMARTCARD_DMATxOnlyAbortCallback), (24 bytes).
    Removing stm32f1xx_hal_smartcard.o(i.SMARTCARD_EndRxTransfer), (32 bytes).
    Removing stm32f1xx_hal_smartcard.o(i.SMARTCARD_EndTransmit_IT), (44 bytes).
    Removing stm32f1xx_hal_smartcard.o(i.SMARTCARD_EndTxTransfer), (20 bytes).
    Removing stm32f1xx_hal_smartcard.o(i.SMARTCARD_Receive_IT), (98 bytes).
    Removing stm32f1xx_hal_smartcard.o(i.SMARTCARD_SetConfig), (456 bytes).
    Removing stm32f1xx_hal_smartcard.o(i.SMARTCARD_Transmit_IT), (70 bytes).
    Removing stm32f1xx_hal_smartcard.o(i.SMARTCARD_WaitOnFlagUntilTimeout), (108 bytes).
    Removing stm32f1xx_hal_spi.o(.rev16_text), (4 bytes).
    Removing stm32f1xx_hal_spi.o(.revsh_text), (4 bytes).
    Removing stm32f1xx_hal_spi.o(.rrx_text), (6 bytes).
    Removing stm32f1xx_hal_spi.o(i.HAL_SPI_Abort), (348 bytes).
    Removing stm32f1xx_hal_spi.o(i.HAL_SPI_AbortCpltCallback), (2 bytes).
    Removing stm32f1xx_hal_spi.o(i.HAL_SPI_Abort_IT), (360 bytes).
    Removing stm32f1xx_hal_spi.o(i.HAL_SPI_DMAPause), (50 bytes).
    Removing stm32f1xx_hal_spi.o(i.HAL_SPI_DMAResume), (50 bytes).
    Removing stm32f1xx_hal_spi.o(i.HAL_SPI_DMAStop), (72 bytes).
    Removing stm32f1xx_hal_spi.o(i.HAL_SPI_DeInit), (54 bytes).
    Removing stm32f1xx_hal_spi.o(i.HAL_SPI_ErrorCallback), (2 bytes).
    Removing stm32f1xx_hal_spi.o(i.HAL_SPI_GetError), (6 bytes).
    Removing stm32f1xx_hal_spi.o(i.HAL_SPI_GetState), (8 bytes).
    Removing stm32f1xx_hal_spi.o(i.HAL_SPI_IRQHandler), (308 bytes).
    Removing stm32f1xx_hal_spi.o(i.HAL_SPI_Init), (156 bytes).
    Removing stm32f1xx_hal_spi.o(i.HAL_SPI_MspDeInit), (2 bytes).
    Removing stm32f1xx_hal_spi.o(i.HAL_SPI_MspInit), (2 bytes).
    Removing stm32f1xx_hal_spi.o(i.HAL_SPI_Receive), (586 bytes).
    Removing stm32f1xx_hal_spi.o(i.HAL_SPI_Receive_DMA), (308 bytes).
    Removing stm32f1xx_hal_spi.o(i.HAL_SPI_Receive_IT), (240 bytes).
    Removing stm32f1xx_hal_spi.o(i.HAL_SPI_RxCpltCallback), (2 bytes).
    Removing stm32f1xx_hal_spi.o(i.HAL_SPI_RxHalfCpltCallback), (2 bytes).
    Removing stm32f1xx_hal_spi.o(i.HAL_SPI_Transmit), (474 bytes).
    Removing stm32f1xx_hal_spi.o(i.HAL_SPI_TransmitReceive), (750 bytes).
    Removing stm32f1xx_hal_spi.o(i.HAL_SPI_TransmitReceive_DMA), (400 bytes).
    Removing stm32f1xx_hal_spi.o(i.HAL_SPI_TransmitReceive_IT), (240 bytes).
    Removing stm32f1xx_hal_spi.o(i.HAL_SPI_Transmit_DMA), (276 bytes).
    Removing stm32f1xx_hal_spi.o(i.HAL_SPI_Transmit_IT), (204 bytes).
    Removing stm32f1xx_hal_spi.o(i.HAL_SPI_TxCpltCallback), (2 bytes).
    Removing stm32f1xx_hal_spi.o(i.HAL_SPI_TxHalfCpltCallback), (2 bytes).
    Removing stm32f1xx_hal_spi.o(i.HAL_SPI_TxRxCpltCallback), (2 bytes).
    Removing stm32f1xx_hal_spi.o(i.HAL_SPI_TxRxHalfCpltCallback), (2 bytes).
    Removing stm32f1xx_hal_spi.o(i.SPI_2linesRxISR_16BIT), (72 bytes).
    Removing stm32f1xx_hal_spi.o(i.SPI_2linesRxISR_16BITCRC), (28 bytes).
    Removing stm32f1xx_hal_spi.o(i.SPI_2linesRxISR_8BIT), (72 bytes).
    Removing stm32f1xx_hal_spi.o(i.SPI_2linesRxISR_8BITCRC), (32 bytes).
    Removing stm32f1xx_hal_spi.o(i.SPI_2linesTxISR_16BIT), (88 bytes).
    Removing stm32f1xx_hal_spi.o(i.SPI_2linesTxISR_8BIT), (88 bytes).
    Removing stm32f1xx_hal_spi.o(i.SPI_AbortRx_ISR), (104 bytes).
    Removing stm32f1xx_hal_spi.o(i.SPI_AbortTx_ISR), (32 bytes).
    Removing stm32f1xx_hal_spi.o(i.SPI_CloseRxTx_ISR), (264 bytes).
    Removing stm32f1xx_hal_spi.o(i.SPI_CloseRx_ISR), (168 bytes).
    Removing stm32f1xx_hal_spi.o(i.SPI_CloseTx_ISR), (160 bytes).
    Removing stm32f1xx_hal_spi.o(i.SPI_DMAAbortOnError), (20 bytes).
    Removing stm32f1xx_hal_spi.o(i.SPI_DMAError), (40 bytes).
    Removing stm32f1xx_hal_spi.o(i.SPI_DMAHalfReceiveCplt), (14 bytes).
    Removing stm32f1xx_hal_spi.o(i.SPI_DMAHalfTransmitCplt), (14 bytes).
    Removing stm32f1xx_hal_spi.o(i.SPI_DMAHalfTransmitReceiveCplt), (14 bytes).
    Removing stm32f1xx_hal_spi.o(i.SPI_DMAReceiveCplt), (196 bytes).
    Removing stm32f1xx_hal_spi.o(i.SPI_DMARxAbortCallback), (128 bytes).
    Removing stm32f1xx_hal_spi.o(i.SPI_DMATransmitCplt), (126 bytes).
    Removing stm32f1xx_hal_spi.o(i.SPI_DMATransmitReceiveCplt), (202 bytes).
    Removing stm32f1xx_hal_spi.o(i.SPI_DMATxAbortCallback), (156 bytes).
    Removing stm32f1xx_hal_spi.o(i.SPI_EndRxTransaction), (120 bytes).
    Removing stm32f1xx_hal_spi.o(i.SPI_EndRxTxTransaction), (40 bytes).
    Removing stm32f1xx_hal_spi.o(i.SPI_ISCRCErrorValid), (6 bytes).
    Removing stm32f1xx_hal_spi.o(i.SPI_RxISR_16BIT), (104 bytes).
    Removing stm32f1xx_hal_spi.o(i.SPI_RxISR_16BITCRC), (28 bytes).
    Removing stm32f1xx_hal_spi.o(i.SPI_RxISR_8BIT), (104 bytes).
    Removing stm32f1xx_hal_spi.o(i.SPI_RxISR_8BITCRC), (16 bytes).
    Removing stm32f1xx_hal_spi.o(i.SPI_TxISR_16BIT), (56 bytes).
    Removing stm32f1xx_hal_spi.o(i.SPI_TxISR_8BIT), (56 bytes).
    Removing stm32f1xx_hal_spi.o(i.SPI_WaitFlagStateUntilTimeout), (168 bytes).
    Removing stm32f1xx_hal_sram.o(.rev16_text), (4 bytes).
    Removing stm32f1xx_hal_sram.o(.revsh_text), (4 bytes).
    Removing stm32f1xx_hal_sram.o(.rrx_text), (6 bytes).
    Removing stm32f1xx_hal_sram.o(i.HAL_SRAM_DMA_XferCpltCallback), (2 bytes).
    Removing stm32f1xx_hal_sram.o(i.HAL_SRAM_DMA_XferErrorCallback), (2 bytes).
    Removing stm32f1xx_hal_sram.o(i.HAL_SRAM_DeInit), (34 bytes).
    Removing stm32f1xx_hal_sram.o(i.HAL_SRAM_GetState), (8 bytes).
    Removing stm32f1xx_hal_sram.o(i.HAL_SRAM_Init), (94 bytes).
    Removing stm32f1xx_hal_sram.o(i.HAL_SRAM_MspDeInit), (2 bytes).
    Removing stm32f1xx_hal_sram.o(i.HAL_SRAM_MspInit), (2 bytes).
    Removing stm32f1xx_hal_sram.o(i.HAL_SRAM_Read_16b), (116 bytes).
    Removing stm32f1xx_hal_sram.o(i.HAL_SRAM_Read_32b), (96 bytes).
    Removing stm32f1xx_hal_sram.o(i.HAL_SRAM_Read_8b), (96 bytes).
    Removing stm32f1xx_hal_sram.o(i.HAL_SRAM_Read_DMA), (124 bytes).
    Removing stm32f1xx_hal_sram.o(i.HAL_SRAM_WriteOperation_Disable), (72 bytes).
    Removing stm32f1xx_hal_sram.o(i.HAL_SRAM_WriteOperation_Enable), (72 bytes).
    Removing stm32f1xx_hal_sram.o(i.HAL_SRAM_Write_16b), (128 bytes).
    Removing stm32f1xx_hal_sram.o(i.HAL_SRAM_Write_32b), (88 bytes).
    Removing stm32f1xx_hal_sram.o(i.HAL_SRAM_Write_8b), (88 bytes).
    Removing stm32f1xx_hal_sram.o(i.HAL_SRAM_Write_DMA), (104 bytes).
    Removing stm32f1xx_hal_sram.o(i.SRAM_DMACplt), (32 bytes).
    Removing stm32f1xx_hal_sram.o(i.SRAM_DMACpltProt), (32 bytes).
    Removing stm32f1xx_hal_sram.o(i.SRAM_DMAError), (32 bytes).
    Removing stm32f1xx_hal_tim.o(.rev16_text), (4 bytes).
    Removing stm32f1xx_hal_tim.o(.revsh_text), (4 bytes).
    Removing stm32f1xx_hal_tim.o(.rrx_text), (6 bytes).
    Removing stm32f1xx_hal_tim.o(i.HAL_TIM_Base_DeInit), (70 bytes).
    Removing stm32f1xx_hal_tim.o(i.HAL_TIM_Base_GetState), (8 bytes).
    Removing stm32f1xx_hal_tim.o(i.HAL_TIM_Base_Init), (52 bytes).
    Removing stm32f1xx_hal_tim.o(i.HAL_TIM_Base_MspDeInit), (2 bytes).
    Removing stm32f1xx_hal_tim.o(i.HAL_TIM_Base_MspInit), (2 bytes).
    Removing stm32f1xx_hal_tim.o(i.HAL_TIM_Base_Start), (42 bytes).
    Removing stm32f1xx_hal_tim.o(i.HAL_TIM_Base_Start_DMA), (136 bytes).
    Removing stm32f1xx_hal_tim.o(i.HAL_TIM_Base_Start_IT), (42 bytes).
    Removing stm32f1xx_hal_tim.o(i.HAL_TIM_Base_Stop), (56 bytes).
    Removing stm32f1xx_hal_tim.o(i.HAL_TIM_Base_Stop_DMA), (70 bytes).
    Removing stm32f1xx_hal_tim.o(i.HAL_TIM_Base_Stop_IT), (56 bytes).
    Removing stm32f1xx_hal_tim.o(i.HAL_TIM_ConfigClockSource), (264 bytes).
    Removing stm32f1xx_hal_tim.o(i.HAL_TIM_ConfigOCrefClear), (270 bytes).
    Removing stm32f1xx_hal_tim.o(i.HAL_TIM_ConfigTI1Input), (22 bytes).
    Removing stm32f1xx_hal_tim.o(i.HAL_TIM_DMABurst_ReadStart), (488 bytes).
    Removing stm32f1xx_hal_tim.o(i.HAL_TIM_DMABurst_ReadStop), (146 bytes).
    Removing stm32f1xx_hal_tim.o(i.HAL_TIM_DMABurst_WriteStart), (488 bytes).
    Removing stm32f1xx_hal_tim.o(i.HAL_TIM_DMABurst_WriteStop), (146 bytes).
    Removing stm32f1xx_hal_tim.o(i.HAL_TIM_Encoder_DeInit), (70 bytes).
    Removing stm32f1xx_hal_tim.o(i.HAL_TIM_Encoder_GetState), (8 bytes).
    Removing stm32f1xx_hal_tim.o(i.HAL_TIM_Encoder_Init), (170 bytes).
    Removing stm32f1xx_hal_tim.o(i.HAL_TIM_Encoder_MspDeInit), (2 bytes).
    Removing stm32f1xx_hal_tim.o(i.HAL_TIM_Encoder_MspInit), (2 bytes).
    Removing stm32f1xx_hal_tim.o(i.HAL_TIM_Encoder_Start), (78 bytes).
    Removing stm32f1xx_hal_tim.o(i.HAL_TIM_Encoder_Start_DMA), (380 bytes).
    Removing stm32f1xx_hal_tim.o(i.HAL_TIM_Encoder_Start_IT), (126 bytes).
    Removing stm32f1xx_hal_tim.o(i.HAL_TIM_Encoder_Stop), (104 bytes).
    Removing stm32f1xx_hal_tim.o(i.HAL_TIM_Encoder_Stop_DMA), (176 bytes).
    Removing stm32f1xx_hal_tim.o(i.HAL_TIM_Encoder_Stop_IT), (152 bytes).
    Removing stm32f1xx_hal_tim.o(i.HAL_TIM_ErrorCallback), (2 bytes).
    Removing stm32f1xx_hal_tim.o(i.HAL_TIM_GenerateEvent), (54 bytes).
    Removing stm32f1xx_hal_tim.o(i.HAL_TIM_IC_CaptureCallback), (2 bytes).
    Removing stm32f1xx_hal_tim.o(i.HAL_TIM_IC_CaptureHalfCpltCallback), (2 bytes).
    Removing stm32f1xx_hal_tim.o(i.HAL_TIM_IC_ConfigChannel), (224 bytes).
    Removing stm32f1xx_hal_tim.o(i.HAL_TIM_IC_DeInit), (70 bytes).
    Removing stm32f1xx_hal_tim.o(i.HAL_TIM_IC_GetState), (8 bytes).
    Removing stm32f1xx_hal_tim.o(i.HAL_TIM_IC_Init), (52 bytes).
    Removing stm32f1xx_hal_tim.o(i.HAL_TIM_IC_MspDeInit), (2 bytes).
    Removing stm32f1xx_hal_tim.o(i.HAL_TIM_IC_MspInit), (2 bytes).
    Removing stm32f1xx_hal_tim.o(i.HAL_TIM_IC_Start), (44 bytes).
    Removing stm32f1xx_hal_tim.o(i.HAL_TIM_IC_Start_DMA), (332 bytes).
    Removing stm32f1xx_hal_tim.o(i.HAL_TIM_IC_Start_IT), (120 bytes).
    Removing stm32f1xx_hal_tim.o(i.HAL_TIM_IC_Stop), (58 bytes).
    Removing stm32f1xx_hal_tim.o(i.HAL_TIM_IC_Stop_DMA), (164 bytes).
    Removing stm32f1xx_hal_tim.o(i.HAL_TIM_IC_Stop_IT), (134 bytes).
    Removing stm32f1xx_hal_tim.o(i.HAL_TIM_IRQHandler), (406 bytes).
    Removing stm32f1xx_hal_tim.o(i.HAL_TIM_OC_ConfigChannel), (116 bytes).
    Removing stm32f1xx_hal_tim.o(i.HAL_TIM_OC_DeInit), (70 bytes).
    Removing stm32f1xx_hal_tim.o(i.HAL_TIM_OC_DelayElapsedCallback), (2 bytes).
    Removing stm32f1xx_hal_tim.o(i.HAL_TIM_OC_GetState), (8 bytes).
    Removing stm32f1xx_hal_tim.o(i.HAL_TIM_OC_Init), (52 bytes).
    Removing stm32f1xx_hal_tim.o(i.HAL_TIM_OC_MspDeInit), (2 bytes).
    Removing stm32f1xx_hal_tim.o(i.HAL_TIM_OC_MspInit), (2 bytes).
    Removing stm32f1xx_hal_tim.o(i.HAL_TIM_OC_Start), (88 bytes).
    Removing stm32f1xx_hal_tim.o(i.HAL_TIM_OC_Start_DMA), (376 bytes).
    Removing stm32f1xx_hal_tim.o(i.HAL_TIM_OC_Start_IT), (164 bytes).
    Removing stm32f1xx_hal_tim.o(i.HAL_TIM_OC_Stop), (128 bytes).
    Removing stm32f1xx_hal_tim.o(i.HAL_TIM_OC_Stop_DMA), (236 bytes).
    Removing stm32f1xx_hal_tim.o(i.HAL_TIM_OC_Stop_IT), (204 bytes).
    Removing stm32f1xx_hal_tim.o(i.HAL_TIM_OnePulse_ConfigChannel), (286 bytes).
    Removing stm32f1xx_hal_tim.o(i.HAL_TIM_OnePulse_DeInit), (70 bytes).
    Removing stm32f1xx_hal_tim.o(i.HAL_TIM_OnePulse_GetState), (8 bytes).
    Removing stm32f1xx_hal_tim.o(i.HAL_TIM_OnePulse_Init), (76 bytes).
    Removing stm32f1xx_hal_tim.o(i.HAL_TIM_OnePulse_MspDeInit), (2 bytes).
    Removing stm32f1xx_hal_tim.o(i.HAL_TIM_OnePulse_MspInit), (2 bytes).
    Removing stm32f1xx_hal_tim.o(i.HAL_TIM_OnePulse_Start), (76 bytes).
    Removing stm32f1xx_hal_tim.o(i.HAL_TIM_OnePulse_Start_IT), (100 bytes).
    Removing stm32f1xx_hal_tim.o(i.HAL_TIM_OnePulse_Stop), (140 bytes).
    Removing stm32f1xx_hal_tim.o(i.HAL_TIM_OnePulse_Stop_IT), (164 bytes).
    Removing stm32f1xx_hal_tim.o(i.HAL_TIM_PWM_DeInit), (70 bytes).
    Removing stm32f1xx_hal_tim.o(i.HAL_TIM_PWM_GetState), (8 bytes).
    Removing stm32f1xx_hal_tim.o(i.HAL_TIM_PWM_MspDeInit), (2 bytes).
    Removing stm32f1xx_hal_tim.o(i.HAL_TIM_PWM_PulseFinishedCallback), (2 bytes).
    Removing stm32f1xx_hal_tim.o(i.HAL_TIM_PWM_PulseFinishedHalfCpltCallback), (2 bytes).
    Removing stm32f1xx_hal_tim.o(i.HAL_TIM_PWM_Start_DMA), (376 bytes).
    Removing stm32f1xx_hal_tim.o(i.HAL_TIM_PWM_Start_IT), (164 bytes).
    Removing stm32f1xx_hal_tim.o(i.HAL_TIM_PWM_Stop), (136 bytes).
    Removing stm32f1xx_hal_tim.o(i.HAL_TIM_PWM_Stop_DMA), (236 bytes).
    Removing stm32f1xx_hal_tim.o(i.HAL_TIM_PWM_Stop_IT), (204 bytes).
    Removing stm32f1xx_hal_tim.o(i.HAL_TIM_PeriodElapsedCallback), (2 bytes).
    Removing stm32f1xx_hal_tim.o(i.HAL_TIM_PeriodElapsedHalfCpltCallback), (2 bytes).
    Removing stm32f1xx_hal_tim.o(i.HAL_TIM_ReadCapturedValue), (50 bytes).
    Removing stm32f1xx_hal_tim.o(i.HAL_TIM_SlaveConfigSynchro), (108 bytes).
    Removing stm32f1xx_hal_tim.o(i.HAL_TIM_SlaveConfigSynchro_IT), (108 bytes).
    Removing stm32f1xx_hal_tim.o(i.HAL_TIM_TriggerCallback), (2 bytes).
    Removing stm32f1xx_hal_tim.o(i.HAL_TIM_TriggerHalfCpltCallback), (2 bytes).
    Removing stm32f1xx_hal_tim.o(i.TIM_DMACaptureCplt), (70 bytes).
    Removing stm32f1xx_hal_tim.o(i.TIM_DMACaptureHalfCplt), (70 bytes).
    Removing stm32f1xx_hal_tim.o(i.TIM_DMADelayPulseCplt), (70 bytes).
    Removing stm32f1xx_hal_tim.o(i.TIM_DMADelayPulseHalfCplt), (70 bytes).
    Removing stm32f1xx_hal_tim.o(i.TIM_DMAError), (20 bytes).
    Removing stm32f1xx_hal_tim.o(i.TIM_DMAPeriodElapsedCplt), (20 bytes).
    Removing stm32f1xx_hal_tim.o(i.TIM_DMAPeriodElapsedHalfCplt), (20 bytes).
    Removing stm32f1xx_hal_tim.o(i.TIM_DMATriggerCplt), (20 bytes).
    Removing stm32f1xx_hal_tim.o(i.TIM_DMATriggerHalfCplt), (20 bytes).
    Removing stm32f1xx_hal_tim.o(i.TIM_ETR_SetConfig), (22 bytes).
    Removing stm32f1xx_hal_tim.o(i.TIM_ITRx_SetConfig), (18 bytes).
    Removing stm32f1xx_hal_tim.o(i.TIM_SlaveTimer_SetConfig), (170 bytes).
    Removing stm32f1xx_hal_tim.o(i.TIM_TI1_ConfigInputStage), (38 bytes).
    Removing stm32f1xx_hal_tim.o(i.TIM_TI1_SetConfig), (124 bytes).
    Removing stm32f1xx_hal_tim.o(i.TIM_TI2_ConfigInputStage), (40 bytes).
    Removing stm32f1xx_hal_tim.o(i.TIM_TI2_SetConfig), (58 bytes).
    Removing stm32f1xx_hal_tim.o(i.TIM_TI3_SetConfig), (56 bytes).
    Removing stm32f1xx_hal_tim.o(i.TIM_TI4_SetConfig), (60 bytes).
    Removing stm32f1xx_hal_tim_ex.o(.rev16_text), (4 bytes).
    Removing stm32f1xx_hal_tim_ex.o(.revsh_text), (4 bytes).
    Removing stm32f1xx_hal_tim_ex.o(.rrx_text), (6 bytes).
    Removing stm32f1xx_hal_tim_ex.o(i.HAL_TIMEx_BreakCallback), (2 bytes).
    Removing stm32f1xx_hal_tim_ex.o(i.HAL_TIMEx_CommutCallback), (2 bytes).
    Removing stm32f1xx_hal_tim_ex.o(i.HAL_TIMEx_CommutHalfCpltCallback), (2 bytes).
    Removing stm32f1xx_hal_tim_ex.o(i.HAL_TIMEx_ConfigBreakDeadTime), (116 bytes).
    Removing stm32f1xx_hal_tim_ex.o(i.HAL_TIMEx_ConfigCommutEvent), (134 bytes).
    Removing stm32f1xx_hal_tim_ex.o(i.HAL_TIMEx_ConfigCommutEvent_DMA), (164 bytes).
    Removing stm32f1xx_hal_tim_ex.o(i.HAL_TIMEx_ConfigCommutEvent_IT), (134 bytes).
    Removing stm32f1xx_hal_tim_ex.o(i.HAL_TIMEx_HallSensor_DeInit), (70 bytes).
    Removing stm32f1xx_hal_tim_ex.o(i.HAL_TIMEx_HallSensor_GetState), (8 bytes).
    Removing stm32f1xx_hal_tim_ex.o(i.HAL_TIMEx_HallSensor_Init), (208 bytes).
    Removing stm32f1xx_hal_tim_ex.o(i.HAL_TIMEx_HallSensor_MspDeInit), (2 bytes).
    Removing stm32f1xx_hal_tim_ex.o(i.HAL_TIMEx_HallSensor_MspInit), (2 bytes).
    Removing stm32f1xx_hal_tim_ex.o(i.HAL_TIMEx_HallSensor_Start), (42 bytes).
    Removing stm32f1xx_hal_tim_ex.o(i.HAL_TIMEx_HallSensor_Start_DMA), (144 bytes).
    Removing stm32f1xx_hal_tim_ex.o(i.HAL_TIMEx_HallSensor_Start_IT), (54 bytes).
    Removing stm32f1xx_hal_tim_ex.o(i.HAL_TIMEx_HallSensor_Stop), (56 bytes).
    Removing stm32f1xx_hal_tim_ex.o(i.HAL_TIMEx_HallSensor_Stop_DMA), (74 bytes).
    Removing stm32f1xx_hal_tim_ex.o(i.HAL_TIMEx_HallSensor_Stop_IT), (68 bytes).
    Removing stm32f1xx_hal_tim_ex.o(i.HAL_TIMEx_MasterConfigSynchronization), (84 bytes).
    Removing stm32f1xx_hal_tim_ex.o(i.HAL_TIMEx_OCN_Start), (56 bytes).
    Removing stm32f1xx_hal_tim_ex.o(i.HAL_TIMEx_OCN_Start_DMA), (288 bytes).
    Removing stm32f1xx_hal_tim_ex.o(i.HAL_TIMEx_OCN_Start_IT), (126 bytes).
    Removing stm32f1xx_hal_tim_ex.o(i.HAL_TIMEx_OCN_Stop), (96 bytes).
    Removing stm32f1xx_hal_tim_ex.o(i.HAL_TIMEx_OCN_Stop_DMA), (178 bytes).
    Removing stm32f1xx_hal_tim_ex.o(i.HAL_TIMEx_OCN_Stop_IT), (178 bytes).
    Removing stm32f1xx_hal_tim_ex.o(i.HAL_TIMEx_OnePulseN_Start), (32 bytes).
    Removing stm32f1xx_hal_tim_ex.o(i.HAL_TIMEx_OnePulseN_Start_IT), (56 bytes).
    Removing stm32f1xx_hal_tim_ex.o(i.HAL_TIMEx_OnePulseN_Stop), (96 bytes).
    Removing stm32f1xx_hal_tim_ex.o(i.HAL_TIMEx_OnePulseN_Stop_IT), (120 bytes).
    Removing stm32f1xx_hal_tim_ex.o(i.HAL_TIMEx_PWMN_Start), (56 bytes).
    Removing stm32f1xx_hal_tim_ex.o(i.HAL_TIMEx_PWMN_Start_DMA), (288 bytes).
    Removing stm32f1xx_hal_tim_ex.o(i.HAL_TIMEx_PWMN_Start_IT), (126 bytes).
    Removing stm32f1xx_hal_tim_ex.o(i.HAL_TIMEx_PWMN_Stop), (96 bytes).
    Removing stm32f1xx_hal_tim_ex.o(i.HAL_TIMEx_PWMN_Stop_DMA), (178 bytes).
    Removing stm32f1xx_hal_tim_ex.o(i.HAL_TIMEx_PWMN_Stop_IT), (178 bytes).
    Removing stm32f1xx_hal_tim_ex.o(i.HAL_TIMEx_RemapConfig), (6 bytes).
    Removing stm32f1xx_hal_tim_ex.o(i.TIMEx_DMACommutationCplt), (20 bytes).
    Removing stm32f1xx_hal_tim_ex.o(i.TIMEx_DMACommutationHalfCplt), (20 bytes).
    Removing stm32f1xx_hal_tim_ex.o(i.TIM_CCxNChannelCmd), (34 bytes).
    Removing stm32f1xx_hal_uart.o(.rev16_text), (4 bytes).
    Removing stm32f1xx_hal_uart.o(.revsh_text), (4 bytes).
    Removing stm32f1xx_hal_uart.o(.rrx_text), (6 bytes).
    Removing stm32f1xx_hal_uart.o(i.HAL_HalfDuplex_EnableReceiver), (68 bytes).
    Removing stm32f1xx_hal_uart.o(i.HAL_HalfDuplex_EnableTransmitter), (68 bytes).
    Removing stm32f1xx_hal_uart.o(i.HAL_HalfDuplex_Init), (118 bytes).
    Removing stm32f1xx_hal_uart.o(i.HAL_LIN_Init), (142 bytes).
    Removing stm32f1xx_hal_uart.o(i.HAL_LIN_SendBreak), (62 bytes).
    Removing stm32f1xx_hal_uart.o(i.HAL_MultiProcessor_EnterMuteMode), (62 bytes).
    Removing stm32f1xx_hal_uart.o(i.HAL_MultiProcessor_ExitMuteMode), (62 bytes).
    Removing stm32f1xx_hal_uart.o(i.HAL_MultiProcessor_Init), (154 bytes).
    Removing stm32f1xx_hal_uart.o(i.HAL_UART_Abort), (166 bytes).
    Removing stm32f1xx_hal_uart.o(i.HAL_UART_AbortCpltCallback), (2 bytes).
    Removing stm32f1xx_hal_uart.o(i.HAL_UART_AbortReceive), (100 bytes).
    Removing stm32f1xx_hal_uart.o(i.HAL_UART_AbortReceiveCpltCallback), (2 bytes).
    Removing stm32f1xx_hal_uart.o(i.HAL_UART_AbortReceive_IT), (120 bytes).
    Removing stm32f1xx_hal_uart.o(i.HAL_UART_AbortTransmit), (88 bytes).
    Removing stm32f1xx_hal_uart.o(i.HAL_UART_AbortTransmitCpltCallback), (2 bytes).
    Removing stm32f1xx_hal_uart.o(i.HAL_UART_AbortTransmit_IT), (108 bytes).
    Removing stm32f1xx_hal_uart.o(i.HAL_UART_Abort_IT), (216 bytes).
    Removing stm32f1xx_hal_uart.o(i.HAL_UART_DMAPause), (124 bytes).
    Removing stm32f1xx_hal_uart.o(i.HAL_UART_DMAResume), (126 bytes).
    Removing stm32f1xx_hal_uart.o(i.HAL_UART_DMAStop), (102 bytes).
    Removing stm32f1xx_hal_uart.o(i.HAL_UART_DeInit), (58 bytes).
    Removing stm32f1xx_hal_uart.o(i.HAL_UART_GetError), (6 bytes).
    Removing stm32f1xx_hal_uart.o(i.HAL_UART_GetState), (20 bytes).
    Removing stm32f1xx_hal_uart.o(i.HAL_UART_Init), (114 bytes).
    Removing stm32f1xx_hal_uart.o(i.HAL_UART_MspDeInit), (2 bytes).
    Removing stm32f1xx_hal_uart.o(i.HAL_UART_MspInit), (2 bytes).
    Removing stm32f1xx_hal_uart.o(i.HAL_UART_Receive), (222 bytes).
    Removing stm32f1xx_hal_uart.o(i.HAL_UART_Receive_DMA), (196 bytes).
    Removing stm32f1xx_hal_uart.o(i.HAL_UART_Receive_IT), (112 bytes).
    Removing stm32f1xx_hal_uart.o(i.HAL_UART_RxHalfCpltCallback), (2 bytes).
    Removing stm32f1xx_hal_uart.o(i.HAL_UART_Transmit), (214 bytes).
    Removing stm32f1xx_hal_uart.o(i.HAL_UART_Transmit_DMA), (156 bytes).
    Removing stm32f1xx_hal_uart.o(i.HAL_UART_Transmit_IT), (88 bytes).
    Removing stm32f1xx_hal_uart.o(i.HAL_UART_TxHalfCpltCallback), (2 bytes).
    Removing stm32f1xx_hal_uart.o(i.UART_DMAError), (80 bytes).
    Removing stm32f1xx_hal_uart.o(i.UART_DMAReceiveCplt), (70 bytes).
    Removing stm32f1xx_hal_uart.o(i.UART_DMARxAbortCallback), (52 bytes).
    Removing stm32f1xx_hal_uart.o(i.UART_DMARxHalfCplt), (14 bytes).
    Removing stm32f1xx_hal_uart.o(i.UART_DMARxOnlyAbortCallback), (24 bytes).
    Removing stm32f1xx_hal_uart.o(i.UART_DMATransmitCplt), (54 bytes).
    Removing stm32f1xx_hal_uart.o(i.UART_DMATxAbortCallback), (52 bytes).
    Removing stm32f1xx_hal_uart.o(i.UART_DMATxHalfCplt), (14 bytes).
    Removing stm32f1xx_hal_uart.o(i.UART_DMATxOnlyAbortCallback), (24 bytes).
    Removing stm32f1xx_hal_uart.o(i.UART_EndTxTransfer), (20 bytes).
    Removing stm32f1xx_hal_uart.o(i.UART_SetConfig), (416 bytes).
    Removing stm32f1xx_hal_uart.o(i.UART_WaitOnFlagUntilTimeout), (108 bytes).
    Removing stm32f1xx_hal_usart.o(.rev16_text), (4 bytes).
    Removing stm32f1xx_hal_usart.o(.revsh_text), (4 bytes).
    Removing stm32f1xx_hal_usart.o(.rrx_text), (6 bytes).
    Removing stm32f1xx_hal_usart.o(i.HAL_USART_Abort), (122 bytes).
    Removing stm32f1xx_hal_usart.o(i.HAL_USART_AbortCpltCallback), (2 bytes).
    Removing stm32f1xx_hal_usart.o(i.HAL_USART_Abort_IT), (212 bytes).
    Removing stm32f1xx_hal_usart.o(i.HAL_USART_DMAPause), (50 bytes).
    Removing stm32f1xx_hal_usart.o(i.HAL_USART_DMAResume), (50 bytes).
    Removing stm32f1xx_hal_usart.o(i.HAL_USART_DMAStop), (102 bytes).
    Removing stm32f1xx_hal_usart.o(i.HAL_USART_DeInit), (54 bytes).
    Removing stm32f1xx_hal_usart.o(i.HAL_USART_ErrorCallback), (2 bytes).
    Removing stm32f1xx_hal_usart.o(i.HAL_USART_GetError), (6 bytes).
    Removing stm32f1xx_hal_usart.o(i.HAL_USART_GetState), (8 bytes).
    Removing stm32f1xx_hal_usart.o(i.HAL_USART_IRQHandler), (384 bytes).
    Removing stm32f1xx_hal_usart.o(i.HAL_USART_Init), (90 bytes).
    Removing stm32f1xx_hal_usart.o(i.HAL_USART_MspDeInit), (2 bytes).
    Removing stm32f1xx_hal_usart.o(i.HAL_USART_MspInit), (2 bytes).
    Removing stm32f1xx_hal_usart.o(i.HAL_USART_Receive), (278 bytes).
    Removing stm32f1xx_hal_usart.o(i.HAL_USART_Receive_DMA), (248 bytes).
    Removing stm32f1xx_hal_usart.o(i.HAL_USART_Receive_IT), (108 bytes).
    Removing stm32f1xx_hal_usart.o(i.HAL_USART_RxCpltCallback), (2 bytes).
    Removing stm32f1xx_hal_usart.o(i.HAL_USART_RxHalfCpltCallback), (2 bytes).
    Removing stm32f1xx_hal_usart.o(i.HAL_USART_Transmit), (214 bytes).
    Removing stm32f1xx_hal_usart.o(i.HAL_USART_TransmitReceive), (320 bytes).
    Removing stm32f1xx_hal_usart.o(i.HAL_USART_TransmitReceive_DMA), (268 bytes).
    Removing stm32f1xx_hal_usart.o(i.HAL_USART_TransmitReceive_IT), (132 bytes).
    Removing stm32f1xx_hal_usart.o(i.HAL_USART_Transmit_DMA), (156 bytes).
    Removing stm32f1xx_hal_usart.o(i.HAL_USART_Transmit_IT), (88 bytes).
    Removing stm32f1xx_hal_usart.o(i.HAL_USART_TxCpltCallback), (2 bytes).
    Removing stm32f1xx_hal_usart.o(i.HAL_USART_TxHalfCpltCallback), (2 bytes).
    Removing stm32f1xx_hal_usart.o(i.HAL_USART_TxRxCpltCallback), (2 bytes).
    Removing stm32f1xx_hal_usart.o(i.USART_DMAAbortOnError), (20 bytes).
    Removing stm32f1xx_hal_usart.o(i.USART_DMAError), (84 bytes).
    Removing stm32f1xx_hal_usart.o(i.USART_DMAReceiveCplt), (122 bytes).
    Removing stm32f1xx_hal_usart.o(i.USART_DMARxAbortCallback), (48 bytes).
    Removing stm32f1xx_hal_usart.o(i.USART_DMARxHalfCplt), (14 bytes).
    Removing stm32f1xx_hal_usart.o(i.USART_DMATransmitCplt), (70 bytes).
    Removing stm32f1xx_hal_usart.o(i.USART_DMATxAbortCallback), (48 bytes).
    Removing stm32f1xx_hal_usart.o(i.USART_DMATxHalfCplt), (14 bytes).
    Removing stm32f1xx_hal_usart.o(i.USART_EndRxTransfer), (32 bytes).
    Removing stm32f1xx_hal_usart.o(i.USART_EndTransmit_IT), (44 bytes).
    Removing stm32f1xx_hal_usart.o(i.USART_EndTxTransfer), (20 bytes).
    Removing stm32f1xx_hal_usart.o(i.USART_Receive_IT), (194 bytes).
    Removing stm32f1xx_hal_usart.o(i.USART_SetConfig), (444 bytes).
    Removing stm32f1xx_hal_usart.o(i.USART_TransmitReceive_IT), (270 bytes).
    Removing stm32f1xx_hal_usart.o(i.USART_Transmit_IT), (104 bytes).
    Removing stm32f1xx_hal_usart.o(i.USART_WaitOnFlagUntilTimeout), (128 bytes).
    Removing stm32f1xx_hal_wwdg.o(.rev16_text), (4 bytes).
    Removing stm32f1xx_hal_wwdg.o(.revsh_text), (4 bytes).
    Removing stm32f1xx_hal_wwdg.o(.rrx_text), (6 bytes).
    Removing stm32f1xx_hal_wwdg.o(i.HAL_WWDG_EarlyWakeupCallback), (2 bytes).
    Removing stm32f1xx_hal_wwdg.o(i.HAL_WWDG_IRQHandler), (40 bytes).
    Removing stm32f1xx_hal_wwdg.o(i.HAL_WWDG_Init), (44 bytes).
    Removing stm32f1xx_hal_wwdg.o(i.HAL_WWDG_MspInit), (2 bytes).
    Removing stm32f1xx_hal_wwdg.o(i.HAL_WWDG_Refresh), (12 bytes).
    Removing stm32f1xx_ll_fsmc.o(.rev16_text), (4 bytes).
    Removing stm32f1xx_ll_fsmc.o(.revsh_text), (4 bytes).
    Removing stm32f1xx_ll_fsmc.o(.rrx_text), (6 bytes).
    Removing stm32f1xx_ll_fsmc.o(i.FSMC_NAND_AttributeSpace_Timing_Init), (62 bytes).
    Removing stm32f1xx_ll_fsmc.o(i.FSMC_NAND_CommonSpace_Timing_Init), (62 bytes).
    Removing stm32f1xx_ll_fsmc.o(i.FSMC_NAND_DeInit), (66 bytes).
    Removing stm32f1xx_ll_fsmc.o(i.FSMC_NAND_ECC_Disable), (28 bytes).
    Removing stm32f1xx_ll_fsmc.o(i.FSMC_NAND_ECC_Enable), (28 bytes).
    Removing stm32f1xx_ll_fsmc.o(i.FSMC_NAND_GetECC), (84 bytes).
    Removing stm32f1xx_ll_fsmc.o(i.FSMC_NAND_Init), (100 bytes).
    Removing stm32f1xx_ll_fsmc.o(i.FSMC_NORSRAM_DeInit), (56 bytes).
    Removing stm32f1xx_ll_fsmc.o(i.FSMC_NORSRAM_Extended_Timing_Init), (68 bytes).
    Removing stm32f1xx_ll_fsmc.o(i.FSMC_NORSRAM_Init), (112 bytes).
    Removing stm32f1xx_ll_fsmc.o(i.FSMC_NORSRAM_Timing_Init), (66 bytes).
    Removing stm32f1xx_ll_fsmc.o(i.FSMC_NORSRAM_WriteOperation_Disable), (18 bytes).
    Removing stm32f1xx_ll_fsmc.o(i.FSMC_NORSRAM_WriteOperation_Enable), (18 bytes).
    Removing stm32f1xx_ll_fsmc.o(i.FSMC_PCCARD_AttributeSpace_Timing_Init), (30 bytes).
    Removing stm32f1xx_ll_fsmc.o(i.FSMC_PCCARD_CommonSpace_Timing_Init), (30 bytes).
    Removing stm32f1xx_ll_fsmc.o(i.FSMC_PCCARD_DeInit), (32 bytes).
    Removing stm32f1xx_ll_fsmc.o(i.FSMC_PCCARD_IOSpace_Timing_Init), (30 bytes).
    Removing stm32f1xx_ll_fsmc.o(i.FSMC_PCCARD_Init), (40 bytes).
    Removing stm32f1xx_ll_sdmmc.o(.rev16_text), (4 bytes).
    Removing stm32f1xx_ll_sdmmc.o(.revsh_text), (4 bytes).
    Removing stm32f1xx_ll_sdmmc.o(.rrx_text), (6 bytes).
    Removing stm32f1xx_ll_sdmmc.o(i.SDIO_ConfigData), (44 bytes).
    Removing stm32f1xx_ll_sdmmc.o(i.SDIO_GetCommandResponse), (8 bytes).
    Removing stm32f1xx_ll_sdmmc.o(i.SDIO_GetDataCounter), (6 bytes).
    Removing stm32f1xx_ll_sdmmc.o(i.SDIO_GetFIFOCount), (8 bytes).
    Removing stm32f1xx_ll_sdmmc.o(i.SDIO_GetPowerState), (10 bytes).
    Removing stm32f1xx_ll_sdmmc.o(i.SDIO_GetResponse), (12 bytes).
    Removing stm32f1xx_ll_sdmmc.o(i.SDIO_Init), (52 bytes).
    Removing stm32f1xx_ll_sdmmc.o(i.SDIO_PowerState_OFF), (8 bytes).
    Removing stm32f1xx_ll_sdmmc.o(i.SDIO_PowerState_ON), (18 bytes).
    Removing stm32f1xx_ll_sdmmc.o(i.SDIO_ReadFIFO), (8 bytes).
    Removing stm32f1xx_ll_sdmmc.o(i.SDIO_SendCommand), (40 bytes).
    Removing stm32f1xx_ll_sdmmc.o(i.SDIO_SetSDMMCReadWaitMode), (16 bytes).
    Removing stm32f1xx_ll_sdmmc.o(i.SDIO_WriteFIFO), (12 bytes).
    Removing stm32f1xx_ll_sdmmc.o(i.SDMMC_CmdAppCommand), (56 bytes).
    Removing stm32f1xx_ll_sdmmc.o(i.SDMMC_CmdAppOperCommand), (60 bytes).
    Removing stm32f1xx_ll_sdmmc.o(i.SDMMC_CmdBlockLength), (56 bytes).
    Removing stm32f1xx_ll_sdmmc.o(i.SDMMC_CmdBusWidth), (56 bytes).
    Removing stm32f1xx_ll_sdmmc.o(i.SDMMC_CmdErase), (56 bytes).
    Removing stm32f1xx_ll_sdmmc.o(i.SDMMC_CmdEraseEndAdd), (56 bytes).
    Removing stm32f1xx_ll_sdmmc.o(i.SDMMC_CmdEraseStartAdd), (56 bytes).
    Removing stm32f1xx_ll_sdmmc.o(i.SDMMC_CmdGoIdleState), (44 bytes).
    Removing stm32f1xx_ll_sdmmc.o(i.SDMMC_CmdOpCondition), (50 bytes).
    Removing stm32f1xx_ll_sdmmc.o(i.SDMMC_CmdOperCond), (52 bytes).
    Removing stm32f1xx_ll_sdmmc.o(i.SDMMC_CmdReadMultiBlock), (56 bytes).
    Removing stm32f1xx_ll_sdmmc.o(i.SDMMC_CmdReadSingleBlock), (56 bytes).
    Removing stm32f1xx_ll_sdmmc.o(i.SDMMC_CmdSDEraseEndAdd), (56 bytes).
    Removing stm32f1xx_ll_sdmmc.o(i.SDMMC_CmdSDEraseStartAdd), (56 bytes).
    Removing stm32f1xx_ll_sdmmc.o(i.SDMMC_CmdSelDesel), (58 bytes).
    Removing stm32f1xx_ll_sdmmc.o(i.SDMMC_CmdSendCID), (50 bytes).
    Removing stm32f1xx_ll_sdmmc.o(i.SDMMC_CmdSendCSD), (50 bytes).
    Removing stm32f1xx_ll_sdmmc.o(i.SDMMC_CmdSendSCR), (56 bytes).
    Removing stm32f1xx_ll_sdmmc.o(i.SDMMC_CmdSendStatus), (56 bytes).
    Removing stm32f1xx_ll_sdmmc.o(i.SDMMC_CmdSetRelAdd), (56 bytes).
    Removing stm32f1xx_ll_sdmmc.o(i.SDMMC_CmdStatusRegister), (56 bytes).
    Removing stm32f1xx_ll_sdmmc.o(i.SDMMC_CmdStopTransfer), (60 bytes).
    Removing stm32f1xx_ll_sdmmc.o(i.SDMMC_CmdSwitch), (56 bytes).
    Removing stm32f1xx_ll_sdmmc.o(i.SDMMC_CmdWriteMultiBlock), (56 bytes).
    Removing stm32f1xx_ll_sdmmc.o(i.SDMMC_CmdWriteSingleBlock), (56 bytes).
    Removing stm32f1xx_ll_sdmmc.o(i.SDMMC_GetCmdError), (64 bytes).
    Removing stm32f1xx_ll_sdmmc.o(i.SDMMC_GetCmdResp1), (428 bytes).
    Removing stm32f1xx_ll_sdmmc.o(i.SDMMC_GetCmdResp2), (100 bytes).
    Removing stm32f1xx_ll_sdmmc.o(i.SDMMC_GetCmdResp3), (88 bytes).
    Removing stm32f1xx_ll_sdmmc.o(i.SDMMC_GetCmdResp6), (184 bytes).
    Removing stm32f1xx_ll_sdmmc.o(i.SDMMC_GetCmdResp7), (108 bytes).
    Removing stm32f1xx_ll_usb.o(.rev16_text), (4 bytes).
    Removing stm32f1xx_ll_usb.o(.revsh_text), (4 bytes).
    Removing stm32f1xx_ll_usb.o(.rrx_text), (6 bytes).
    Removing stm32f1xx_ll_usb.o(i.USB_ActivateEndpoint), (1174 bytes).
    Removing stm32f1xx_ll_usb.o(i.USB_ActivateRemoteWakeup), (18 bytes).
    Removing stm32f1xx_ll_usb.o(i.USB_ClearInterrupts), (2 bytes).
    Removing stm32f1xx_ll_usb.o(i.USB_CoreInit), (8 bytes).
    Removing stm32f1xx_ll_usb.o(i.USB_DeActivateRemoteWakeup), (18 bytes).
    Removing stm32f1xx_ll_usb.o(i.USB_DeactivateEndpoint), (636 bytes).
    Removing stm32f1xx_ll_usb.o(i.USB_DevConnect), (6 bytes).
    Removing stm32f1xx_ll_usb.o(i.USB_DevDisconnect), (6 bytes).
    Removing stm32f1xx_ll_usb.o(i.USB_DevInit), (30 bytes).
    Removing stm32f1xx_ll_usb.o(i.USB_DisableGlobalInt), (20 bytes).
    Removing stm32f1xx_ll_usb.o(i.USB_EP0_OutStart), (6 bytes).
    Removing stm32f1xx_ll_usb.o(i.USB_EPClearStall), (218 bytes).
    Removing stm32f1xx_ll_usb.o(i.USB_EPSetStall), (92 bytes).
    Removing stm32f1xx_ll_usb.o(i.USB_EPStartXfer), (1108 bytes).
    Removing stm32f1xx_ll_usb.o(i.USB_EnableGlobalInt), (20 bytes).
    Removing stm32f1xx_ll_usb.o(i.USB_FlushRxFifo), (6 bytes).
    Removing stm32f1xx_ll_usb.o(i.USB_FlushTxFifo), (6 bytes).
    Removing stm32f1xx_ll_usb.o(i.USB_ReadDevAllInEpInterrupt), (6 bytes).
    Removing stm32f1xx_ll_usb.o(i.USB_ReadDevAllOutEpInterrupt), (6 bytes).
    Removing stm32f1xx_ll_usb.o(i.USB_ReadDevInEPInterrupt), (6 bytes).
    Removing stm32f1xx_ll_usb.o(i.USB_ReadDevOutEPInterrupt), (6 bytes).
    Removing stm32f1xx_ll_usb.o(i.USB_ReadInterrupts), (8 bytes).
    Removing stm32f1xx_ll_usb.o(i.USB_ReadPMA), (74 bytes).
    Removing stm32f1xx_ll_usb.o(i.USB_ReadPacket), (6 bytes).
    Removing stm32f1xx_ll_usb.o(i.USB_SetCurrentMode), (6 bytes).
    Removing stm32f1xx_ll_usb.o(i.USB_SetDevAddress), (14 bytes).
    Removing stm32f1xx_ll_usb.o(i.USB_SetDevSpeed), (6 bytes).
    Removing stm32f1xx_ll_usb.o(i.USB_StopDevice), (22 bytes).
    Removing stm32f1xx_ll_usb.o(i.USB_WritePMA), (66 bytes).
    Removing stm32f1xx_ll_usb.o(i.USB_WritePacket), (8 bytes).
    Removing main.o(.rev16_text), (4 bytes).
    Removing main.o(.revsh_text), (4 bytes).
    Removing main.o(.rrx_text), (6 bytes).
    Removing stm32f1xx_it.o(.rev16_text), (4 bytes).
    Removing stm32f1xx_it.o(.revsh_text), (4 bytes).
    Removing stm32f1xx_it.o(.rrx_text), (6 bytes).
    Removing bsp_led.o(.rev16_text), (4 bytes).
    Removing bsp_led.o(.revsh_text), (4 bytes).
    Removing bsp_led.o(.rrx_text), (6 bytes).
    Removing bsp_led.o(i.LED_GPIO_Config), (216 bytes).
    Removing bsp_key.o(.rev16_text), (4 bytes).
    Removing bsp_key.o(.revsh_text), (4 bytes).
    Removing bsp_key.o(.rrx_text), (6 bytes).
    Removing bsp_motor_control.o(.rev16_text), (4 bytes).
    Removing bsp_motor_control.o(.revsh_text), (4 bytes).
    Removing bsp_motor_control.o(.rrx_text), (6 bytes).
    Removing bsp_motor_control.o(i.set_motor_direction), (60 bytes).
    Removing bsp_motor_control.o(i.set_motor_disable), (40 bytes).
    Removing bsp_debug_usart.o(.rev16_text), (4 bytes).
    Removing bsp_debug_usart.o(.revsh_text), (4 bytes).
    Removing bsp_debug_usart.o(.rrx_text), (6 bytes).
    Removing bsp_debug_usart.o(i.DEBUG_USART_Config), (60 bytes).
    Removing bsp_debug_usart.o(i.HAL_UART_MspInit), (200 bytes).
    Removing bsp_debug_usart.o(i.Usart_SendString), (36 bytes).
    Removing bsp_debug_usart.o(i.fgetc), (28 bytes).
    Removing bsp_debug_usart.o(i.fputc), (28 bytes).
    Removing bsp_motor_tim.o(.rev16_text), (4 bytes).
    Removing bsp_motor_tim.o(.revsh_text), (4 bytes).
    Removing bsp_motor_tim.o(.rrx_text), (6 bytes).

1181 unused section(s) (total 111682 bytes) removed from the image.
